Archive member included to satisfy reference by file (symbol)

d:/coocox/toolchain/bin/../lib/gcc/arm-none-eabi/5.2.1/../../../../arm-none-eabi/lib/armv7-m\libg.a(lib_a-malloc.o)
                              ..\obj\usbd_conf.o (free)
d:/coocox/toolchain/bin/../lib/gcc/arm-none-eabi/5.2.1/../../../../arm-none-eabi/lib/armv7-m\libg.a(lib_a-mallocr.o)
                              d:/coocox/toolchain/bin/../lib/gcc/arm-none-eabi/5.2.1/../../../../arm-none-eabi/lib/armv7-m\libg.a(lib_a-malloc.o) (_malloc_r)
d:/coocox/toolchain/bin/../lib/gcc/arm-none-eabi/5.2.1/../../../../arm-none-eabi/lib/armv7-m\libg.a(lib_a-memcpy.o)
                              ..\obj\queue.o (memcpy)
d:/coocox/toolchain/bin/../lib/gcc/arm-none-eabi/5.2.1/../../../../arm-none-eabi/lib/armv7-m\libg.a(lib_a-memset.o)
                              ..\obj\tasks.o (memset)
d:/coocox/toolchain/bin/../lib/gcc/arm-none-eabi/5.2.1/../../../../arm-none-eabi/lib/armv7-m\libg.a(lib_a-mlock.o)
                              d:/coocox/toolchain/bin/../lib/gcc/arm-none-eabi/5.2.1/../../../../arm-none-eabi/lib/armv7-m\libg.a(lib_a-mallocr.o) (__malloc_lock)
d:/coocox/toolchain/bin/../lib/gcc/arm-none-eabi/5.2.1/../../../../arm-none-eabi/lib/armv7-m\libg.a(lib_a-sbrkr.o)
                              d:/coocox/toolchain/bin/../lib/gcc/arm-none-eabi/5.2.1/../../../../arm-none-eabi/lib/armv7-m\libg.a(lib_a-mallocr.o) (_sbrk_r)
d:/coocox/toolchain/bin/../lib/gcc/arm-none-eabi/5.2.1/../../../../arm-none-eabi/lib/armv7-m\libg.a(lib_a-freer.o)
                              d:/coocox/toolchain/bin/../lib/gcc/arm-none-eabi/5.2.1/../../../../arm-none-eabi/lib/armv7-m\libg.a(lib_a-malloc.o) (_free_r)
d:/coocox/toolchain/bin/../lib/gcc/arm-none-eabi/5.2.1/../../../../arm-none-eabi/lib/armv7-m\libg.a(lib_a-reent.o)
                              d:/coocox/toolchain/bin/../lib/gcc/arm-none-eabi/5.2.1/../../../../arm-none-eabi/lib/armv7-m\libg.a(lib_a-sbrkr.o) (errno)

Allocating common symbols
Common symbol       size              file

hUsbDeviceFS        0x224             ..\obj\usb_device.o
defaultTaskHandle   0x4               ..\obj\main.o
hUsbDevice_0        0x4               ..\obj\usbd_cdc_if.o
htim4               0x3c              ..\obj\main.o
errno               0x4               d:/coocox/toolchain/bin/../lib/gcc/arm-none-eabi/5.2.1/../../../../arm-none-eabi/lib/armv7-m\libg.a(lib_a-reent.o)
hiwdg               0x10              ..\obj\main.o
hcrc                0x8               ..\obj\main.o
InputFromUsbHandle  0x4               ..\obj\main.o
TaskLedFlashHandle  0x4               ..\obj\main.o
xQueueRegistry      0x40              ..\obj\queue.o
TaskUsbWriteHandle  0x4               ..\obj\main.o
pFlash              0x20              ..\obj\stm32f1xx_hal_flash.o
UserRxBufferFS      0x80              ..\obj\usbd_cdc_if.o
htim3               0x3c              ..\obj\main.o
TaskUsbReadHandle   0x4               ..\obj\main.o
hadc1               0x30              ..\obj\main.o
UserTxBufferFS      0x80              ..\obj\usbd_cdc_if.o
hdma_adc1           0x38              ..\obj\main.o
SemUsbReadHandle    0x4               ..\obj\main.o
hrtc                0x14              ..\obj\main.o
SemUsbWriteHandle   0x4               ..\obj\main.o
htim2               0x3c              ..\obj\main.o
hpcd_USB_FS         0x420             ..\obj\usbd_conf.o
USBD_StrDesc        0x200             ..\obj\usbd_desc.o

Discarded input sections

 .text          0x00000000        0x0 ..\obj\stm32f1xx_hal_rcc_ex.o
 .data          0x00000000        0x0 ..\obj\stm32f1xx_hal_rcc_ex.o
 .bss           0x00000000        0x0 ..\obj\stm32f1xx_hal_rcc_ex.o
 .text.HAL_RCCEx_GetPeriphCLKConfig
                0x00000000       0x24 ..\obj\stm32f1xx_hal_rcc_ex.o
 .text          0x00000000        0x0 ..\obj\stm32f1xx_hal_pwr.o
 .data          0x00000000        0x0 ..\obj\stm32f1xx_hal_pwr.o
 .bss           0x00000000        0x0 ..\obj\stm32f1xx_hal_pwr.o
 .text.PWR_OverloadWfe
                0x00000000        0x8 ..\obj\stm32f1xx_hal_pwr.o
 .text.HAL_PWR_DeInit
                0x00000000       0x18 ..\obj\stm32f1xx_hal_pwr.o
 .text.HAL_PWR_DisableBkUpAccess
                0x00000000       0x1c ..\obj\stm32f1xx_hal_pwr.o
 .text.HAL_PWR_ConfigPVD
                0x00000000       0x78 ..\obj\stm32f1xx_hal_pwr.o
 .text.HAL_PWR_EnablePVD
                0x00000000       0x1c ..\obj\stm32f1xx_hal_pwr.o
 .text.HAL_PWR_DisablePVD
                0x00000000       0x1c ..\obj\stm32f1xx_hal_pwr.o
 .text.HAL_PWR_EnableWakeUpPin
                0x00000000       0x18 ..\obj\stm32f1xx_hal_pwr.o
 .text.HAL_PWR_DisableWakeUpPin
                0x00000000       0x18 ..\obj\stm32f1xx_hal_pwr.o
 .text.HAL_PWR_EnterSLEEPMode
                0x00000000       0x20 ..\obj\stm32f1xx_hal_pwr.o
 .text.HAL_PWR_EnterSTOPMode
                0x00000000       0x48 ..\obj\stm32f1xx_hal_pwr.o
 .text.HAL_PWR_EnterSTANDBYMode
                0x00000000       0x20 ..\obj\stm32f1xx_hal_pwr.o
 .text.HAL_PWR_EnableSleepOnExit
[...]
Memory Configuration

Name             Origin             Length             Attributes
rom              0x08000000         0x00010000         xr
ram              0x20000000         0x00005000         xrw
*default*        0x00000000         0xffffffff

Linker script and memory map

                0x20005000                _eram = 0x20005000

.text           0x08000000     0x62e8
 *(.isr_vector)
 .isr_vector    0x08000000      0x10c ..\obj\startup_stm32f10x_md.o
                0x08000000                g_pfnVectors
 *(.text*)
 .text.HAL_RCCEx_PeriphCLKConfig
                0x0800010c      0x118 ..\obj\stm32f1xx_hal_rcc_ex.o
                0x0800010c                HAL_RCCEx_PeriphCLKConfig
 .text.HAL_RCCEx_GetPeriphCLKFreq
                0x08000224      0x11c ..\obj\stm32f1xx_hal_rcc_ex.o
                0x08000224                HAL_RCCEx_GetPeriphCLKFreq
 .text.HAL_PWR_EnableBkUpAccess
                0x08000340       0x1c ..\obj\stm32f1xx_hal_pwr.o
                0x08000340                HAL_PWR_EnableBkUpAccess
 .text.HAL_InitTick
                0x0800035c       0x28 ..\obj\stm32f1xx_hal.o
                0x0800035c                HAL_InitTick
 .text.HAL_Init
                0x08000384       0x24 ..\obj\stm32f1xx_hal.o
                0x08000384                HAL_Init
 .text.HAL_IncTick
                0x080003a8       0x10 ..\obj\stm32f1xx_hal.o
                0x080003a8                HAL_IncTick
 .text.HAL_GetTick
                0x080003b8        0xc ..\obj\stm32f1xx_hal.o
                0x080003b8                HAL_GetTick
 .text.HAL_Delay
                0x080003c4       0x1c ..\obj\stm32f1xx_hal.o
                0x080003c4                HAL_Delay
 .text.SysTick_Handler
                0x080003e0       0x10 ..\obj\stm32f1xx_it.o
                0x080003e0                SysTick_Handler
 .text.DMA1_Channel1_IRQHandler
                0x080003f0        0xc ..\obj\stm32f1xx_it.o
                0x080003f0                DMA1_Channel1_IRQHandler
 .text.USB_LP_CAN1_RX0_IRQHandler
                0x080003fc        0xc ..\obj\stm32f1xx_it.o
                0x080003fc                USB_LP_CAN1_RX0_IRQHandler
 .text.TIM2_IRQHandler
                0x08000408        0xc ..\obj\stm32f1xx_it.o
                0x08000408                TIM2_IRQHandler
 .text.HAL_NVIC_SetPriorityGrouping
                0x08000414       0x24 ..\obj\stm32f1xx_hal_cortex.o
                0x08000414                HAL_NVIC_SetPriorityGrouping
 .text.HAL_NVIC_SetPriority
                0x08000438       0x70 ..\obj\stm32f1xx_hal_cortex.o
                0x08000438                HAL_NVIC_SetPriority
 .text.HAL_NVIC_EnableIRQ
                0x080004a8       0x18 ..\obj\stm32f1xx_hal_cortex.o
                0x080004a8                HAL_NVIC_EnableIRQ
 .text.HAL_SYSTICK_Config
                0x080004c0       0x30 ..\obj\stm32f1xx_hal_cortex.o
                0x080004c0                HAL_SYSTICK_Config
 .text.HAL_SYSTICK_CLKSourceConfig
                0x080004f0       0x18 ..\obj\stm32f1xx_hal_cortex.o
                0x080004f0                HAL_SYSTICK_CLKSourceConfig
 .text.HAL_CRC_Init
                0x08000508       0x28 ..\obj\stm32f1xx_hal_crc.o
                0x08000508                HAL_CRC_Init
 .text.HAL_IWDG_Init
                0x08000530       0x58 ..\obj\stm32f1xx_hal_iwdg.o
                0x08000530                HAL_IWDG_Init
 .text.SystemInit
                0x08000588       0x50 ..\obj\system_stm32f1xx.o
                0x08000588                SystemInit
 .text.HAL_RCC_OscConfig
                0x080005d8      0x5d8 ..\obj\stm32f1xx_hal_rcc.o
                0x080005d8                HAL_RCC_OscConfig
 .text.HAL_RCC_ClockConfig
                0x08000bb0      0x1e4 ..\obj\stm32f1xx_hal_rcc.o
                0x08000bb0                HAL_RCC_ClockConfig
 .text.HAL_RCC_GetSysClockFreq
                0x08000d94       0x94 ..\obj\stm32f1xx_hal_rcc.o
                0x08000d94                HAL_RCC_GetSysClockFreq
 .text.HAL_RCC_GetHCLKFreq
                0x08000e28       0x38 ..\obj\stm32f1xx_hal_rcc.o
                0x08000e28                HAL_RCC_GetHCLKFreq
 .text.HAL_RCC_GetPCLK2Freq
                0x08000e60       0x30 ..\obj\stm32f1xx_hal_rcc.o
                0x08000e60                HAL_RCC_GetPCLK2Freq
 .text.Default_Handler
                0x08000e90        0x4 ..\obj\startup_stm32f10x_md.o
                0x08000e90                EXTI2_IRQHandler
                0x08000e90                DebugMon_Handler
                0x08000e90                TIM1_CC_IRQHandler
                0x08000e90                HardFault_Handler
                0x08000e90                PVD_IRQHandler
                0x08000e90                NMI_Handler
                0x08000e90                EXTI3_IRQHandler
                0x08000e90                EXTI0_IRQHandler
                0x08000e90                I2C2_EV_IRQHandler
                0x08000e90                UsageFault_Handler
                0x08000e90                ADC1_2_IRQHandler
                0x08000e90                SPI1_IRQHandler
                0x08000e90                TAMPER_IRQHandler
                0x08000e90                DMA1_Channel4_IRQHandler
                0x08000e90                USART3_IRQHandler
                0x08000e90                RTC_IRQHandler
                0x08000e90                DMA1_Channel7_IRQHandler
                0x08000e90                CAN1_RX1_IRQHandler
                0x08000e90                TIM4_IRQHandler
                0x08000e90                I2C1_EV_IRQHandler
                0x08000e90                DMA1_Channel6_IRQHandler
                0x08000e90                TIM3_IRQHandler
                0x08000e90                RCC_IRQHandler
                0x08000e90                TIM1_TRG_COM_IRQHandler
                0x08000e90                EXTI15_10_IRQHandler
                0x08000e90                EXTI9_5_IRQHandler
                0x08000e90                SPI2_IRQHandler
                0x08000e90                MemManage_Handler
                0x08000e90                DMA1_Channel5_IRQHandler
                0x08000e90                EXTI4_IRQHandler
                0x08000e90                USB_HP_CAN1_TX_IRQHandler
                0x08000e90                DMA1_Channel3_IRQHandler
                0x08000e90                TIM1_UP_IRQHandler
                0x08000e90                WWDG_IRQHandler
                0x08000e90                TIM1_BRK_IRQHandler
                0x08000e90                EXTI1_IRQHandler
                0x08000e90                RTCAlarm_IRQHandler
                0x08000e90                USART2_IRQHandler
                0x08000e90                I2C2_ER_IRQHandler
                0x08000e90                DMA1_Channel2_IRQHandler
                0x08000e90                CAN1_SCE_IRQHandler
                0x08000e90                FLASH_IRQHandler
                0x08000e90                BusFault_Handler
                0x08000e90                USART1_IRQHandler
                0x08000e90                I2C1_ER_IRQHandler
                0x08000e90                USBWakeUp_IRQHandler
 .text.Default_Reset_Handler
                0x08000e94       0x58 ..\obj\startup_stm32f10x_md.o
                0x08000e94                Default_Reset_Handler
                0x08000e94                Reset_Handler
 .text.HAL_ADC_ConfigChannel
                0x08000eec      0x1ac ..\obj\stm32f1xx_hal_adc.o
                0x08000eec                HAL_ADC_ConfigChannel
 .text.ADC_ConversionStop_Disable
                0x08001098       0x44 ..\obj\stm32f1xx_hal_adc.o
                0x08001098                ADC_ConversionStop_Disable
 .text.HAL_ADC_Init
                0x080010dc      0x16c ..\obj\stm32f1xx_hal_adc.o
                0x080010dc                HAL_ADC_Init
 .text.HAL_PCD_Init
                0x08001248       0xdc ..\obj\stm32f1xx_hal_pcd.o
                0x08001248                HAL_PCD_Init
 .text.HAL_PCD_Start
                0x08001324       0x30 ..\obj\stm32f1xx_hal_pcd.o
                0x08001324                HAL_PCD_Start
 .text.HAL_PCD_SetAddress
                0x08001354       0x28 ..\obj\stm32f1xx_hal_pcd.o
                0x08001354                HAL_PCD_SetAddress
 .text.HAL_PCD_EP_Open
                0x0800137c       0x4c ..\obj\stm32f1xx_hal_pcd.o
                0x0800137c                HAL_PCD_EP_Open
 .text.HAL_PCD_EP_Close
                0x080013c8       0x48 ..\obj\stm32f1xx_hal_pcd.o
                0x080013c8                HAL_PCD_EP_Close
 .text.HAL_PCD_EP_Receive
                0x08001410       0x48 ..\obj\stm32f1xx_hal_pcd.o
                0x08001410                HAL_PCD_EP_Receive
 .text.HAL_PCD_EP_GetRxCount
                0x08001458       0x10 ..\obj\stm32f1xx_hal_pcd.o
                0x08001458                HAL_PCD_EP_GetRxCount
 .text.HAL_PCD_EP_Transmit
                0x08001468       0x40 ..\obj\stm32f1xx_hal_pcd.o
                0x08001468                HAL_PCD_EP_Transmit
 .text.HAL_PCD_IRQHandler
                0x080014a8      0x56c ..\obj\stm32f1xx_hal_pcd.o
                0x080014a8                HAL_PCD_IRQHandler
 .text.HAL_PCD_EP_SetStall
                0x08001a14       0x58 ..\obj\stm32f1xx_hal_pcd.o
                0x08001a14                HAL_PCD_EP_SetStall
 .text.HAL_PCD_EP_ClrStall
                0x08001a6c       0x4c ..\obj\stm32f1xx_hal_pcd.o
                0x08001a6c                HAL_PCD_EP_ClrStall
 .text.USBD_Init
                0x08001ab8       0x2c ..\obj\usbd_core.o
                0x08001ab8                USBD_Init
 .text.USBD_RegisterClass
                0x08001ae4       0x10 ..\obj\usbd_core.o
                0x08001ae4                USBD_RegisterClass
 .text.USBD_Start
                0x08001af4        0xc ..\obj\usbd_core.o
                0x08001af4                USBD_Start
 .text.USBD_SetClassConfig
                0x08001b00       0x14 ..\obj\usbd_core.o
                0x08001b00                USBD_SetClassConfig
 .text.USBD_ClrClassConfig
                0x08001b14       0x10 ..\obj\usbd_core.o
                0x08001b14                USBD_ClrClassConfig
 .text.USBD_LL_SetupStage
                0x08001b24       0x60 ..\obj\usbd_core.o
                0x08001b24                USBD_LL_SetupStage
 .text.USBD_LL_DataOutStage
                0x08001b84       0x6c ..\obj\usbd_core.o
                0x08001b84                USBD_LL_DataOutStage
 .text.USBD_LL_DataInStage
                0x08001bf0       0xa4 ..\obj\usbd_core.o
                0x08001bf0                USBD_LL_DataInStage
 .text.USBD_LL_Reset
                0x08001c94       0x40 ..\obj\usbd_core.o
                0x08001c94                USBD_LL_Reset
 .text.USBD_LL_SetSpeed
                0x08001cd4        0x8 ..\obj\usbd_core.o
                0x08001cd4                USBD_LL_SetSpeed
 .text.USBD_LL_Suspend
                0x08001cdc       0x14 ..\obj\usbd_core.o
                0x08001cdc                USBD_LL_Suspend
 .text.USBD_LL_Resume
                0x08001cf0       0x10 ..\obj\usbd_core.o
                0x08001cf0                USBD_LL_Resume
 .text.USBD_LL_SOF
                0x08001d00       0x1c ..\obj\usbd_core.o
                0x08001d00                USBD_LL_SOF
 .text.StartDefaultTask
                0x08001d1c       0x10 ..\obj\main.o
                0x08001d1c                StartDefaultTask
 .text.UsbWrite
                0x08001d2c        0xc ..\obj\main.o
                0x08001d2c                UsbWrite
 .text.UsbRead  0x08001d38        0xc ..\obj\main.o
                0x08001d38                UsbRead
 .text.LedFlash
                0x08001d44        0xc ..\obj\main.o
                0x08001d44                LedFlash
 .text.SystemClock_Config
                0x08001d50       0x84 ..\obj\main.o
                0x08001d50                SystemClock_Config
 .text.startup.main
                0x08001dd4      0x384 ..\obj\main.o
                0x08001dd4                main
 .text.prvCheckForValidListAndQueue
                0x08002158       0x54 ..\obj\timers.o
 .text.prvInsertTimerInActiveList
                0x080021ac       0x40 ..\obj\timers.o
 .text.xTimerCreateTimerTask
                0x080021ec       0x40 ..\obj\timers.o
                0x080021ec                xTimerCreateTimerTask
 .text.xTimerGenericCommand
                0x0800222c       0x58 ..\obj\timers.o
                0x0800222c                xTimerGenericCommand
 .text.prvSwitchTimerLists
                0x08002284       0x78 ..\obj\timers.o
 .text.prvTimerTask
                0x080022fc      0x16c ..\obj\timers.o
 .text.USB_CoreInit
                0x08002468       0x10 ..\obj\stm32f1xx_ll_usb.o
                0x08002468                USB_CoreInit
 .text.USB_EnableGlobalInt
                0x08002478       0x14 ..\obj\stm32f1xx_ll_usb.o
                0x08002478                USB_EnableGlobalInt
 .text.USB_DisableGlobalInt
                0x0800248c       0x14 ..\obj\stm32f1xx_ll_usb.o
                0x0800248c                USB_DisableGlobalInt
 .text.USB_SetCurrentMode
                0x080024a0        0x4 ..\obj\stm32f1xx_ll_usb.o
                0x080024a0                USB_SetCurrentMode
 .text.USB_DevInit
                0x080024a4       0x28 ..\obj\stm32f1xx_ll_usb.o
                0x080024a4                USB_DevInit
 .text.USB_ActivateEndpoint
                0x080024cc      0x34c ..\obj\stm32f1xx_ll_usb.o
                0x080024cc                USB_ActivateEndpoint
 .text.USB_DeactivateEndpoint
                0x08002818      0x1d4 ..\obj\stm32f1xx_ll_usb.o
                0x08002818                USB_DeactivateEndpoint
 .text.USB_EPStartXfer
                0x080029ec      0x274 ..\obj\stm32f1xx_ll_usb.o
                0x080029ec                USB_EPStartXfer
 .text.USB_EPSetStall
                0x08002c60       0x74 ..\obj\stm32f1xx_ll_usb.o
                0x08002c60                USB_EPSetStall
 .text.USB_EPClearStall
                0x08002cd4       0xa0 ..\obj\stm32f1xx_ll_usb.o
                0x08002cd4                USB_EPClearStall
 .text.USB_SetDevAddress
                0x08002d74        0xc ..\obj\stm32f1xx_ll_usb.o
                0x08002d74                USB_SetDevAddress
 .text.USB_DevConnect
                0x08002d80        0x4 ..\obj\stm32f1xx_ll_usb.o
                0x08002d80                USB_DevConnect
 .text.USB_DevDisconnect
                0x08002d84        0x4 ..\obj\stm32f1xx_ll_usb.o
                0x08002d84                USB_DevDisconnect
 .text.USB_ReadInterrupts
                0x08002d88        0x8 ..\obj\stm32f1xx_ll_usb.o
                0x08002d88                USB_ReadInterrupts
 .text.USB_EP0_OutStart
                0x08002d90        0x4 ..\obj\stm32f1xx_ll_usb.o
                0x08002d90                USB_EP0_OutStart
 .text.USB_WritePMA
                0x08002d94       0x24 ..\obj\stm32f1xx_ll_usb.o
                0x08002d94                USB_WritePMA
 .text.USB_ReadPMA
                0x08002db8       0x1c ..\obj\stm32f1xx_ll_usb.o
                0x08002db8                USB_ReadPMA
 .text.prvIdleTask
                0x08002dd4       0x14 ..\obj\tasks.o
 .text.prvAddCurrentTaskToDelayedList
                0x08002de8       0x44 ..\obj\tasks.o
 .text.xTaskGenericCreate
                0x08002e2c      0x1a4 ..\obj\tasks.o
                0x08002e2c                xTaskGenericCreate
 .text.vTaskStartScheduler
                0x08002fd0       0x5c ..\obj\tasks.o
                0x08002fd0                vTaskStartScheduler
 .text.vTaskSuspendAll
                0x0800302c       0x14 ..\obj\tasks.o
                0x0800302c                vTaskSuspendAll
 .text.xTaskGetTickCount
                0x08003040        0xc ..\obj\tasks.o
                0x08003040                xTaskGetTickCount
 .text.xTaskIncrementTick
                0x0800304c      0x124 ..\obj\tasks.o
                0x0800304c                xTaskIncrementTick
 .text.xTaskResumeAll
                0x08003170       0xdc ..\obj\tasks.o
                0x08003170                xTaskResumeAll
 .text.vTaskDelay
                0x0800324c       0x64 ..\obj\tasks.o
                0x0800324c                vTaskDelay
 .text.vTaskSwitchContext
                0x080032b0       0x58 ..\obj\tasks.o
                0x080032b0                vTaskSwitchContext
 .text.vTaskPlaceOnEventList
                0x08003308       0x64 ..\obj\tasks.o
                0x08003308                vTaskPlaceOnEventList
 .text.vTaskPlaceOnEventListRestricted
                0x0800336c       0x4c ..\obj\tasks.o
                0x0800336c                vTaskPlaceOnEventListRestricted
 .text.xTaskRemoveFromEventList
                0x080033b8       0x70 ..\obj\tasks.o
                0x080033b8                xTaskRemoveFromEventList
 .text.vTaskSetTimeOutState
                0x08003428       0x20 ..\obj\tasks.o
                0x08003428                vTaskSetTimeOutState
 .text.xTaskCheckForTimeOut
                0x08003448       0x70 ..\obj\tasks.o
                0x08003448                xTaskCheckForTimeOut
 .text.vTaskMissedYield
                0x080034b8       0x10 ..\obj\tasks.o
                0x080034b8                vTaskMissedYield
 .text.xTaskGetSchedulerState
                0x080034c8       0x20 ..\obj\tasks.o
                0x080034c8                xTaskGetSchedulerState
 .text.vTaskPriorityInherit
                0x080034e8       0x9c ..\obj\tasks.o
                0x080034e8                vTaskPriorityInherit
 .text.xTaskPriorityDisinherit
                0x08003584       0x90 ..\obj\tasks.o
                0x08003584                xTaskPriorityDisinherit
 .text.pvTaskIncrementMutexHeldCount
                0x08003614       0x1c ..\obj\tasks.o
                0x08003614                pvTaskIncrementMutexHeldCount
 .text.HAL_GPIO_Init
                0x08003630      0x1d8 ..\obj\stm32f1xx_hal_gpio.o
                0x08003630                HAL_GPIO_Init
 .text.HAL_GPIO_WritePin
                0x08003808        0x8 ..\obj\stm32f1xx_hal_gpio.o
                0x08003808                HAL_GPIO_WritePin
 .text.HAL_DMA_Init
                0x08003810       0x50 ..\obj\stm32f1xx_hal_dma.o
                0x08003810                HAL_DMA_Init
 .text.HAL_DMA_IRQHandler
                0x08003860      0x3ec ..\obj\stm32f1xx_hal_dma.o
                0x08003860                HAL_DMA_IRQHandler
 .text.USBD_FS_DeviceDescriptor
                0x08003c4c        0xc ..\obj\usbd_desc.o
                0x08003c4c                USBD_FS_DeviceDescriptor
 .text.USBD_FS_LangIDStrDescriptor
                0x08003c58        0xc ..\obj\usbd_desc.o
                0x08003c58                USBD_FS_LangIDStrDescriptor
 .text.USBD_FS_ManufacturerStrDescriptor
                0x08003c64       0x1c ..\obj\usbd_desc.o
                0x08003c64                USBD_FS_ManufacturerStrDescriptor
 .text.USBD_FS_ProductStrDescriptor
                0x08003c80       0x1c ..\obj\usbd_desc.o
                0x08003c80                USBD_FS_ProductStrDescriptor
 .text.USBD_FS_SerialStrDescriptor
                0x08003c9c       0x1c ..\obj\usbd_desc.o
                0x08003c9c                USBD_FS_SerialStrDescriptor
 .text.USBD_FS_ConfigStrDescriptor
                0x08003cb8       0x1c ..\obj\usbd_desc.o
                0x08003cb8                USBD_FS_ConfigStrDescriptor
 .text.USBD_FS_InterfaceStrDescriptor
                0x08003cd4       0x1c ..\obj\usbd_desc.o
                0x08003cd4                USBD_FS_InterfaceStrDescriptor
 .text.HAL_PCD_MspInit
                0x08003cf0       0x40 ..\obj\usbd_conf.o
                0x08003cf0                HAL_PCD_MspInit
 .text.HAL_PCD_SetupStageCallback
                0x08003d30        0xc ..\obj\usbd_conf.o
                0x08003d30                HAL_PCD_SetupStageCallback
 .text.HAL_PCD_DataOutStageCallback
                0x08003d3c       0x10 ..\obj\usbd_conf.o
                0x08003d3c                HAL_PCD_DataOutStageCallback
 .text.HAL_PCD_DataInStageCallback
                0x08003d4c       0x10 ..\obj\usbd_conf.o
                0x08003d4c                HAL_PCD_DataInStageCallback
 .text.HAL_PCD_SOFCallback
                0x08003d5c        0x8 ..\obj\usbd_conf.o
                0x08003d5c                HAL_PCD_SOFCallback
 .text.HAL_PCD_ResetCallback
                0x08003d64       0x1c ..\obj\usbd_conf.o
                0x08003d64                HAL_PCD_ResetCallback
 .text.HAL_PCD_SuspendCallback
                0x08003d80       0x20 ..\obj\usbd_conf.o
                0x08003d80                HAL_PCD_SuspendCallback
 .text.HAL_PCD_ResumeCallback
                0x08003da0        0x8 ..\obj\usbd_conf.o
                0x08003da0                HAL_PCD_ResumeCallback
 .text.USBD_LL_Init
                0x08003da8       0x80 ..\obj\usbd_conf.o
                0x08003da8                USBD_LL_Init
 .text.USBD_LL_Start
                0x08003e28       0x10 ..\obj\usbd_conf.o
                0x08003e28                USBD_LL_Start
 .text.USBD_LL_OpenEP
                0x08003e38       0x14 ..\obj\usbd_conf.o
                0x08003e38                USBD_LL_OpenEP
 .text.USBD_LL_CloseEP
                0x08003e4c       0x10 ..\obj\usbd_conf.o
                0x08003e4c                USBD_LL_CloseEP
 .text.USBD_LL_StallEP
                0x08003e5c       0x10 ..\obj\usbd_conf.o
                0x08003e5c                USBD_LL_StallEP
 .text.USBD_LL_ClearStallEP
                0x08003e6c       0x10 ..\obj\usbd_conf.o
                0x08003e6c                USBD_LL_ClearStallEP
 .text.USBD_LL_IsStallEP
                0x08003e7c       0x20 ..\obj\usbd_conf.o
                0x08003e7c                USBD_LL_IsStallEP
 .text.USBD_LL_SetUSBAddress
                0x08003e9c       0x10 ..\obj\usbd_conf.o
                0x08003e9c                USBD_LL_SetUSBAddress
 .text.USBD_LL_Transmit
                0x08003eac       0x10 ..\obj\usbd_conf.o
                0x08003eac                USBD_LL_Transmit
 .text.USBD_LL_PrepareReceive
                0x08003ebc       0x10 ..\obj\usbd_conf.o
                0x08003ebc                USBD_LL_PrepareReceive
 .text.USBD_LL_GetRxDataSize
                0x08003ecc        0xc ..\obj\usbd_conf.o
                0x08003ecc                USBD_LL_GetRxDataSize
 .text.USBD_static_malloc
                0x08003ed8        0x8 ..\obj\usbd_conf.o
                0x08003ed8                USBD_static_malloc
 .text.USBD_static_free
                0x08003ee0        0x4 ..\obj\usbd_conf.o
                0x08003ee0                USBD_static_free
 .text.HAL_PCDEx_SetConnectionState
                0x08003ee4        0x4 ..\obj\usbd_conf.o
                0x08003ee4                HAL_PCDEx_SetConnectionState
 .text.vListInitialise
                0x08003ee8       0x18 ..\obj\list.o
                0x08003ee8                vListInitialise
 .text.vListInitialiseItem
                0x08003f00        0x8 ..\obj\list.o
                0x08003f00                vListInitialiseItem
 .text.vListInsertEnd
                0x08003f08       0x1c ..\obj\list.o
                0x08003f08                vListInsertEnd
 .text.vListInsert
                0x08003f24       0x34 ..\obj\list.o
                0x08003f24                vListInsert
 .text.uxListRemove
                0x08003f58       0x28 ..\obj\list.o
                0x08003f58                uxListRemove
 .text._sbrk    0x08003f80       0x1c ..\obj\syscalls.o
                0x08003f80                _sbrk
 .text.HAL_MspInit
                0x08003f9c       0x48 ..\obj\stm32f1xx_hal_msp.o
                0x08003f9c                HAL_MspInit
 .text.HAL_ADC_MspInit
                0x08003fe4       0x78 ..\obj\stm32f1xx_hal_msp.o
                0x08003fe4                HAL_ADC_MspInit
 .text.HAL_CRC_MspInit
                0x0800405c       0x2c ..\obj\stm32f1xx_hal_msp.o
                0x0800405c                HAL_CRC_MspInit
 .text.HAL_IWDG_MspInit
                0x08004088        0x4 ..\obj\stm32f1xx_hal_msp.o
                0x08004088                HAL_IWDG_MspInit
 .text.HAL_RTC_MspInit
                0x0800408c       0x4c ..\obj\stm32f1xx_hal_msp.o
                0x0800408c                HAL_RTC_MspInit
 .text.HAL_TIM_Base_MspInit
                0x080040d8       0x84 ..\obj\stm32f1xx_hal_msp.o
                0x080040d8                HAL_TIM_Base_MspInit
 .text.HAL_TIM_MspPostInit
                0x0800415c       0x60 ..\obj\stm32f1xx_hal_msp.o
                0x0800415c                HAL_TIM_MspPostInit
 .text.osKernelStart
                0x080041bc        0xc ..\obj\cmsis_os.o
                0x080041bc                osKernelStart
 .text.osThreadCreate
                0x080041c8       0x38 ..\obj\cmsis_os.o
                0x080041c8                osThreadCreate
 .text.osDelay  0x08004200       0x10 ..\obj\cmsis_os.o
                0x08004200                osDelay
 .text.osSemaphoreCreate
                0x08004210       0x2c ..\obj\cmsis_os.o
                0x08004210                osSemaphoreCreate
 .text.osMessageCreate
                0x0800423c        0x8 ..\obj\cmsis_os.o
                0x0800423c                osMessageCreate
 .text.osSystickHandler
                0x08004244       0x14 ..\obj\cmsis_os.o
                0x08004244                osSystickHandler
 .text.prvCopyDataToQueue
                0x08004258       0x7c ..\obj\queue.o
 .text.unlikely.prvCopyDataFromQueue
                0x080042d4       0x24 ..\obj\queue.o
 .text.prvUnlockQueue
                0x080042f8       0x84 ..\obj\queue.o
 .text.xQueueGenericReset
                0x0800437c       0x74 ..\obj\queue.o
                0x0800437c                xQueueGenericReset
 .text.xQueueGenericCreate
                0x080043f0       0x50 ..\obj\queue.o
                0x080043f0                xQueueGenericCreate
 .text.xQueueCreateCountingSemaphore
                0x08004440       0x2c ..\obj\queue.o
                0x08004440                xQueueCreateCountingSemaphore
 .text.xQueueGenericSend
                0x0800446c      0x134 ..\obj\queue.o
                0x0800446c                xQueueGenericSend
 .text.xQueueGenericSendFromISR
                0x080045a0       0xb0 ..\obj\queue.o
                0x080045a0                xQueueGenericSendFromISR
 .text.xQueueGenericReceive
                0x08004650      0x14c ..\obj\queue.o
                0x08004650                xQueueGenericReceive
 .text.vQueueAddToRegistry
                0x0800479c       0x2c ..\obj\queue.o
                0x0800479c                vQueueAddToRegistry
 .text.vQueueWaitForMessageRestricted
                0x080047c8       0x3c ..\obj\queue.o
                0x080047c8                vQueueWaitForMessageRestricted
 .text.prvPortStartFirstTask
                0x08004804       0x20 ..\obj\port.o
 .text.pxPortInitialiseStack
                0x08004824       0x24 ..\obj\port.o
                0x08004824                pxPortInitialiseStack
 .text.SVC_Handler
                0x08004848       0x24 ..\obj\port.o
                0x08004848                SVC_Handler
 .text.vPortYield
                0x0800486c       0x18 ..\obj\port.o
                0x0800486c                vPortYield
 .text.ulPortSetInterruptMask
                0x08004884       0x10 ..\obj\port.o
                0x08004884                ulPortSetInterruptMask
 .text.prvTaskExitError
                0x08004894       0x1c ..\obj\port.o
 .text.vPortEnterCritical
                0x080048b0       0x34 ..\obj\port.o
                0x080048b0                vPortEnterCritical
 .text.vPortClearInterruptMask
                0x080048e4        0x8 ..\obj\port.o
                0x080048e4                vPortClearInterruptMask
 .text.vPortExitCritical
                0x080048ec       0x24 ..\obj\port.o
                0x080048ec                vPortExitCritical
 .text.PendSV_Handler
                0x08004910       0x44 ..\obj\port.o
                0x08004910                PendSV_Handler
 .text.xPortSysTickHandler
                0x08004954       0x24 ..\obj\port.o
                0x08004954                xPortSysTickHandler
 .text.vPortSetupTimerInterrupt
                0x08004978       0x2c ..\obj\port.o
                0x08004978                vPortSetupTimerInterrupt
 .text.xPortStartScheduler
                0x080049a4       0x90 ..\obj\port.o
                0x080049a4                xPortStartScheduler
 .text.vPortValidateInterruptPriority
                0x08004a34       0x40 ..\obj\port.o
                0x08004a34                vPortValidateInterruptPriority
 .text.USBD_CDC_DataIn
                0x08004a74       0x14 ..\obj\usbd_cdc.o
 .text.USBD_CDC_EP0_RxReady
                0x08004a88       0x28 ..\obj\usbd_cdc.o
 .text.USBD_CDC_GetFSCfgDesc
                0x08004ab0        0xc ..\obj\usbd_cdc.o
 .text.USBD_CDC_GetHSCfgDesc
                0x08004abc        0xc ..\obj\usbd_cdc.o
 .text.USBD_CDC_GetOtherSpeedCfgDesc
                0x08004ac8        0xc ..\obj\usbd_cdc.o
 .text.USBD_CDC_GetDeviceQualifierDescriptor
                0x08004ad4        0xc ..\obj\usbd_cdc.o
                0x08004ad4                USBD_CDC_GetDeviceQualifierDescriptor
 .text.USBD_CDC_DataOut
                0x08004ae0       0x30 ..\obj\usbd_cdc.o
 .text.USBD_CDC_Setup
                0x08004b10       0x70 ..\obj\usbd_cdc.o
 .text.USBD_CDC_DeInit
                0x08004b80       0x3c ..\obj\usbd_cdc.o
 .text.USBD_CDC_Init
                0x08004bbc       0x90 ..\obj\usbd_cdc.o
 .text.USBD_CDC_RegisterInterface
                0x08004c4c       0x10 ..\obj\usbd_cdc.o
                0x08004c4c                USBD_CDC_RegisterInterface
 .text.USBD_CDC_SetTxBuffer
                0x08004c5c       0x10 ..\obj\usbd_cdc.o
                0x08004c5c                USBD_CDC_SetTxBuffer
 .text.USBD_CDC_SetRxBuffer
                0x08004c6c        0xc ..\obj\usbd_cdc.o
                0x08004c6c                USBD_CDC_SetRxBuffer
 .text.USBD_CDC_TransmitPacket
                0x08004c78       0x30 ..\obj\usbd_cdc.o
                0x08004c78                USBD_CDC_TransmitPacket
 .text.USBD_CDC_ReceivePacket
                0x08004ca8       0x30 ..\obj\usbd_cdc.o
                0x08004ca8                USBD_CDC_ReceivePacket
 .text.RTC_WeekDayNum
                0x08004cd8       0xa8 ..\obj\stm32f1xx_hal_rtc.o
 .text.RTC_EnterInitMode
                0x08004d80       0x30 ..\obj\stm32f1xx_hal_rtc.o
 .text.RTC_ExitInitMode
                0x08004db0       0x34 ..\obj\stm32f1xx_hal_rtc.o
 .text.RTC_WriteTimeCounter
                0x08004de4       0x28 ..\obj\stm32f1xx_hal_rtc.o
 .text.RTC_WriteAlarmCounter
                0x08004e0c       0x28 ..\obj\stm32f1xx_hal_rtc.o
 .text.HAL_RTC_SetTime
                0x08004e34       0xf0 ..\obj\stm32f1xx_hal_rtc.o
                0x08004e34                HAL_RTC_SetTime
 .text.HAL_RTC_SetDate
                0x08004f24      0x110 ..\obj\stm32f1xx_hal_rtc.o
                0x08004f24                HAL_RTC_SetDate
 .text.HAL_RTC_WaitForSynchro
                0x08005034       0x38 ..\obj\stm32f1xx_hal_rtc.o
                0x08005034                HAL_RTC_WaitForSynchro
 .text.HAL_RTC_Init
                0x0800506c       0xa8 ..\obj\stm32f1xx_hal_rtc.o
                0x0800506c                HAL_RTC_Init
 .text.TIM_OC1_SetConfig
                0x08005114       0x58 ..\obj\stm32f1xx_hal_tim.o
 .text.TIM_OC3_SetConfig
                0x0800516c       0x5c ..\obj\stm32f1xx_hal_tim.o
 .text.TIM_OC4_SetConfig
                0x080051c8       0x48 ..\obj\stm32f1xx_hal_tim.o
 .text.HAL_TIM_PWM_MspInit
                0x08005210        0x4 ..\obj\stm32f1xx_hal_tim.o
                0x08005210                HAL_TIM_PWM_MspInit
 .text.HAL_TIM_ConfigClockSource
                0x08005214      0x180 ..\obj\stm32f1xx_hal_tim.o
                0x08005214                HAL_TIM_ConfigClockSource
 .text.HAL_TIM_PeriodElapsedCallback
                0x08005394        0x4 ..\obj\stm32f1xx_hal_tim.o
                0x08005394                HAL_TIM_PeriodElapsedCallback
 .text.HAL_TIM_OC_DelayElapsedCallback
                0x08005398        0x4 ..\obj\stm32f1xx_hal_tim.o
                0x08005398                HAL_TIM_OC_DelayElapsedCallback
 .text.HAL_TIM_IC_CaptureCallback
                0x0800539c        0x4 ..\obj\stm32f1xx_hal_tim.o
                0x0800539c                HAL_TIM_IC_CaptureCallback
 .text.HAL_TIM_PWM_PulseFinishedCallback
                0x080053a0        0x4 ..\obj\stm32f1xx_hal_tim.o
                0x080053a0                HAL_TIM_PWM_PulseFinishedCallback
 .text.HAL_TIM_TriggerCallback
                0x080053a4        0x4 ..\obj\stm32f1xx_hal_tim.o
                0x080053a4                HAL_TIM_TriggerCallback
 .text.HAL_TIM_IRQHandler
                0x080053a8      0x154 ..\obj\stm32f1xx_hal_tim.o
                0x080053a8                HAL_TIM_IRQHandler
 .text.TIM_Base_SetConfig
                0x080054fc       0x7c ..\obj\stm32f1xx_hal_tim.o
                0x080054fc                TIM_Base_SetConfig
 .text.HAL_TIM_Base_Init
                0x08005578       0x38 ..\obj\stm32f1xx_hal_tim.o
                0x08005578                HAL_TIM_Base_Init
 .text.HAL_TIM_PWM_Init
                0x080055b0       0x38 ..\obj\stm32f1xx_hal_tim.o
                0x080055b0                HAL_TIM_PWM_Init
 .text.TIM_OC2_SetConfig
                0x080055e8       0x5c ..\obj\stm32f1xx_hal_tim.o
                0x080055e8                TIM_OC2_SetConfig
 .text.HAL_TIM_PWM_ConfigChannel
                0x08005644       0xd4 ..\obj\stm32f1xx_hal_tim.o
                0x08005644                HAL_TIM_PWM_ConfigChannel
 .text.USBD_StdDevReq
                0x08005718      0x2a0 ..\obj\usbd_ctlreq.o
                0x08005718                USBD_StdDevReq
 .text.USBD_StdItfReq
                0x080059b8       0x3c ..\obj\usbd_ctlreq.o
                0x080059b8                USBD_StdItfReq
 .text.USBD_StdEPReq
                0x080059f4       0xd0 ..\obj\usbd_ctlreq.o
                0x080059f4                USBD_StdEPReq
 .text.USBD_ParseSetupRequest
                0x08005ac4       0x28 ..\obj\usbd_ctlreq.o
                0x08005ac4                USBD_ParseSetupRequest
 .text.USBD_GetString
                0x08005aec       0x4c ..\obj\usbd_ctlreq.o
                0x08005aec                USBD_GetString
 .text.HAL_PCDEx_PMAConfig
                0x08005b38       0x34 ..\obj\stm32f1xx_hal_pcd_ex.o
                0x08005b38                HAL_PCDEx_PMAConfig
 .text.CDC_DeInit_FS
                0x08005b6c        0x4 ..\obj\usbd_cdc_if.o
 .text.CDC_Control_FS
                0x08005b70        0x4 ..\obj\usbd_cdc_if.o
 .text.CDC_Init_FS
                0x08005b74       0x30 ..\obj\usbd_cdc_if.o
 .text.CDC_Receive_FS
                0x08005ba4       0x5c ..\obj\usbd_cdc_if.o
 .text.pvPortMalloc
                0x08005c00       0x5c ..\obj\heap_1.o
                0x08005c00                pvPortMalloc
 .text.vPortFree
                0x08005c5c        0xc ..\obj\heap_1.o
                0x08005c5c                vPortFree
 .text.USBD_CtlSendData
                0x08005c68       0x1c ..\obj\usbd_ioreq.o
                0x08005c68                USBD_CtlSendData
 .text.USBD_CtlContinueSendData
                0x08005c84       0x10 ..\obj\usbd_ioreq.o
                0x08005c84                USBD_CtlContinueSendData
 .text.USBD_CtlPrepareRx
                0x08005c94       0x20 ..\obj\usbd_ioreq.o
                0x08005c94                USBD_CtlPrepareRx
 .text.USBD_CtlContinueRx
                0x08005cb4       0x10 ..\obj\usbd_ioreq.o
                0x08005cb4                USBD_CtlContinueRx
 .text.USBD_CtlSendStatus
                0x08005cc4       0x18 ..\obj\usbd_ioreq.o
                0x08005cc4                USBD_CtlSendStatus
 .text.USBD_CtlReceiveStatus
                0x08005cdc       0x18 ..\obj\usbd_ioreq.o
                0x08005cdc                USBD_CtlReceiveStatus
 .text.MX_USB_DEVICE_Init
                0x08005cf4       0x38 ..\obj\usb_device.o
                0x08005cf4                MX_USB_DEVICE_Init
 .text.HAL_TIMEx_MasterConfigSynchronization
                0x08005d2c       0x4c ..\obj\stm32f1xx_hal_tim_ex.o
                0x08005d2c                HAL_TIMEx_MasterConfigSynchronization
 .text.HAL_TIMEx_CommutationCallback
                0x08005d78        0x4 ..\obj\stm32f1xx_hal_tim_ex.o
                0x08005d78                HAL_TIMEx_CommutationCallback
 .text.HAL_TIMEx_BreakCallback
                0x08005d7c        0x4 ..\obj\stm32f1xx_hal_tim_ex.o
                0x08005d7c                HAL_TIMEx_BreakCallback
 .text.free     0x08005d80       0x10 d:/coocox/toolchain/bin/../lib/gcc/arm-none-eabi/5.2.1/../../../../arm-none-eabi/lib/armv7-m\libg.a(lib_a-malloc.o)
                0x08005d80                free
 .text          0x08005d90       0xec d:/coocox/toolchain/bin/../lib/gcc/arm-none-eabi/5.2.1/../../../../arm-none-eabi/lib/armv7-m\libg.a(lib_a-memcpy.o)
                0x08005d90                memcpy
 .text.memset   0x08005e7c       0x9c d:/coocox/toolchain/bin/../lib/gcc/arm-none-eabi/5.2.1/../../../../arm-none-eabi/lib/armv7-m\libg.a(lib_a-memset.o)
                0x08005e7c                memset
 .text.__malloc_lock
                0x08005f18        0x4 d:/coocox/toolchain/bin/../lib/gcc/arm-none-eabi/5.2.1/../../../../arm-none-eabi/lib/armv7-m\libg.a(lib_a-mlock.o)
                0x08005f18                __malloc_lock
 .text.__malloc_unlock
                0x08005f1c        0x4 d:/coocox/toolchain/bin/../lib/gcc/arm-none-eabi/5.2.1/../../../../arm-none-eabi/lib/armv7-m\libg.a(lib_a-mlock.o)
                0x08005f1c                __malloc_unlock
 .text._sbrk_r  0x08005f20       0x24 d:/coocox/toolchain/bin/../lib/gcc/arm-none-eabi/5.2.1/../../../../arm-none-eabi/lib/armv7-m\libg.a(lib_a-sbrkr.o)
                0x08005f20                _sbrk_r
 .text._malloc_trim_r
                0x08005f44       0x9c d:/coocox/toolchain/bin/../lib/gcc/arm-none-eabi/5.2.1/../../../../arm-none-eabi/lib/armv7-m\libg.a(lib_a-freer.o)
                0x08005f44                _malloc_trim_r
 .text._free_r  0x08005fe0      0x1d0 d:/coocox/toolchain/bin/../lib/gcc/arm-none-eabi/5.2.1/../../../../arm-none-eabi/lib/armv7-m\libg.a(lib_a-freer.o)
                0x08005fe0                _free_r
 *(.init)
 *(.fini)
 *crtbegin.o(.ctors)
 *crtbegin?.o(.ctors)
 *(EXCLUDE_FILE(*crtend.o *crtend?.o) .ctors)
 *(SORT(.ctors.*))
 *(.ctors)
 *crtbegin.o(.dtors)
 *crtbegin?.o(.dtors)
 *(EXCLUDE_FILE(*crtend.o *crtend?.o) .dtors)
 *(SORT(.dtors.*))
 *(.dtors)
 *(.rodata*)
 .rodata        0x080061b0       0x12 ..\obj\stm32f1xx_hal_rcc_ex.o
 *fill*         0x080061c2        0x2 
 .rodata        0x080061c4       0x24 ..\obj\stm32f1xx_hal_rcc.o
                0x080061d8                aAPBAHBPrescTable
 .rodata        0x080061e8       0x58 ..\obj\main.o
 .rodata.str1.4
                0x08006240       0x38 ..\obj\main.o
 .rodata.str1.4
                0x08006278       0x10 ..\obj\timers.o
 .rodata.str1.4
                0x08006288        0x5 ..\obj\tasks.o
 *fill*         0x0800628d        0x3 
 .rodata.str1.4
                0x08006290       0x58 ..\obj\usbd_desc.o
                                 0x56 (size before relaxing)
 *(.eh_fram e*)

.glue_7         0x080062e8        0x0
 .glue_7        0x080062e8        0x0 linker stubs

.glue_7t        0x080062e8        0x0
 .glue_7t       0x080062e8        0x0 linker stubs

.vfp11_veneer   0x080062e8        0x0
 .vfp11_veneer  0x080062e8        0x0 linker stubs

.v4_bx          0x080062e8        0x0
 .v4_bx         0x080062e8        0x0 linker stubs

.iplt           0x080062e8        0x0
 .iplt          0x080062e8        0x0 ..\obj\stm32f1xx_hal_rcc_ex.o

.rel.dyn        0x080062e8        0x0
 .rel.iplt      0x080062e8        0x0 ..\obj\stm32f1xx_hal_rcc_ex.o

.ARM.extab
 *(.ARM.extab* .gnu.linkonce.armextab.*)
                0x080062e8                __exidx_start = .

.ARM.exidx
 *(.ARM.exidx* .gnu.linkonce.armexidx.*)
                0x080062e8                __exidx_end = .
                0x080062e8                __etext = .
                0x080062e8                _sidata = __etext

.data           0x20000000      0x9a4 load address 0x080062e8
                0x20000000                __data_start__ = .
                0x20000000                _sdata = __data_start__
 *(vtable)
 *(.data*)
 .data          0x20000000        0x4 ..\obj\system_stm32f1xx.o
                0x20000000                SystemCoreClock
 *fill*         0x20000004        0x4 
 .data          0x20000008      0x430 ..\obj\printf.o
                0x20000008                _impure_ptr
                0x20000010                r
 .data          0x20000438        0x4 ..\obj\tasks.o
 .data          0x2000043c       0x34 ..\obj\usbd_desc.o
                0x2000043c                USBD_FS_DeviceDesc
                0x20000450                USBD_LangIDDesc
                0x20000454                FS_Desc
 .data          0x20000470        0x4 ..\obj\port.o
 .data          0x20000474      0x110 ..\obj\usbd_cdc.o
                0x20000474                USBD_CDC_CfgFSDesc
                0x200004b8                USBD_CDC_CfgHSDesc
                0x200004fc                USBD_CDC_OtherSpeedCfgDesc
                0x2000054c                USBD_CDC
 .data          0x20000584       0x10 ..\obj\usbd_cdc_if.o
                0x20000584                USBD_Interface_fops_FS
 .data.__malloc_av_
                0x20000594      0x408 d:/coocox/toolchain/bin/../lib/gcc/arm-none-eabi/5.2.1/../../../../arm-none-eabi/lib/armv7-m\libg.a(lib_a-mallocr.o)
                0x20000594                __malloc_av_
 .data.__malloc_trim_threshold
                0x2000099c        0x4 d:/coocox/toolchain/bin/../lib/gcc/arm-none-eabi/5.2.1/../../../../arm-none-eabi/lib/armv7-m\libg.a(lib_a-mallocr.o)
                0x2000099c                __malloc_trim_threshold
 .data.__malloc_sbrk_base
                0x200009a0        0x4 d:/coocox/toolchain/bin/../lib/gcc/arm-none-eabi/5.2.1/../../../../arm-none-eabi/lib/armv7-m\libg.a(lib_a-mallocr.o)
                0x200009a0                __malloc_sbrk_base
                0x200009a4                . = ALIGN (0x4)
                [!provide]                PROVIDE (__preinit_array_start, .)
 *(.preinit_array)
                [!provide]                PROVIDE (__preinit_array_end, .)
                0x200009a4                . = ALIGN (0x4)
                [!provide]                PROVIDE (__init_array_start, .)
 *(SORT(.init_array.*))
 *(.init_array)
                [!provide]                PROVIDE (__init_array_end, .)
                0x200009a4                . = ALIGN (0x4)
                [!provide]                PROVIDE (__fini_array_start, .)
 *(SORT(.fini_array.*))
 *(.fini_array)
                [!provide]                PROVIDE (__fini_array_end, .)
 *(.jcr*)
                0x200009a4                . = ALIGN (0x4)
                0x200009a4                __data_end__ = .
                0x200009a4                _edata = __data_end__

.igot.plt       0x200009a4        0x0 load address 0x08006c8c
 .igot.plt      0x200009a4        0x0 ..\obj\stm32f1xx_hal_rcc_ex.o

.bss            0x200009a4     0x1e74 load address 0x08006c8c
                0x200009a4                . = ALIGN (0x4)
                0x200009a4                __bss_start__ = .
                0x200009a4                _sbss = __bss_start__
 *(.bss*)
 .bss           0x200009a4        0x4 ..\obj\stm32f1xx_hal.o
 .bss           0x200009a8       0x38 ..\obj\timers.o
 .bss           0x200009e0       0xe4 ..\obj\tasks.o
                0x20000a6c                pxCurrentTCB
 .bss           0x20000ac4      0x220 ..\obj\usbd_conf.o
 .bss           0x20000ce4        0x4 ..\obj\syscalls.o
 .bss           0x20000ce8        0x8 ..\obj\port.o
 .bss           0x20000cf0        0x1 ..\obj\usbd_cdc.o
 .bss           0x20000cf1        0x1 ..\obj\usbd_ctlreq.o
 *fill*         0x20000cf2        0x2 
 .bss           0x20000cf4     0x1008 ..\obj\heap_1.o
 .bss.__malloc_top_pad
                0x20001cfc        0x4 d:/coocox/toolchain/bin/../lib/gcc/arm-none-eabi/5.2.1/../../../../arm-none-eabi/lib/armv7-m\libg.a(lib_a-mallocr.o)
                0x20001cfc                __malloc_top_pad
 .bss.__malloc_current_mallinfo
                0x20001d00       0x28 d:/coocox/toolchain/bin/../lib/gcc/arm-none-eabi/5.2.1/../../../../arm-none-eabi/lib/armv7-m\libg.a(lib_a-mallocr.o)
                0x20001d00                __malloc_current_mallinfo
 *(COMMON)
 COMMON         0x20001d28      0x164 ..\obj\main.o
                0x20001d28                defaultTaskHandle
                0x20001d2c                htim4
                0x20001d68                hiwdg
                0x20001d78                hcrc
                0x20001d80                InputFromUsbHandle
                0x20001d84                TaskLedFlashHandle
                0x20001d88                TaskUsbWriteHandle
                0x20001d8c                htim3
                0x20001dc8                TaskUsbReadHandle
                0x20001dcc                hadc1
                0x20001dfc                hdma_adc1
                0x20001e34                SemUsbReadHandle
                0x20001e38                hrtc
                0x20001e4c                SemUsbWriteHandle
                0x20001e50                htim2
 COMMON         0x20001e8c      0x200 ..\obj\usbd_desc.o
                0x20001e8c                USBD_StrDesc
 COMMON         0x2000208c      0x420 ..\obj\usbd_conf.o
                0x2000208c                hpcd_USB_FS
 COMMON         0x200024ac       0x40 ..\obj\queue.o
                0x200024ac                xQueueRegistry
 COMMON         0x200024ec      0x104 ..\obj\usbd_cdc_if.o
                0x200024ec                hUsbDevice_0
                0x200024f0                UserRxBufferFS
                0x20002570                UserTxBufferFS
 COMMON         0x200025f0      0x224 ..\obj\usb_device.o
                0x200025f0                hUsbDeviceFS
 COMMON         0x20002814        0x4 d:/coocox/toolchain/bin/../lib/gcc/arm-none-eabi/5.2.1/../../../../arm-none-eabi/lib/armv7-m\libg.a(lib_a-reent.o)
                0x20002814                errno
                0x20002818                . = ALIGN (0x4)
                0x20002818                __bss_end__ = .
                0x20002818                _ebss = __bss_end__

.heap           0x20002818        0x0
                0x20002818                __end__ = .
                0x20002818                _end = __end__
                0x20002818                end = __end__
 *(.heap*)
                0x20002818                __HeapLimit = .

.co_stack       0x20002818      0x400 load address 0x08008b00
                0x20002818                . = ALIGN (0x8)
 *(.co_stack .co_stack.*)
 .co_stack      0x20002818      0x400 ..\obj\startup_stm32f10x_md.o
                0x20002818                pulStack
                0x20005000                __StackTop = (ORIGIN (ram) + LENGTH (ram))
                0x20004c00                __StackLimit = (__StackTop - SIZEOF (.co_stack))
                [!provide]                PROVIDE (__stack, __StackTop)
                0x00000001                ASSERT ((__StackLimit >= __HeapLimit), region ram  overflowed with stack)
LOAD ..\obj\stm32f1xx_hal_rcc_ex.o
LOAD ..\obj\stm32f1xx_hal_pwr.o
LOAD ..\obj\stm32f1xx_hal.o
LOAD ..\obj\stm32f1xx_it.o
LOAD ..\obj\stm32f1xx_hal_cortex.o
LOAD ..\obj\stm32f1xx_hal_crc.o
LOAD ..\obj\stm32f1xx_hal_iwdg.o
LOAD ..\obj\system_stm32f1xx.o
LOAD ..\obj\stm32f1xx_hal_rcc.o
LOAD ..\obj\startup_stm32f10x_md.o
LOAD ..\obj\stm32f1xx_hal_adc.o
LOAD ..\obj\stm32f1xx_hal_pcd.o
LOAD ..\obj\usbd_core.o
LOAD ..\obj\main.o
LOAD ..\obj\timers.o
LOAD ..\obj\stm32f1xx_ll_usb.o
LOAD ..\obj\printf.o
LOAD ..\obj\freertos.o
LOAD ..\obj\tasks.o
LOAD ..\obj\stm32f1xx_hal_flash.o
LOAD ..\obj\stm32f1xx_hal_gpio.o
LOAD ..\obj\stm32f1xx_hal_dma.o
LOAD ..\obj\usbd_desc.o
LOAD ..\obj\usbd_conf.o
LOAD ..\obj\stm32f1xx_hal_adc_ex.o
LOAD ..\obj\list.o
LOAD ..\obj\syscalls.o
LOAD ..\obj\stm32f1xx_hal_msp.o
LOAD ..\obj\cmsis_os.o
LOAD ..\obj\queue.o
LOAD ..\obj\port.o
LOAD ..\obj\croutine.o
LOAD ..\obj\usbd_cdc.o
LOAD ..\obj\stm32f1xx_hal_rtc.o
LOAD ..\obj\event_groups.o
LOAD ..\obj\stm32f1xx_hal_tim.o
LOAD ..\obj\stm32f1xx_hal_flash_ex.o
LOAD ..\obj\usbd_ctlreq.o
LOAD ..\obj\stm32f1xx_hal_pcd_ex.o
LOAD ..\obj\usbd_cdc_if.o
LOAD ..\obj\heap_1.o
LOAD ..\obj\usbd_ioreq.o
LOAD ..\obj\usb_device.o
LOAD ..\obj\stm32f1xx_hal_rtc_ex.o
LOAD ..\obj\stm32f1xx_hal_tim_ex.o
START GROUP
LOAD d:/coocox/toolchain/bin/../lib/gcc/arm-none-eabi/5.2.1/armv7-m\libgcc.a
LOAD d:/coocox/toolchain/bin/../lib/gcc/arm-none-eabi/5.2.1/../../../../arm-none-eabi/lib/armv7-m\libg.a
LOAD d:/coocox/toolchain/bin/../lib/gcc/arm-none-eabi/5.2.1/../../../../arm-none-eabi/lib/armv7-m\libc.a
END GROUP
OUTPUT(RepRap_STM32.elf elf32-littlearm)

.debug_info     0x00000000    0x1e7a3
 .debug_info    0x00000000      0x56e ..\obj\stm32f1xx_hal_rcc_ex.o
 .debug_info    0x0000056e      0x79c ..\obj\stm32f1xx_hal_pwr.o
 .debug_info    0x00000d0a      0x682 ..\obj\stm32f1xx_hal.o
 .debug_info    0x0000138c      0x9b5 ..\obj\stm32f1xx_it.o
 .debug_info    0x00001d41      0xc12 ..\obj\stm32f1xx_hal_cortex.o
 .debug_info    0x00002953      0x39f ..\obj\stm32f1xx_hal_crc.o
 .debug_info    0x00002cf2      0x337 ..\obj\stm32f1xx_hal_iwdg.o
 .debug_info    0x00003029      0x395 ..\obj\system_stm32f1xx.o
 .debug_info    0x000033be     0x13b9 ..\obj\stm32f1xx_hal_rcc.o
 .debug_info    0x00004777      0x10f ..\obj\startup_stm32f10x_md.o
 .debug_info    0x00004886      0xf98 ..\obj\stm32f1xx_hal_adc.o
 .debug_info    0x0000581e     0x103a ..\obj\stm32f1xx_hal_pcd.o
 .debug_info    0x00006858      0xbe9 ..\obj\usbd_core.o
 .debug_info    0x00007441     0x1c80 ..\obj\main.o
 .debug_info    0x000090c1      0xecf ..\obj\timers.o
 .debug_info    0x00009f90      0xe76 ..\obj\stm32f1xx_ll_usb.o
 .debug_info    0x0000ae06     0x1374 ..\obj\printf.o
 .debug_info    0x0000c17a     0x2227 ..\obj\tasks.o
 .debug_info    0x0000e3a1      0x60b ..\obj\stm32f1xx_hal_gpio.o
 .debug_info    0x0000e9ac      0x64a ..\obj\stm32f1xx_hal_dma.o
 .debug_info    0x0000eff6      0x4eb ..\obj\usbd_desc.o
 .debug_info    0x0000f4e1     0x1647 ..\obj\usbd_conf.o
 .debug_info    0x00010b28      0x29b ..\obj\list.o
 .debug_info    0x00010dc3      0x3cf ..\obj\syscalls.o
 .debug_info    0x00011192     0x11a9 ..\obj\stm32f1xx_hal_msp.o
 .debug_info    0x0001233b     0x1ed3 ..\obj\cmsis_os.o
 .debug_info    0x0001420e     0x1632 ..\obj\queue.o
 .debug_info    0x00015840      0x3db ..\obj\port.o
 .debug_info    0x00015c1b      0xcf9 ..\obj\usbd_cdc.o
 .debug_info    0x00016914     0x1388 ..\obj\stm32f1xx_hal_rtc.o
 .debug_info    0x00017c9c     0x30a5 ..\obj\stm32f1xx_hal_tim.o
 .debug_info    0x0001ad41      0xd9f ..\obj\usbd_ctlreq.o
 .debug_info    0x0001bae0      0x5a3 ..\obj\stm32f1xx_hal_pcd_ex.o
 .debug_info    0x0001c083      0x794 ..\obj\usbd_cdc_if.o
 .debug_info    0x0001c817      0x1c9 ..\obj\heap_1.o
 .debug_info    0x0001c9e0      0x761 ..\obj\usbd_ioreq.o
 .debug_info    0x0001d141      0x615 ..\obj\usb_device.o
 .debug_info    0x0001d756     0x104d ..\obj\stm32f1xx_hal_tim_ex.o

.debug_abbrev   0x00000000     0x5470
 .debug_abbrev  0x00000000      0x23b ..\obj\stm32f1xx_hal_rcc_ex.o
 .debug_abbrev  0x0000023b      0x20b ..\obj\stm32f1xx_hal_pwr.o
 .debug_abbrev  0x00000446      0x22c ..\obj\stm32f1xx_hal.o
 .debug_abbrev  0x00000672      0x18b ..\obj\stm32f1xx_it.o
 .debug_abbrev  0x000007fd      0x2df ..\obj\stm32f1xx_hal_cortex.o
 .debug_abbrev  0x00000adc      0x193 ..\obj\stm32f1xx_hal_crc.o
 .debug_abbrev  0x00000c6f      0x17f ..\obj\stm32f1xx_hal_iwdg.o
 .debug_abbrev  0x00000dee      0x120 ..\obj\system_stm32f1xx.o
 .debug_abbrev  0x00000f0e      0x2e3 ..\obj\stm32f1xx_hal_rcc.o
 .debug_abbrev  0x000011f1       0xe1 ..\obj\startup_stm32f10x_md.o
 .debug_abbrev  0x000012d2      0x2c8 ..\obj\stm32f1xx_hal_adc.o
 .debug_abbrev  0x0000159a      0x331 ..\obj\stm32f1xx_hal_pcd.o
 .debug_abbrev  0x000018cb      0x270 ..\obj\usbd_core.o
 .debug_abbrev  0x00001b3b      0x2e4 ..\obj\main.o
 .debug_abbrev  0x00001e1f      0x29b ..\obj\timers.o
 .debug_abbrev  0x000020ba      0x23d ..\obj\stm32f1xx_ll_usb.o
 .debug_abbrev  0x000022f7      0x3ae ..\obj\printf.o
 .debug_abbrev  0x000026a5      0x36c ..\obj\tasks.o
 .debug_abbrev  0x00002a11      0x1c8 ..\obj\stm32f1xx_hal_gpio.o
 .debug_abbrev  0x00002bd9      0x213 ..\obj\stm32f1xx_hal_dma.o
 .debug_abbrev  0x00002dec      0x19d ..\obj\usbd_desc.o
 .debug_abbrev  0x00002f89      0x2b3 ..\obj\usbd_conf.o
 .debug_abbrev  0x0000323c       0xda ..\obj\list.o
 .debug_abbrev  0x00003316      0x147 ..\obj\syscalls.o
 .debug_abbrev  0x0000345d      0x290 ..\obj\stm32f1xx_hal_msp.o
 .debug_abbrev  0x000036ed      0x38d ..\obj\cmsis_os.o
 .debug_abbrev  0x00003a7a      0x298 ..\obj\queue.o
 .debug_abbrev  0x00003d12      0x209 ..\obj\port.o
 .debug_abbrev  0x00003f1b      0x247 ..\obj\usbd_cdc.o
 .debug_abbrev  0x00004162      0x2d4 ..\obj\stm32f1xx_hal_rtc.o
 .debug_abbrev  0x00004436      0x342 ..\obj\stm32f1xx_hal_tim.o
 .debug_abbrev  0x00004778      0x306 ..\obj\usbd_ctlreq.o
 .debug_abbrev  0x00004a7e      0x16b ..\obj\stm32f1xx_hal_pcd_ex.o
 .debug_abbrev  0x00004be9      0x200 ..\obj\usbd_cdc_if.o
 .debug_abbrev  0x00004de9      0x128 ..\obj\heap_1.o
 .debug_abbrev  0x00004f11      0x155 ..\obj\usbd_ioreq.o
 .debug_abbrev  0x00005066      0x170 ..\obj\usb_device.o
 .debug_abbrev  0x000051d6      0x29a ..\obj\stm32f1xx_hal_tim_ex.o

.debug_loc      0x00000000    0x13db5
 .debug_loc     0x00000000      0x377 ..\obj\stm32f1xx_hal_rcc_ex.o
 .debug_loc     0x00000377      0x12a ..\obj\stm32f1xx_hal_pwr.o
 .debug_loc     0x000004a1       0x81 ..\obj\stm32f1xx_hal.o
 .debug_loc     0x00000522      0x5c9 ..\obj\stm32f1xx_hal_cortex.o
 .debug_loc     0x00000aeb      0x209 ..\obj\stm32f1xx_hal_crc.o
 .debug_loc     0x00000cf4      0x106 ..\obj\stm32f1xx_hal_iwdg.o
 .debug_loc     0x00000dfa       0xcd ..\obj\system_stm32f1xx.o
 .debug_loc     0x00000ec7      0x9d4 ..\obj\stm32f1xx_hal_rcc.o
 .debug_loc     0x0000189b       0x2b ..\obj\startup_stm32f10x_md.o
 .debug_loc     0x000018c6      0xb05 ..\obj\stm32f1xx_hal_adc.o
 .debug_loc     0x000023cb      0xcd8 ..\obj\stm32f1xx_hal_pcd.o
 .debug_loc     0x000030a3      0x727 ..\obj\usbd_core.o
 .debug_loc     0x000037ca       0x42 ..\obj\main.o
 .debug_loc     0x0000380c      0xaa0 ..\obj\timers.o
 .debug_loc     0x000042ac      0xf2e ..\obj\stm32f1xx_ll_usb.o
 .debug_loc     0x000051da      0xf86 ..\obj\printf.o
 .debug_loc     0x00006160     0x1eed ..\obj\tasks.o
 .debug_loc     0x0000804d      0x3e1 ..\obj\stm32f1xx_hal_gpio.o
 .debug_loc     0x0000842e      0x4e4 ..\obj\stm32f1xx_hal_dma.o
 .debug_loc     0x00008912      0x273 ..\obj\usbd_desc.o
 .debug_loc     0x00008b85      0x712 ..\obj\usbd_conf.o
 .debug_loc     0x00009297       0x69 ..\obj\list.o
 .debug_loc     0x00009300       0xe7 ..\obj\syscalls.o
 .debug_loc     0x000093e7      0x145 ..\obj\stm32f1xx_hal_msp.o
 .debug_loc     0x0000952c     0x14ac ..\obj\cmsis_os.o
 .debug_loc     0x0000a9d8     0x1895 ..\obj\queue.o
 .debug_loc     0x0000c26d       0x97 ..\obj\port.o
 .debug_loc     0x0000c304      0x50e ..\obj\usbd_cdc.o
 .debug_loc     0x0000c812     0x18f3 ..\obj\stm32f1xx_hal_rtc.o
 .debug_loc     0x0000e105     0x3fa0 ..\obj\stm32f1xx_hal_tim.o
 .debug_loc     0x000120a5      0xacc ..\obj\usbd_ctlreq.o
 .debug_loc     0x00012b71       0xd6 ..\obj\stm32f1xx_hal_pcd_ex.o
 .debug_loc     0x00012c47      0x10d ..\obj\usbd_cdc_if.o
 .debug_loc     0x00012d54       0xda ..\obj\heap_1.o
 .debug_loc     0x00012e2e      0x23c ..\obj\usbd_ioreq.o
 .debug_loc     0x0001306a      0xd4b ..\obj\stm32f1xx_hal_tim_ex.o

.debug_aranges  0x00000000     0x1568
 .debug_aranges
                0x00000000       0x30 ..\obj\stm32f1xx_hal_rcc_ex.o
 .debug_aranges
                0x00000030       0xa8 ..\obj\stm32f1xx_hal_pwr.o
 .debug_aranges
                0x000000d8       0xa8 ..\obj\stm32f1xx_hal.o
 .debug_aranges
                0x00000180       0x38 ..\obj\stm32f1xx_it.o
 .debug_aranges
                0x000001b8       0x90 ..\obj\stm32f1xx_hal_cortex.o
 .debug_aranges
                0x00000248       0x48 ..\obj\stm32f1xx_hal_crc.o
 .debug_aranges
                0x00000290       0x40 ..\obj\stm32f1xx_hal_iwdg.o
 .debug_aranges
                0x000002d0       0x28 ..\obj\system_stm32f1xx.o
 .debug_aranges
                0x000002f8       0x88 ..\obj\stm32f1xx_hal_rcc.o
 .debug_aranges
                0x00000380       0x28 ..\obj\startup_stm32f10x_md.o
 .debug_aranges
                0x000003a8       0xc8 ..\obj\stm32f1xx_hal_adc.o
 .debug_aranges
                0x00000470       0xc0 ..\obj\stm32f1xx_hal_pcd.o
 .debug_aranges
                0x00000530       0xa8 ..\obj\usbd_core.o
 .debug_aranges
                0x000005d8       0x38 ..\obj\main.o
 .debug_aranges
                0x00000610       0x70 ..\obj\timers.o
 .debug_aranges
                0x00000680       0xe0 ..\obj\stm32f1xx_ll_usb.o
 .debug_aranges
                0x00000760       0xa0 ..\obj\printf.o
 .debug_aranges
                0x00000800      0x170 ..\obj\tasks.o
 .debug_aranges
                0x00000970       0x58 ..\obj\stm32f1xx_hal_gpio.o
 .debug_aranges
                0x000009c8       0x60 ..\obj\stm32f1xx_hal_dma.o
 .debug_aranges
                0x00000a28       0x50 ..\obj\usbd_desc.o
 .debug_aranges
                0x00000a78      0x110 ..\obj\usbd_conf.o
 .debug_aranges
                0x00000b88       0x40 ..\obj\list.o
 .debug_aranges
                0x00000bc8       0x58 ..\obj\syscalls.o
 .debug_aranges
                0x00000c20       0x70 ..\obj\stm32f1xx_hal_msp.o
 .debug_aranges
                0x00000c90      0x188 ..\obj\cmsis_os.o
 .debug_aranges
                0x00000e18       0xf0 ..\obj\queue.o
 .debug_aranges
                0x00000f08       0x90 ..\obj\port.o
 .debug_aranges
                0x00000f98       0x90 ..\obj\usbd_cdc.o
 .debug_aranges
                0x00001028       0xb8 ..\obj\stm32f1xx_hal_rtc.o
 .debug_aranges
                0x000010e0      0x250 ..\obj\stm32f1xx_hal_tim.o
 .debug_aranges
                0x00001330       0x48 ..\obj\usbd_ctlreq.o
 .debug_aranges
                0x00001378       0x28 ..\obj\stm32f1xx_hal_pcd_ex.o
 .debug_aranges
                0x000013a0       0x40 ..\obj\usbd_cdc_if.o
 .debug_aranges
                0x000013e0       0x38 ..\obj\heap_1.o
 .debug_aranges
                0x00001418       0x50 ..\obj\usbd_ioreq.o
 .debug_aranges
                0x00001468       0x20 ..\obj\usb_device.o
 .debug_aranges
                0x00001488       0xe0 ..\obj\stm32f1xx_hal_tim_ex.o

.debug_ranges   0x00000000     0x2570
 .debug_ranges  0x00000000       0x88 ..\obj\stm32f1xx_hal_rcc_ex.o
 .debug_ranges  0x00000088       0x98 ..\obj\stm32f1xx_hal_pwr.o
 .debug_ranges  0x00000120       0xb0 ..\obj\stm32f1xx_hal.o
 .debug_ranges  0x000001d0       0x28 ..\obj\stm32f1xx_it.o
 .debug_ranges  0x000001f8      0x150 ..\obj\stm32f1xx_hal_cortex.o
 .debug_ranges  0x00000348       0x38 ..\obj\stm32f1xx_hal_crc.o
 .debug_ranges  0x00000380       0x30 ..\obj\stm32f1xx_hal_iwdg.o
 .debug_ranges  0x000003b0       0x18 ..\obj\system_stm32f1xx.o
 .debug_ranges  0x000003c8      0x2a8 ..\obj\stm32f1xx_hal_rcc.o
 .debug_ranges  0x00000670       0x18 ..\obj\startup_stm32f10x_md.o
 .debug_ranges  0x00000688       0xd0 ..\obj\stm32f1xx_hal_adc.o
 .debug_ranges  0x00000758      0x128 ..\obj\stm32f1xx_hal_pcd.o
 .debug_ranges  0x00000880       0x98 ..\obj\usbd_core.o
 .debug_ranges  0x00000918      0x1c0 ..\obj\main.o
 .debug_ranges  0x00000ad8       0xe0 ..\obj\timers.o
 .debug_ranges  0x00000bb8      0x2a8 ..\obj\stm32f1xx_ll_usb.o
 .debug_ranges  0x00000e60      0x128 ..\obj\printf.o
 .debug_ranges  0x00000f88      0x310 ..\obj\tasks.o
 .debug_ranges  0x00001298       0x68 ..\obj\stm32f1xx_hal_gpio.o
 .debug_ranges  0x00001300       0x90 ..\obj\stm32f1xx_hal_dma.o
 .debug_ranges  0x00001390       0x40 ..\obj\usbd_desc.o
 .debug_ranges  0x000013d0      0x130 ..\obj\usbd_conf.o
 .debug_ranges  0x00001500       0x30 ..\obj\list.o
 .debug_ranges  0x00001530       0x48 ..\obj\syscalls.o
 .debug_ranges  0x00001578      0x128 ..\obj\stm32f1xx_hal_msp.o
 .debug_ranges  0x000016a0      0x240 ..\obj\cmsis_os.o
 .debug_ranges  0x000018e0      0x128 ..\obj\queue.o
 .debug_ranges  0x00001a08       0xb8 ..\obj\port.o
 .debug_ranges  0x00001ac0       0x80 ..\obj\usbd_cdc.o
 .debug_ranges  0x00001b40      0x208 ..\obj\stm32f1xx_hal_rtc.o
 .debug_ranges  0x00001d48      0x4e8 ..\obj\stm32f1xx_hal_tim.o
 .debug_ranges  0x00002230       0xe8 ..\obj\usbd_ctlreq.o
 .debug_ranges  0x00002318       0x18 ..\obj\stm32f1xx_hal_pcd_ex.o
 .debug_ranges  0x00002330       0x50 ..\obj\usbd_cdc_if.o
 .debug_ranges  0x00002380       0x28 ..\obj\heap_1.o
 .debug_ranges  0x000023a8       0x40 ..\obj\usbd_ioreq.o
 .debug_ranges  0x000023e8       0x10 ..\obj\usb_device.o
 .debug_ranges  0x000023f8      0x178 ..\obj\stm32f1xx_hal_tim_ex.o

.debug_line     0x00000000     0xbeed
 .debug_line    0x00000000      0x3b9 ..\obj\stm32f1xx_hal_rcc_ex.o
 .debug_line    0x000003b9      0x3d0 ..\obj\stm32f1xx_hal_pwr.o
 .debug_line    0x00000789      0x399 ..\obj\stm32f1xx_hal.o
 .debug_line    0x00000b22      0x2e0 ..\obj\stm32f1xx_it.o
 .debug_line    0x00000e02      0x3a1 ..\obj\stm32f1xx_hal_cortex.o
 .debug_line    0x000011a3      0x321 ..\obj\stm32f1xx_hal_crc.o
 .debug_line    0x000014c4      0x329 ..\obj\stm32f1xx_hal_iwdg.o
 .debug_line    0x000017ed      0x217 ..\obj\system_stm32f1xx.o
 .debug_line    0x00001a04      0x9ae ..\obj\stm32f1xx_hal_rcc.o
 .debug_line    0x000023b2       0x97 ..\obj\startup_stm32f10x_md.o
 .debug_line    0x00002449      0x956 ..\obj\stm32f1xx_hal_adc.o
 .debug_line    0x00002d9f      0x6a6 ..\obj\stm32f1xx_hal_pcd.o
 .debug_line    0x00003445      0x3ce ..\obj\usbd_core.o
 .debug_line    0x00003813      0x5ab ..\obj\main.o
 .debug_line    0x00003dbe      0x3d6 ..\obj\timers.o
 .debug_line    0x00004194      0x60a ..\obj\stm32f1xx_ll_usb.o
 .debug_line    0x0000479e      0x3d7 ..\obj\printf.o
 .debug_line    0x00004b75      0xb9c ..\obj\tasks.o
 .debug_line    0x00005711      0x459 ..\obj\stm32f1xx_hal_gpio.o
 .debug_line    0x00005b6a      0x80d ..\obj\stm32f1xx_hal_dma.o
 .debug_line    0x00006377      0x202 ..\obj\usbd_desc.o
 .debug_line    0x00006579      0x548 ..\obj\usbd_conf.o
 .debug_line    0x00006ac1      0x263 ..\obj\list.o
 .debug_line    0x00006d24      0x138 ..\obj\syscalls.o
 .debug_line    0x00006e5c      0x441 ..\obj\stm32f1xx_hal_msp.o
 .debug_line    0x0000729d      0x92e ..\obj\cmsis_os.o
 .debug_line    0x00007bcb      0x7b0 ..\obj\queue.o
 .debug_line    0x0000837b      0x34f ..\obj\port.o
 .debug_line    0x000086ca      0x400 ..\obj\usbd_cdc.o
 .debug_line    0x00008aca      0x82b ..\obj\stm32f1xx_hal_rtc.o
 .debug_line    0x000092f5     0x1517 ..\obj\stm32f1xx_hal_tim.o
 .debug_line    0x0000a80c      0x340 ..\obj\usbd_ctlreq.o
 .debug_line    0x0000ab4c      0x255 ..\obj\stm32f1xx_hal_pcd_ex.o
 .debug_line    0x0000ada1      0x268 ..\obj\usbd_cdc_if.o
 .debug_line    0x0000b009      0x280 ..\obj\heap_1.o
 .debug_line    0x0000b289      0x244 ..\obj\usbd_ioreq.o
 .debug_line    0x0000b4cd      0x242 ..\obj\usb_device.o
 .debug_line    0x0000b70f      0x7de ..\obj\stm32f1xx_hal_tim_ex.o

.debug_str      0x00000000     0x7340
 .debug_str     0x00000000      0x38d ..\obj\stm32f1xx_hal_rcc_ex.o
                                0x3f2 (size before relaxing)
 .debug_str     0x0000038d      0x2c1 ..\obj\stm32f1xx_hal_pwr.o
                                0x4d1 (size before relaxing)
 .debug_str     0x0000064e      0x534 ..\obj\stm32f1xx_hal.o
                                0x765 (size before relaxing)
 .debug_str     0x00000b82      0x6be ..\obj\stm32f1xx_it.o
                                0x8c7 (size before relaxing)
 .debug_str     0x00001240      0x270 ..\obj\stm32f1xx_hal_cortex.o
                                0x8cf (size before relaxing)
 .debug_str     0x000014b0      0x16c ..\obj\stm32f1xx_hal_crc.o
                                0x3a5 (size before relaxing)
 .debug_str     0x0000161c      0x15f ..\obj\stm32f1xx_hal_iwdg.o
                                0x38a (size before relaxing)
 .debug_str     0x0000177b       0xaa ..\obj\system_stm32f1xx.o
                                0x2a9 (size before relaxing)
 .debug_str     0x00001825      0x2e8 ..\obj\stm32f1xx_hal_rcc.o
                                0x61d (size before relaxing)
 .debug_str     0x00001b0d       0xb1 ..\obj\startup_stm32f10x_md.o
                                0x153 (size before relaxing)
 .debug_str     0x00001bbe      0x424 ..\obj\stm32f1xx_hal_adc.o
                                0x85c (size before relaxing)
 .debug_str     0x00001fe2      0x45b ..\obj\stm32f1xx_hal_pcd.o
                                0x93e (size before relaxing)
 .debug_str     0x0000243d      0x5e4 ..\obj\usbd_core.o
                                0x830 (size before relaxing)
 .debug_str     0x00002a21      0x72c ..\obj\main.o
                               0x152b (size before relaxing)
 .debug_str     0x0000314d      0x64f ..\obj\timers.o
                                0x809 (size before relaxing)
 .debug_str     0x0000379c      0x13b ..\obj\stm32f1xx_ll_usb.o
                                0x6de (size before relaxing)
 .debug_str     0x000038d7      0x4a5 ..\obj\printf.o
                                0x664 (size before relaxing)
 .debug_str     0x00003d7c      0xb51 ..\obj\tasks.o
                                0xeee (size before relaxing)
 .debug_str     0x000048cd      0x14f ..\obj\stm32f1xx_hal_gpio.o
                                0x42a (size before relaxing)
 .debug_str     0x00004a1c      0x134 ..\obj\stm32f1xx_hal_dma.o
                                0x516 (size before relaxing)
 .debug_str     0x00004b50      0x13f ..\obj\usbd_desc.o
                                0x3eb (size before relaxing)
 .debug_str     0x00004c8f      0x225 ..\obj\usbd_conf.o
                               0x10ba (size before relaxing)
 .debug_str     0x00004eb4       0x91 ..\obj\list.o
                                0x2bd (size before relaxing)
 .debug_str     0x00004f45      0x134 ..\obj\syscalls.o
                                0x2cf (size before relaxing)
 .debug_str     0x00005079       0xd0 ..\obj\stm32f1xx_hal_msp.o
                                0xe26 (size before relaxing)
 .debug_str     0x00005149      0x645 ..\obj\cmsis_os.o
                                0xcfe (size before relaxing)
 .debug_str     0x0000578e      0x3a0 ..\obj\queue.o
                                0x953 (size before relaxing)
 .debug_str     0x00005b2e      0x195 ..\obj\port.o
                                0x41d (size before relaxing)
 .debug_str     0x00005cc3      0x2b8 ..\obj\usbd_cdc.o
                                0x8ce (size before relaxing)
 .debug_str     0x00005f7b      0x2d9 ..\obj\stm32f1xx_hal_rtc.o
                                0x711 (size before relaxing)
 .debug_str     0x00006254      0x9b4 ..\obj\stm32f1xx_hal_tim.o
                               0x10ad (size before relaxing)
 .debug_str     0x00006c08       0xf2 ..\obj\usbd_ctlreq.o
                                0x762 (size before relaxing)
 .debug_str     0x00006cfa       0x61 ..\obj\stm32f1xx_hal_pcd_ex.o
                                0x561 (size before relaxing)
 .debug_str     0x00006d5b       0xc6 ..\obj\usbd_cdc_if.o
                                0x6b9 (size before relaxing)
 .debug_str     0x00006e21       0xbe ..\obj\heap_1.o
                                0x25b (size before relaxing)
 .debug_str     0x00006edf       0x6f ..\obj\usbd_ioreq.o
                                0x68f (size before relaxing)
 .debug_str     0x00006f4e       0x2e ..\obj\usb_device.o
                                0x624 (size before relaxing)
 .debug_str     0x00006f7c      0x3c4 ..\obj\stm32f1xx_hal_tim_ex.o
                                0xade (size before relaxing)

.comment        0x00000000       0x6e
 .comment       0x00000000       0x6e ..\obj\stm32f1xx_hal_rcc_ex.o
                                 0x6f (size before relaxing)
 .comment       0x0000006e       0x6f ..\obj\stm32f1xx_hal_pwr.o
 .comment       0x0000006e       0x6f ..\obj\stm32f1xx_hal.o
 .comment       0x0000006e       0x6f ..\obj\stm32f1xx_it.o
 .comment       0x0000006e       0x6f ..\obj\stm32f1xx_hal_cortex.o
 .comment       0x0000006e       0x6f ..\obj\stm32f1xx_hal_crc.o
 .comment       0x0000006e       0x6f ..\obj\stm32f1xx_hal_iwdg.o
 .comment       0x0000006e       0x6f ..\obj\system_stm32f1xx.o
 .comment       0x0000006e       0x6f ..\obj\stm32f1xx_hal_rcc.o
 .comment       0x0000006e       0x6f ..\obj\startup_stm32f10x_md.o
 .comment       0x0000006e       0x6f ..\obj\stm32f1xx_hal_adc.o
 .comment       0x0000006e       0x6f ..\obj\stm32f1xx_hal_pcd.o
 .comment       0x0000006e       0x6f ..\obj\usbd_core.o
 .comment       0x0000006e       0x6f ..\obj\main.o
 .comment       0x0000006e       0x6f ..\obj\timers.o
 .comment       0x0000006e       0x6f ..\obj\stm32f1xx_ll_usb.o
 .comment       0x0000006e       0x6f ..\obj\printf.o
 .comment       0x0000006e       0x6f ..\obj\tasks.o
 .comment       0x0000006e       0x6f ..\obj\stm32f1xx_hal_gpio.o
 .comment       0x0000006e       0x6f ..\obj\stm32f1xx_hal_dma.o
 .comment       0x0000006e       0x6f ..\obj\usbd_desc.o
 .comment       0x0000006e       0x6f ..\obj\usbd_conf.o
 .comment       0x0000006e       0x6f ..\obj\list.o
 .comment       0x0000006e       0x6f ..\obj\syscalls.o
 .comment       0x0000006e       0x6f ..\obj\stm32f1xx_hal_msp.o
 .comment       0x0000006e       0x6f ..\obj\cmsis_os.o
 .comment       0x0000006e       0x6f ..\obj\queue.o
 .comment       0x0000006e       0x6f ..\obj\port.o
 .comment       0x0000006e       0x6f ..\obj\usbd_cdc.o
 .comment       0x0000006e       0x6f ..\obj\stm32f1xx_hal_rtc.o
 .comment       0x0000006e       0x6f ..\obj\stm32f1xx_hal_tim.o
 .comment       0x0000006e       0x6f ..\obj\usbd_ctlreq.o
 .comment       0x0000006e       0x6f ..\obj\stm32f1xx_hal_pcd_ex.o
 .comment       0x0000006e       0x6f ..\obj\usbd_cdc_if.o
 .comment       0x0000006e       0x6f ..\obj\heap_1.o
 .comment       0x0000006e       0x6f ..\obj\usbd_ioreq.o
 .comment       0x0000006e       0x6f ..\obj\usb_device.o
 .comment       0x0000006e       0x6f ..\obj\stm32f1xx_hal_tim_ex.o

.ARM.attributes
                0x00000000       0x31
 .ARM.attributes
                0x00000000       0x33 ..\obj\stm32f1xx_hal_rcc_ex.o
 .ARM.attributes
                0x00000033       0x33 ..\obj\stm32f1xx_hal_pwr.o
 .ARM.attributes
                0x00000066       0x33 ..\obj\stm32f1xx_hal.o
 .ARM.attributes
                0x00000099       0x33 ..\obj\stm32f1xx_it.o
 .ARM.attributes
                0x000000cc       0x33 ..\obj\stm32f1xx_hal_cortex.o
 .ARM.attributes
                0x000000ff       0x33 ..\obj\stm32f1xx_hal_crc.o
 .ARM.attributes
                0x00000132       0x33 ..\obj\stm32f1xx_hal_iwdg.o
 .ARM.attributes
                0x00000165       0x33 ..\obj\system_stm32f1xx.o
 .ARM.attributes
                0x00000198       0x33 ..\obj\stm32f1xx_hal_rcc.o
 .ARM.attributes
                0x000001cb       0x33 ..\obj\startup_stm32f10x_md.o
 .ARM.attributes
                0x000001fe       0x33 ..\obj\stm32f1xx_hal_adc.o
 .ARM.attributes
                0x00000231       0x33 ..\obj\stm32f1xx_hal_pcd.o
 .ARM.attributes
                0x00000264       0x33 ..\obj\usbd_core.o
 .ARM.attributes
                0x00000297       0x33 ..\obj\main.o
 .ARM.attributes
                0x000002ca       0x33 ..\obj\timers.o
 .ARM.attributes
                0x000002fd       0x33 ..\obj\stm32f1xx_ll_usb.o
 .ARM.attributes
                0x00000330       0x33 ..\obj\printf.o
 .ARM.attributes
                0x00000363       0x33 ..\obj\tasks.o
 .ARM.attributes
                0x00000396       0x33 ..\obj\stm32f1xx_hal_gpio.o
 .ARM.attributes
                0x000003c9       0x33 ..\obj\stm32f1xx_hal_dma.o
 .ARM.attributes
                0x000003fc       0x33 ..\obj\usbd_desc.o
 .ARM.attributes
                0x0000042f       0x33 ..\obj\usbd_conf.o
 .ARM.attributes
                0x00000462       0x33 ..\obj\list.o
 .ARM.attributes
                0x00000495       0x33 ..\obj\syscalls.o
 .ARM.attributes
                0x000004c8       0x33 ..\obj\stm32f1xx_hal_msp.o
 .ARM.attributes
                0x000004fb       0x33 ..\obj\cmsis_os.o
 .ARM.attributes
                0x0000052e       0x33 ..\obj\queue.o
 .ARM.attributes
                0x00000561       0x33 ..\obj\port.o
 .ARM.attributes
                0x00000594       0x33 ..\obj\usbd_cdc.o
 .ARM.attributes
                0x000005c7       0x33 ..\obj\stm32f1xx_hal_rtc.o
 .ARM.attributes
                0x000005fa       0x33 ..\obj\stm32f1xx_hal_tim.o
 .ARM.attributes
                0x0000062d       0x33 ..\obj\usbd_ctlreq.o
 .ARM.attributes
                0x00000660       0x33 ..\obj\stm32f1xx_hal_pcd_ex.o
 .ARM.attributes
                0x00000693       0x33 ..\obj\usbd_cdc_if.o
 .ARM.attributes
                0x000006c6       0x33 ..\obj\heap_1.o
 .ARM.attributes
                0x000006f9       0x33 ..\obj\usbd_ioreq.o
 .ARM.attributes
                0x0000072c       0x33 ..\obj\usb_device.o
 .ARM.attributes
                0x0000075f       0x33 ..\obj\stm32f1xx_hal_tim_ex.o
 .ARM.attributes
                0x00000792       0x2d d:/coocox/toolchain/bin/../lib/gcc/arm-none-eabi/5.2.1/../../../../arm-none-eabi/lib/armv7-m\libg.a(lib_a-malloc.o)
 .ARM.attributes
                0x000007bf       0x2d d:/coocox/toolchain/bin/../lib/gcc/arm-none-eabi/5.2.1/../../../../arm-none-eabi/lib/armv7-m\libg.a(lib_a-mallocr.o)
 .ARM.attributes
                0x000007ec       0x1b d:/coocox/toolchain/bin/../lib/gcc/arm-none-eabi/5.2.1/../../../../arm-none-eabi/lib/armv7-m\libg.a(lib_a-memcpy.o)
 .ARM.attributes
                0x00000807       0x2d d:/coocox/toolchain/bin/../lib/gcc/arm-none-eabi/5.2.1/../../../../arm-none-eabi/lib/armv7-m\libg.a(lib_a-memset.o)
 .ARM.attributes
                0x00000834       0x2d d:/coocox/toolchain/bin/../lib/gcc/arm-none-eabi/5.2.1/../../../../arm-none-eabi/lib/armv7-m\libg.a(lib_a-mlock.o)
 .ARM.attributes
                0x00000861       0x2d d:/coocox/toolchain/bin/../lib/gcc/arm-none-eabi/5.2.1/../../../../arm-none-eabi/lib/armv7-m\libg.a(lib_a-sbrkr.o)
 .ARM.attributes
                0x0000088e       0x2d d:/coocox/toolchain/bin/../lib/gcc/arm-none-eabi/5.2.1/../../../../arm-none-eabi/lib/armv7-m\libg.a(lib_a-freer.o)
 .ARM.attributes
                0x000008bb       0x2d d:/coocox/toolchain/bin/../lib/gcc/arm-none-eabi/5.2.1/../../../../arm-none-eabi/lib/armv7-m\libg.a(lib_a-reent.o)

.debug_frame    0x00000000     0x4314
 .debug_frame   0x00000000       0x84 ..\obj\stm32f1xx_hal_rcc_ex.o
 .debug_frame   0x00000084      0x14c ..\obj\stm32f1xx_hal_pwr.o
 .debug_frame   0x000001d0      0x168 ..\obj\stm32f1xx_hal.o
 .debug_frame   0x00000338       0x5c ..\obj\stm32f1xx_it.o
 .debug_frame   0x00000394      0x13c ..\obj\stm32f1xx_hal_cortex.o
 .debug_frame   0x000004d0       0xb0 ..\obj\stm32f1xx_hal_crc.o
 .debug_frame   0x00000580       0x84 ..\obj\stm32f1xx_hal_iwdg.o
 .debug_frame   0x00000604       0x3c ..\obj\system_stm32f1xx.o
 .debug_frame   0x00000640      0x19c ..\obj\stm32f1xx_hal_rcc.o
 .debug_frame   0x000007dc       0x3c ..\obj\startup_stm32f10x_md.o
 .debug_frame   0x00000818      0x2ec ..\obj\stm32f1xx_hal_adc.o
 .debug_frame   0x00000b04      0x2e0 ..\obj\stm32f1xx_hal_pcd.o
 .debug_frame   0x00000de4      0x1c0 ..\obj\usbd_core.o
 .debug_frame   0x00000fa4       0xc0 ..\obj\main.o
 .debug_frame   0x00001064      0x18c ..\obj\timers.o
 .debug_frame   0x000011f0      0x28c ..\obj\stm32f1xx_ll_usb.o
 .debug_frame   0x0000147c      0x248 ..\obj\printf.o
 .debug_frame   0x000016c4      0x58c ..\obj\tasks.o
 .debug_frame   0x00001c50       0xec ..\obj\stm32f1xx_hal_gpio.o
 .debug_frame   0x00001d3c      0x148 ..\obj\stm32f1xx_hal_dma.o
 .debug_frame   0x00001e84       0xa8 ..\obj\usbd_desc.o
 .debug_frame   0x00001f2c      0x28c ..\obj\usbd_conf.o
 .debug_frame   0x000021b8       0x88 ..\obj\list.o
 .debug_frame   0x00002240       0xa0 ..\obj\syscalls.o
 .debug_frame   0x000022e0      0x124 ..\obj\stm32f1xx_hal_msp.o
 .debug_frame   0x00002404      0x52c ..\obj\cmsis_os.o
 .debug_frame   0x00002930      0x344 ..\obj\queue.o
 .debug_frame   0x00002c74      0x150 ..\obj\port.o
 .debug_frame   0x00002dc4      0x150 ..\obj\usbd_cdc.o
 .debug_frame   0x00002f14      0x300 ..\obj\stm32f1xx_hal_rtc.o
 .debug_frame   0x00003214      0x928 ..\obj\stm32f1xx_hal_tim.o
 .debug_frame   0x00003b3c       0xbc ..\obj\usbd_ctlreq.o
 .debug_frame   0x00003bf8       0x30 ..\obj\stm32f1xx_hal_pcd_ex.o
 .debug_frame   0x00003c28       0x7c ..\obj\usbd_cdc_if.o
 .debug_frame   0x00003ca4       0x64 ..\obj\heap_1.o
 .debug_frame   0x00003d08       0xc0 ..\obj\usbd_ioreq.o
 .debug_frame   0x00003dc8       0x2c ..\obj\usb_device.o
 .debug_frame   0x00003df4      0x340 ..\obj\stm32f1xx_hal_tim_ex.o
 .debug_frame   0x00004134       0x30 d:/coocox/toolchain/bin/../lib/gcc/arm-none-eabi/5.2.1/../../../../arm-none-eabi/lib/armv7-m\libg.a(lib_a-malloc.o)
 .debug_frame   0x00004164       0x54 d:/coocox/toolchain/bin/../lib/gcc/arm-none-eabi/5.2.1/../../../../arm-none-eabi/lib/armv7-m\libg.a(lib_a-mallocr.o)
 .debug_frame   0x000041b8       0x34 d:/coocox/toolchain/bin/../lib/gcc/arm-none-eabi/5.2.1/../../../../arm-none-eabi/lib/armv7-m\libg.a(lib_a-memset.o)
 .debug_frame   0x000041ec       0x30 d:/coocox/toolchain/bin/../lib/gcc/arm-none-eabi/5.2.1/../../../../arm-none-eabi/lib/armv7-m\libg.a(lib_a-mlock.o)
 .debug_frame   0x0000421c       0x2c d:/coocox/toolchain/bin/../lib/gcc/arm-none-eabi/5.2.1/../../../../arm-none-eabi/lib/armv7-m\libg.a(lib_a-sbrkr.o)
 .debug_frame   0x00004248       0x74 d:/coocox/toolchain/bin/../lib/gcc/arm-none-eabi/5.2.1/../../../../arm-none-eabi/lib/armv7-m\libg.a(lib_a-freer.o)
 .debug_frame   0x000042bc       0x58 d:/coocox/toolchain/bin/../lib/gcc/arm-none-eabi/5.2.1/../../../../arm-none-eabi/lib/armv7-m\libg.a(lib_a-reent.o)
