
Allocating common symbols
Common symbol       size              file

SaveRState          0x2               ..\obj\usb_int.o
HSEStartUpStatus    0x1               ..\obj\hw_config.o
SaveState           0x2               ..\obj\usb_init.o
Receive_length      0x4               ..\obj\usb_endp.o
wIstr               0x2               ..\obj\usb_istr.o
pProperty           0x4               ..\obj\usb_init.o
EPindex             0x1               ..\obj\usb_init.o
SaveTState          0x2               ..\obj\usb_int.o
Device_Info         0x1c              ..\obj\usb_init.o
pUser_Standard_Requests
                    0x4               ..\obj\usb_init.o
Receive_Buffer      0x40              ..\obj\hw_config.o
StatusInfo          0x2               ..\obj\usb_core.o
pInformation        0x4               ..\obj\usb_init.o
ResumeS             0x2               ..\obj\usb_pwr.o
EP                  0x20              ..\obj\usb_pwr.o
EXTI_InitStructure  0x8               ..\obj\hw_config.o
Send_Buffer         0x40              ..\obj\main.o
Send_length         0x4               ..\obj\hw_config.o
wInterrupt_Mask     0x2               ..\obj\usb_init.o

Discarded input sections

 .text          0x00000000        0x0 ..\obj\stm32f10x_rtc.o
 .data          0x00000000        0x0 ..\obj\stm32f10x_rtc.o
 .bss           0x00000000        0x0 ..\obj\stm32f10x_rtc.o
 .text.RTC_ITConfig
                0x00000000       0x20 ..\obj\stm32f10x_rtc.o
 .text.RTC_EnterConfigMode
                0x00000000       0x14 ..\obj\stm32f10x_rtc.o
 .text.RTC_ExitConfigMode
                0x00000000       0x14 ..\obj\stm32f10x_rtc.o
 .text.RTC_GetCounter
                0x00000000       0x14 ..\obj\stm32f10x_rtc.o
 .text.RTC_SetCounter
                0x00000000       0x1c ..\obj\stm32f10x_rtc.o
 .text.RTC_SetPrescaler
                0x00000000       0x20 ..\obj\stm32f10x_rtc.o
 .text.RTC_SetAlarm
                0x00000000       0x1c ..\obj\stm32f10x_rtc.o
 .text.RTC_GetDivider
                0x00000000       0x18 ..\obj\stm32f10x_rtc.o
 .text.RTC_WaitForLastTask
                0x00000000       0x14 ..\obj\stm32f10x_rtc.o
 .text.RTC_WaitForSynchro
                0x00000000       0x20 ..\obj\stm32f10x_rtc.o
 .text.RTC_GetFlagStatus
                0x00000000       0x14 ..\obj\stm32f10x_rtc.o
 .text.RTC_ClearFlag
                0x00000000       0x14 ..\obj\stm32f10x_rtc.o
 .text.RTC_GetITStatus
                0x00000000       0x24 ..\obj\stm32f10x_rtc.o
 .text.RTC_ClearITPendingBit
                0x00000000       0x14 ..\obj\stm32f10x_rtc.o
 .debug_info    0x00000000      0x475 ..\obj\stm32f10x_rtc.o
 .debug_abbrev  0x00000000      0x18d ..\obj\stm32f10x_rtc.o
 .debug_loc     0x00000000      0x22f ..\obj\stm32f10x_rtc.o
 .debug_aranges
                0x00000000       0x88 ..\obj\stm32f10x_rtc.o
 .debug_ranges  0x00000000       0x78 ..\obj\stm32f10x_rtc.o
 .debug_line    0x00000000      0x264 ..\obj\stm32f10x_rtc.o
 .debug_str     0x00000000      0x3a6 ..\obj\stm32f10x_rtc.o
 .comment       0x00000000       0x71 ..\obj\stm32f10x_rtc.o
 .ARM.attributes
                0x00000000       0x33 ..\obj\stm32f10x_rtc.o
 .debug_frame   0x00000000      0x108 ..\obj\stm32f10x_rtc.o
 .text          0x00000000        0x0 ..\obj\usb_core.o
 .data          0x00000000        0x0 ..\obj\usb_core.o
 .text          0x00000000        0x0 ..\obj\stm32f10x_tim.o
 .data          0x00000000        0x0 ..\obj\stm32f10x_tim.o
 .bss           0x00000000        0x0 ..\obj\stm32f10x_tim.o
 .text.TI1_Config
                0x00000000       0x70 ..\obj\stm32f10x_tim.o
 .text.TI2_Config
                0x00000000       0x78 ..\obj\stm32f10x_tim.o
 .text.TIM_DeInit
                0x00000000      0x200 ..\obj\stm32f10x_tim.o
 .text.TIM_TimeBaseInit
                0x00000000       0xa0 ..\obj\stm32f10x_tim.o
 .text.TIM_OC1Init
                0x00000000       0x8c ..\obj\stm32f10x_tim.o
 .text.TIM_OC2Init
                0x00000000       0x88 ..\obj\stm32f10x_tim.o
 .text.TIM_OC3Init
                0x00000000       0x84 ..\obj\stm32f10x_tim.o
 .text.TIM_OC4Init
                0x00000000       0x6c ..\obj\stm32f10x_tim.o
 .text.TIM_BDTRConfig
                0x00000000       0x24 ..\obj\stm32f10x_tim.o
 .text.TIM_TimeBaseStructInit
                0x00000000       0x14 ..\obj\stm32f10x_tim.o
 .text.TIM_OCStructInit
                0x00000000       0x14 ..\obj\stm32f10x_tim.o
 .text.TIM_ICStructInit
                0x00000000       0x10 ..\obj\stm32f10x_tim.o
 .text.TIM_BDTRStructInit
                0x00000000       0x14 ..\obj\stm32f10x_tim.o
 .text.TIM_Cmd  0x00000000       0x1c ..\obj\stm32f10x_tim.o
 .text.TIM_CtrlPWMOutputs
                0x00000000       0x24 ..\obj\stm32f10x_tim.o
 .text.TIM_ITConfig
                0x00000000       0x18 ..\obj\stm32f10x_tim.o
 .text.TIM_GenerateEvent
                0x00000000        0x4 ..\obj\stm32f10x_tim.o
 .text.TIM_DMAConfig
                0x00000000        0x8 ..\obj\stm32f10x_tim.o
 .text.TIM_DMACmd
                0x00000000       0x18 ..\obj\stm32f10x_tim.o
 .text.TIM_InternalClockConfig
                0x00000000       0x10 ..\obj\stm32f10x_tim.o
 .text.TIM_ITRxExternalClockConfig
                0x00000000       0x1c ..\obj\stm32f10x_tim.o
 .text.TIM_TIxExternalClockConfig
                0x00000000       0x38 ..\obj\stm32f10x_tim.o
 .text.TIM_ETRConfig
                0x00000000       0x18 ..\obj\stm32f10x_tim.o
 .text.TIM_ETRClockMode1Config
                0x00000000       0x1c ..\obj\stm32f10x_tim.o
 .text.TIM_ETRClockMode2Config
                0x00000000       0x14 ..\obj\stm32f10x_tim.o
 .text.TIM_PrescalerConfig
                0x00000000        0x8 ..\obj\stm32f10x_tim.o
 .text.TIM_CounterModeConfig
                0x00000000       0x10 ..\obj\stm32f10x_tim.o
 .text.TIM_SelectInputTrigger
                0x00000000       0x10 ..\obj\stm32f10x_tim.o
 .text.TIM_EncoderInterfaceConfig
                0x00000000       0x3c ..\obj\stm32f10x_tim.o
 .text.TIM_ForcedOC1Config
                0x00000000       0x10 ..\obj\stm32f10x_tim.o
 .text.TIM_ForcedOC2Config
                0x00000000       0x14 ..\obj\stm32f10x_tim.o
 .text.TIM_ForcedOC3Config
                0x00000000       0x10 ..\obj\stm32f10x_tim.o
 .text.TIM_ForcedOC4Config
                0x00000000       0x14 ..\obj\stm32f10x_tim.o
 .text.TIM_ARRPreloadConfig
                0x00000000       0x1c ..\obj\stm32f10x_tim.o
 .text.TIM_SelectCOM
                0x00000000       0x1c ..\obj\stm32f10x_tim.o
 .text.TIM_SelectCCDMA
                0x00000000       0x1c ..\obj\stm32f10x_tim.o
 .text.TIM_CCPreloadControl
                0x00000000       0x1c ..\obj\stm32f10x_tim.o
 .text.TIM_OC1PreloadConfig
                0x00000000       0x10 ..\obj\stm32f10x_tim.o
 .text.TIM_OC2PreloadConfig
                0x00000000       0x14 ..\obj\stm32f10x_tim.o
 .text.TIM_OC3PreloadConfig
                0x00000000       0x10 ..\obj\stm32f10x_tim.o
 .text.TIM_OC4PreloadConfig
                0x00000000       0x14 ..\obj\stm32f10x_tim.o
 .text.TIM_OC1FastConfig
                0x00000000       0x10 ..\obj\stm32f10x_tim.o
 .text.TIM_OC2FastConfig
                0x00000000       0x14 ..\obj\stm32f10x_tim.o
 .text.TIM_OC3FastConfig
                0x00000000       0x10 ..\obj\stm32f10x_tim.o
 .text.TIM_OC4FastConfig
                0x00000000       0x14 ..\obj\stm32f10x_tim.o
 .text.TIM_ClearOC1Ref
                0x00000000       0x10 ..\obj\stm32f10x_tim.o
 .text.TIM_ClearOC2Ref
                0x00000000       0x10 ..\obj\stm32f10x_tim.o
 .text.TIM_ClearOC3Ref
                0x00000000       0x10 ..\obj\stm32f10x_tim.o
 .text.TIM_ClearOC4Ref
                0x00000000       0x10 ..\obj\stm32f10x_tim.o
 .text.TIM_OC1PolarityConfig
                0x00000000       0x10 ..\obj\stm32f10x_tim.o
 .text.TIM_OC1NPolarityConfig
                0x00000000       0x10 ..\obj\stm32f10x_tim.o
 .text.TIM_OC2PolarityConfig
                0x00000000       0x14 ..\obj\stm32f10x_tim.o
 .text.TIM_OC2NPolarityConfig
                0x00000000       0x14 ..\obj\stm32f10x_tim.o
 .text.TIM_OC3PolarityConfig
                0x00000000       0x14 ..\obj\stm32f10x_tim.o
 .text.TIM_OC3NPolarityConfig
                0x00000000       0x14 ..\obj\stm32f10x_tim.o
 .text.TIM_OC4PolarityConfig
                0x00000000       0x14 ..\obj\stm32f10x_tim.o
 .text.TIM_CCxCmd
                0x00000000       0x20 ..\obj\stm32f10x_tim.o
 .text.TIM_CCxNCmd
                0x00000000       0x20 ..\obj\stm32f10x_tim.o
 .text.TIM_SelectOCxM
                0x00000000       0x4c ..\obj\stm32f10x_tim.o
 .text.TIM_UpdateDisableConfig
                0x00000000       0x1c ..\obj\stm32f10x_tim.o
 .text.TIM_UpdateRequestConfig
                0x00000000       0x1c ..\obj\stm32f10x_tim.o
 .text.TIM_SelectHallSensor
                0x00000000       0x1c ..\obj\stm32f10x_tim.o
 .text.TIM_SelectOnePulseMode
                0x00000000       0x18 ..\obj\stm32f10x_tim.o
 .text.TIM_SelectOutputTrigger
                0x00000000       0x18 ..\obj\stm32f10x_tim.o
 .text.TIM_SelectSlaveMode
                0x00000000       0x18 ..\obj\stm32f10x_tim.o
 .text.TIM_SelectMasterSlaveMode
                0x00000000       0x18 ..\obj\stm32f10x_tim.o
 .text.TIM_SetCounter
                0x00000000        0x4 ..\obj\stm32f10x_tim.o
 .text.TIM_SetAutoreload
                0x00000000        0x4 ..\obj\stm32f10x_tim.o
 .text.TIM_SetCompare1
                0x00000000        0x4 ..\obj\stm32f10x_tim.o
 .text.TIM_SetCompare2
                0x00000000        0x4 ..\obj\stm32f10x_tim.o
 .text.TIM_SetCompare3
                0x00000000        0x4 ..\obj\stm32f10x_tim.o
 .text.TIM_SetCompare4
                0x00000000        0x8 ..\obj\stm32f10x_tim.o
 .text.TIM_SetIC1Prescaler
                0x00000000       0x18 ..\obj\stm32f10x_tim.o
 .text.TIM_SetIC2Prescaler
                0x00000000       0x1c ..\obj\stm32f10x_tim.o
 .text.TIM_PWMIConfig
                0x00000000       0x6c ..\obj\stm32f10x_tim.o
 .text.TIM_SetIC3Prescaler
                0x00000000       0x18 ..\obj\stm32f10x_tim.o
 .text.TIM_SetIC4Prescaler
                0x00000000       0x1c ..\obj\stm32f10x_tim.o
 .text.TIM_ICInit
                0x00000000      0x13c ..\obj\stm32f10x_tim.o
 .text.TIM_SetClockDivision
                0x00000000       0x18 ..\obj\stm32f10x_tim.o
 .text.TIM_GetCapture1
                0x00000000        0x8 ..\obj\stm32f10x_tim.o
 .text.TIM_GetCapture2
                0x00000000        0x8 ..\obj\stm32f10x_tim.o
 .text.TIM_GetCapture3
                0x00000000        0x8 ..\obj\stm32f10x_tim.o
 .text.TIM_GetCapture4
                0x00000000        0x8 ..\obj\stm32f10x_tim.o
 .text.TIM_GetCounter
                0x00000000        0x8 ..\obj\stm32f10x_tim.o
 .text.TIM_GetPrescaler
                0x00000000        0x8 ..\obj\stm32f10x_tim.o
 .text.TIM_GetFlagStatus
                0x00000000        0xc ..\obj\stm32f10x_tim.o
 .text.TIM_ClearFlag
                0x00000000        0x8 ..\obj\stm32f10x_tim.o
 .text.TIM_GetITStatus
                0x00000000       0x18 ..\obj\stm32f10x_tim.o
 .text.TIM_ClearITPendingBit
                0x00000000        0x8 ..\obj\stm32f10x_tim.o
 .debug_info    0x00000000     0x2251 ..\obj\stm32f10x_tim.o
 .debug_abbrev  0x00000000      0x295 ..\obj\stm32f10x_tim.o
 .debug_loc     0x00000000     0x1c94 ..\obj\stm32f10x_tim.o
 .debug_aranges
                0x00000000      0x2e0 ..\obj\stm32f10x_tim.o
 .debug_ranges  0x00000000      0x2d0 ..\obj\stm32f10x_tim.o
 .debug_line    0x00000000      0x99d ..\obj\stm32f10x_tim.o
 .debug_str     0x00000000      0xe0f ..\obj\stm32f10x_tim.o
 .comment       0x00000000       0x71 ..\obj\stm32f10x_tim.o
 .ARM.attributes
                0x00000000       0x33 ..\obj\stm32f10x_tim.o
 .debug_frame   0x00000000      0x640 ..\obj\stm32f10x_tim.o
 .text          0x00000000        0x0 ..\obj\usb_int.o
 .data          0x00000000        0x0 ..\obj\usb_int.o
 .bss           0x00000000        0x0 ..\obj\usb_int.o
 .text.CTR_HP   0x00000000       0x88 ..\obj\usb_int.o
 .text          0x00000000        0x0 ..\obj\stm32f10x_dbgmcu.o
 .data          0x00000000        0x0 ..\obj\stm32f10x_dbgmcu.o
 .bss           0x00000000        0x0 ..\obj\stm32f10x_dbgmcu.o
 .text.DBGMCU_GetREVID
                0x00000000        0xc ..\obj\stm32f10x_dbgmcu.o
 .text.DBGMCU_GetDEVID
                0x00000000       0x10 ..\obj\stm32f10x_dbgmcu.o
 .text.DBGMCU_Config
                0x00000000       0x1c ..\obj\stm32f10x_dbgmcu.o
 .debug_info    0x00000000      0x15e ..\obj\stm32f10x_dbgmcu.o
 .debug_abbrev  0x00000000       0xed ..\obj\stm32f10x_dbgmcu.o
 .debug_loc     0x00000000       0x3a ..\obj\stm32f10x_dbgmcu.o
 .debug_aranges
                0x00000000       0x30 ..\obj\stm32f10x_dbgmcu.o
 .debug_ranges  0x00000000       0x20 ..\obj\stm32f10x_dbgmcu.o
 .debug_line    0x00000000      0x183 ..\obj\stm32f10x_dbgmcu.o
 .debug_str     0x00000000      0x1f6 ..\obj\stm32f10x_dbgmcu.o
 .comment       0x00000000       0x71 ..\obj\stm32f10x_dbgmcu.o
 .ARM.attributes
                0x00000000       0x33 ..\obj\stm32f10x_dbgmcu.o
 .debug_frame   0x00000000       0x40 ..\obj\stm32f10x_dbgmcu.o
 .text          0x00000000        0x0 ..\obj\system_stm32f10x.o
 .data          0x00000000       0x14 ..\obj\system_stm32f10x.o
 .bss           0x00000000        0x0 ..\obj\system_stm32f10x.o
 .text.SystemCoreClockUpdate
                0x00000000       0x88 ..\obj\system_stm32f10x.o
 .text          0x00000000        0x0 ..\obj\usb_desc.o
 .bss           0x00000000        0x0 ..\obj\usb_desc.o
 .text          0x00000000        0x0 ..\obj\usb_regs.o
 .data          0x00000000        0x0 ..\obj\usb_regs.o
 .bss           0x00000000        0x0 ..\obj\usb_regs.o
 .text.SetCNTR  0x00000000        0xc ..\obj\usb_regs.o
 .text.GetCNTR  0x00000000        0xc ..\obj\usb_regs.o
 .text.SetISTR  0x00000000        0xc ..\obj\usb_regs.o
 .text.GetISTR  0x00000000        0xc ..\obj\usb_regs.o
 .text.GetFNR   0x00000000        0xc ..\obj\usb_regs.o
 .text.SetDADDR
                0x00000000        0xc ..\obj\usb_regs.o
 .text.GetDADDR
                0x00000000        0xc ..\obj\usb_regs.o
 .text.GetBTABLE
                0x00000000        0xc ..\obj\usb_regs.o
 .text.SetENDPOINT
                0x00000000       0x10 ..\obj\usb_regs.o
 .text.GetENDPOINT
                0x00000000       0x10 ..\obj\usb_regs.o
 .text.GetEPType
                0x00000000       0x14 ..\obj\usb_regs.o
 .text.SetDouBleBuffEPStall
                0x00000000       0x2c ..\obj\usb_regs.o
 .text.GetEPTxStatus
                0x00000000       0x14 ..\obj\usb_regs.o
 .text.GetEPRxStatus
                0x00000000       0x14 ..\obj\usb_regs.o
 .text.SetEP_KIND
                0x00000000       0x20 ..\obj\usb_regs.o
 .text.ClearEP_KIND
                0x00000000       0x20 ..\obj\usb_regs.o
 .text.Set_Status_Out
                0x00000000       0x20 ..\obj\usb_regs.o
 .text.SetEPDoubleBuff
                0x00000000       0x20 ..\obj\usb_regs.o
 .text.ClearEPDoubleBuff
                0x00000000       0x20 ..\obj\usb_regs.o
 .text.GetTxStallStatus
                0x00000000       0x1c ..\obj\usb_regs.o
 .text.GetRxStallStatus
                0x00000000       0x1c ..\obj\usb_regs.o
 .text.ClearEP_CTR_RX
                0x00000000       0x18 ..\obj\usb_regs.o
 .text.ClearEP_CTR_TX
                0x00000000       0x1c ..\obj\usb_regs.o
 .text.ToggleDTOG_RX
                0x00000000       0x20 ..\obj\usb_regs.o
 .text.ToggleDTOG_TX
                0x00000000       0x20 ..\obj\usb_regs.o
 .text.SetEPAddress
                0x00000000       0x24 ..\obj\usb_regs.o
 .text.GetEPAddress
                0x00000000       0x14 ..\obj\usb_regs.o
 .text.SetEPCountRxReg
                0x00000000       0x2c ..\obj\usb_regs.o
 .text.GetEPTxCount
                0x00000000       0x20 ..\obj\usb_regs.o
 .text.SetEPDblBuffAddr
                0x00000000       0x3c ..\obj\usb_regs.o
 .text.SetEPDblBuf0Addr
                0x00000000       0x20 ..\obj\usb_regs.o
 .text.SetEPDblBuf1Addr
                0x00000000       0x20 ..\obj\usb_regs.o
 .text.GetEPDblBuf0Addr
                0x00000000       0x1c ..\obj\usb_regs.o
 .text.GetEPDblBuf1Addr
                0x00000000       0x1c ..\obj\usb_regs.o
 .text.SetEPDblBuffCount
                0x00000000       0xbc ..\obj\usb_regs.o
 .text.SetEPDblBuf0Count
                0x00000000       0x60 ..\obj\usb_regs.o
 .text.SetEPDblBuf1Count
                0x00000000       0x60 ..\obj\usb_regs.o
 .text.GetEPDblBuf0Count
                0x00000000       0x20 ..\obj\usb_regs.o
 .text.GetEPDblBuf1Count
                0x00000000       0x20 ..\obj\usb_regs.o
 .text.GetEPDblBufDir
                0x00000000       0x48 ..\obj\usb_regs.o
 .text.FreeUserBuffer
                0x00000000       0x48 ..\obj\usb_regs.o
 .text.ToWord   0x00000000        0x8 ..\obj\usb_regs.o
 .text          0x00000000        0x0 ..\obj\startup_stm32f10x_md.o
 .data          0x00000000        0x0 ..\obj\startup_stm32f10x_md.o
 .bss           0x00000000        0x0 ..\obj\startup_stm32f10x_md.o
 .text          0x00000000        0x0 ..\obj\stm32f10x_pwr.o
 .data          0x00000000        0x0 ..\obj\stm32f10x_pwr.o
 .bss           0x00000000        0x0 ..\obj\stm32f10x_pwr.o
 .text.PWR_DeInit
                0x00000000       0x18 ..\obj\stm32f10x_pwr.o
 .text.PWR_BackupAccessCmd
                0x00000000        0xc ..\obj\stm32f10x_pwr.o
 .text.PWR_PVDCmd
                0x00000000        0xc ..\obj\stm32f10x_pwr.o
 .text.PWR_PVDLevelConfig
                0x00000000       0x14 ..\obj\stm32f10x_pwr.o
 .text.PWR_WakeUpPinCmd
                0x00000000        0xc ..\obj\stm32f10x_pwr.o
 .text.PWR_EnterSTOPMode
                0x00000000       0x34 ..\obj\stm32f10x_pwr.o
 .text.PWR_EnterSTANDBYMode
                0x00000000       0x28 ..\obj\stm32f10x_pwr.o
 .text.PWR_GetFlagStatus
                0x00000000       0x14 ..\obj\stm32f10x_pwr.o
 .text.PWR_ClearFlag
                0x00000000       0x10 ..\obj\stm32f10x_pwr.o
 .debug_info    0x00000000      0x4cd ..\obj\stm32f10x_pwr.o
 .debug_abbrev  0x00000000      0x1b2 ..\obj\stm32f10x_pwr.o
 .debug_loc     0x00000000      0x111 ..\obj\stm32f10x_pwr.o
 .debug_aranges
                0x00000000       0x60 ..\obj\stm32f10x_pwr.o
 .debug_ranges  0x00000000       0x50 ..\obj\stm32f10x_pwr.o
 .debug_line    0x00000000      0x256 ..\obj\stm32f10x_pwr.o
 .debug_str     0x00000000      0x33d ..\obj\stm32f10x_pwr.o
 .comment       0x00000000       0x71 ..\obj\stm32f10x_pwr.o
 .ARM.attributes
                0x00000000       0x33 ..\obj\stm32f10x_pwr.o
 .debug_frame   0x00000000       0xa8 ..\obj\stm32f10x_pwr.o
 .text          0x00000000        0x0 ..\obj\hw_config.o
 .data          0x00000000        0x0 ..\obj\hw_config.o
 .bss           0x00000000        0x0 ..\obj\hw_config.o
 .text.Enter_LowPowerMode
                0x00000000        0xc ..\obj\hw_config.o
 .text.USB_Cable_Config
                0x00000000        0x4 ..\obj\hw_config.o
 .text          0x00000000        0x0 ..\obj\stm32f10x_gpio.o
 .data          0x00000000        0x0 ..\obj\stm32f10x_gpio.o
 .bss           0x00000000        0x0 ..\obj\stm32f10x_gpio.o
 .text.GPIO_DeInit
                0x00000000       0xcc ..\obj\stm32f10x_gpio.o
 .text.GPIO_AFIODeInit
                0x00000000       0x14 ..\obj\stm32f10x_gpio.o
 .text.GPIO_Init
                0x00000000       0xa4 ..\obj\stm32f10x_gpio.o
 .text.GPIO_StructInit
                0x00000000       0x10 ..\obj\stm32f10x_gpio.o
 .text.GPIO_ReadInputDataBit
                0x00000000        0xc ..\obj\stm32f10x_gpio.o
 .text.GPIO_ReadInputData
                0x00000000        0x8 ..\obj\stm32f10x_gpio.o
 .text.GPIO_ReadOutputDataBit
                0x00000000        0xc ..\obj\stm32f10x_gpio.o
 .text.GPIO_ReadOutputData
                0x00000000        0x8 ..\obj\stm32f10x_gpio.o
 .text.GPIO_SetBits
                0x00000000        0x4 ..\obj\stm32f10x_gpio.o
 .text.GPIO_ResetBits
                0x00000000        0x4 ..\obj\stm32f10x_gpio.o
 .text.GPIO_WriteBit
                0x00000000        0xc ..\obj\stm32f10x_gpio.o
 .text.GPIO_Write
                0x00000000        0x4 ..\obj\stm32f10x_gpio.o
 .text.GPIO_PinLockConfig
                0x00000000       0x10 ..\obj\stm32f10x_gpio.o
 .text.GPIO_EventOutputConfig
                0x00000000       0x1c ..\obj\stm32f10x_gpio.o
 .text.GPIO_EventOutputCmd
                0x00000000        0xc ..\obj\stm32f10x_gpio.o
 .text.GPIO_PinRemapConfig
                0x00000000       0x70 ..\obj\stm32f10x_gpio.o
 .text.GPIO_EXTILineConfig
                0x00000000       0x30 ..\obj\stm32f10x_gpio.o
 .text.GPIO_ETH_MediaInterfaceConfig
                0x00000000        0xc ..\obj\stm32f10x_gpio.o
 .debug_info    0x00000000      0x885 ..\obj\stm32f10x_gpio.o
 .debug_abbrev  0x00000000      0x1f0 ..\obj\stm32f10x_gpio.o
 .debug_loc     0x00000000      0x4d9 ..\obj\stm32f10x_gpio.o
 .debug_aranges
                0x00000000       0xa8 ..\obj\stm32f10x_gpio.o
 .debug_ranges  0x00000000       0x98 ..\obj\stm32f10x_gpio.o
 .debug_line    0x00000000      0x34b ..\obj\stm32f10x_gpio.o
 .debug_str     0x00000000      0x534 ..\obj\stm32f10x_gpio.o
 .comment       0x00000000       0x71 ..\obj\stm32f10x_gpio.o
 .ARM.attributes
                0x00000000       0x33 ..\obj\stm32f10x_gpio.o
 .debug_frame   0x00000000      0x160 ..\obj\stm32f10x_gpio.o
 .text          0x00000000        0x0 ..\obj\usb_prop.o
 .text          0x00000000        0x0 ..\obj\usb_pwr.o
 .text.PowerOn  0x00000000       0x30 ..\obj\usb_pwr.o
 .text.PowerOff
                0x00000000       0x24 ..\obj\usb_pwr.o
 .text          0x00000000        0x0 ..\obj\usb_init.o
 .data          0x00000000        0x0 ..\obj\usb_init.o
 .bss           0x00000000        0x0 ..\obj\usb_init.o
 .text          0x00000000        0x0 ..\obj\main.o
 .bss           0x00000000        0x0 ..\obj\main.o
 COMMON         0x00000000       0x40 ..\obj\main.o
 .text          0x00000000        0x0 ..\obj\stm32f10x_crc.o
 .data          0x00000000        0x0 ..\obj\stm32f10x_crc.o
 .bss           0x00000000        0x0 ..\obj\stm32f10x_crc.o
 .text.CRC_ResetDR
                0x00000000        0xc ..\obj\stm32f10x_crc.o
 .text.CRC_CalcCRC
                0x00000000        0xc ..\obj\stm32f10x_crc.o
 .text.CRC_CalcBlockCRC
                0x00000000       0x24 ..\obj\stm32f10x_crc.o
 .text.CRC_GetCRC
                0x00000000        0xc ..\obj\stm32f10x_crc.o
 .text.CRC_SetIDRegister
                0x00000000        0xc ..\obj\stm32f10x_crc.o
 .text.CRC_GetIDRegister
                0x00000000        0xc ..\obj\stm32f10x_crc.o
 .debug_info    0x00000000      0x209 ..\obj\stm32f10x_crc.o
 .debug_abbrev  0x00000000      0x123 ..\obj\stm32f10x_crc.o
 .debug_loc     0x00000000       0x5f ..\obj\stm32f10x_crc.o
 .debug_aranges
                0x00000000       0x48 ..\obj\stm32f10x_crc.o
 .debug_ranges  0x00000000       0x38 ..\obj\stm32f10x_crc.o
 .debug_line    0x00000000      0x1c2 ..\obj\stm32f10x_crc.o
 .debug_str     0x00000000      0x23f ..\obj\stm32f10x_crc.o
 .comment       0x00000000       0x71 ..\obj\stm32f10x_crc.o
 .ARM.attributes
                0x00000000       0x33 ..\obj\stm32f10x_crc.o
 .debug_frame   0x00000000       0x78 ..\obj\stm32f10x_crc.o
 .text          0x00000000        0x0 ..\obj\stm32f10x_rcc.o
 .data          0x00000000       0x14 ..\obj\stm32f10x_rcc.o
 .bss           0x00000000        0x0 ..\obj\stm32f10x_rcc.o
 .text.RCC_DeInit
                0x00000000       0x40 ..\obj\stm32f10x_rcc.o
 .text.RCC_HSEConfig
                0x00000000       0x3c ..\obj\stm32f10x_rcc.o
 .text.RCC_AdjustHSICalibrationValue
                0x00000000       0x14 ..\obj\stm32f10x_rcc.o
 .text.RCC_HSICmd
                0x00000000        0xc ..\obj\stm32f10x_rcc.o
 .text.RCC_PLLConfig
                0x00000000       0x14 ..\obj\stm32f10x_rcc.o
 .text.RCC_PLLCmd
                0x00000000        0xc ..\obj\stm32f10x_rcc.o
 .text.RCC_SYSCLKConfig
                0x00000000       0x14 ..\obj\stm32f10x_rcc.o
 .text.RCC_GetSYSCLKSource
                0x00000000       0x10 ..\obj\stm32f10x_rcc.o
 .text.RCC_HCLKConfig
                0x00000000       0x14 ..\obj\stm32f10x_rcc.o
 .text.RCC_PCLK1Config
                0x00000000       0x14 ..\obj\stm32f10x_rcc.o
 .text.RCC_PCLK2Config
                0x00000000       0x14 ..\obj\stm32f10x_rcc.o
 .text.RCC_ITConfig
                0x00000000       0x1c ..\obj\stm32f10x_rcc.o
 .text.RCC_ADCCLKConfig
                0x00000000       0x14 ..\obj\stm32f10x_rcc.o
 .text.RCC_LSEConfig
                0x00000000       0x28 ..\obj\stm32f10x_rcc.o
 .text.RCC_LSICmd
                0x00000000        0xc ..\obj\stm32f10x_rcc.o
 .text.RCC_RTCCLKConfig
                0x00000000       0x10 ..\obj\stm32f10x_rcc.o
 .text.RCC_RTCCLKCmd
                0x00000000        0xc ..\obj\stm32f10x_rcc.o
 .text.RCC_GetClocksFreq
                0x00000000       0xb4 ..\obj\stm32f10x_rcc.o
 .text.RCC_AHBPeriphClockCmd
                0x00000000       0x1c ..\obj\stm32f10x_rcc.o
 .text.RCC_APB2PeriphClockCmd
                0x00000000       0x1c ..\obj\stm32f10x_rcc.o
 .text.RCC_APB2PeriphResetCmd
                0x00000000       0x1c ..\obj\stm32f10x_rcc.o
 .text.RCC_APB1PeriphResetCmd
                0x00000000       0x1c ..\obj\stm32f10x_rcc.o
 .text.RCC_BackupResetCmd
                0x00000000        0xc ..\obj\stm32f10x_rcc.o
 .text.RCC_ClockSecuritySystemCmd
                0x00000000        0xc ..\obj\stm32f10x_rcc.o
 .text.RCC_MCOConfig
                0x00000000        0xc ..\obj\stm32f10x_rcc.o
 .text.RCC_GetFlagStatus
                0x00000000       0x28 ..\obj\stm32f10x_rcc.o
 .text.RCC_WaitForHSEStartUp
                0x00000000       0x34 ..\obj\stm32f10x_rcc.o
 .text.RCC_ClearFlag
                0x00000000       0x10 ..\obj\stm32f10x_rcc.o
 .text.RCC_GetITStatus
                0x00000000       0x14 ..\obj\stm32f10x_rcc.o
 .text.RCC_ClearITPendingBit
                0x00000000        0xc ..\obj\stm32f10x_rcc.o
 .text          0x00000000        0x0 ..\obj\stm32f10x_exti.o
 .data          0x00000000        0x0 ..\obj\stm32f10x_exti.o
 .bss           0x00000000        0x0 ..\obj\stm32f10x_exti.o
 .text.EXTI_DeInit
                0x00000000       0x1c ..\obj\stm32f10x_exti.o
 .text.EXTI_StructInit
                0x00000000       0x10 ..\obj\stm32f10x_exti.o
 .text.EXTI_GenerateSWInterrupt
                0x00000000       0x10 ..\obj\stm32f10x_exti.o
 .text.EXTI_GetFlagStatus
                0x00000000       0x14 ..\obj\stm32f10x_exti.o
 .text.EXTI_ClearFlag
                0x00000000        0xc ..\obj\stm32f10x_exti.o
 .text.EXTI_GetITStatus
                0x00000000       0x1c ..\obj\stm32f10x_exti.o
 .text          0x00000000        0x0 ..\obj\stm32f10x_adc.o
 .data          0x00000000        0x0 ..\obj\stm32f10x_adc.o
 .bss           0x00000000        0x0 ..\obj\stm32f10x_adc.o
 .text.ADC_DeInit
                0x00000000       0x64 ..\obj\stm32f10x_adc.o
 .text.ADC_Init
                0x00000000       0x4c ..\obj\stm32f10x_adc.o
 .text.ADC_StructInit
                0x00000000       0x14 ..\obj\stm32f10x_adc.o
 .text.ADC_Cmd  0x00000000       0x18 ..\obj\stm32f10x_adc.o
 .text.ADC_DMACmd
                0x00000000       0x18 ..\obj\stm32f10x_adc.o
 .text.ADC_ITConfig
                0x00000000       0x18 ..\obj\stm32f10x_adc.o
 .text.ADC_ResetCalibration
                0x00000000        0xc ..\obj\stm32f10x_adc.o
 .text.ADC_GetResetCalibrationStatus
                0x00000000        0x8 ..\obj\stm32f10x_adc.o
 .text.ADC_StartCalibration
                0x00000000        0xc ..\obj\stm32f10x_adc.o
 .text.ADC_GetCalibrationStatus
                0x00000000        0x8 ..\obj\stm32f10x_adc.o
 .text.ADC_SoftwareStartConvCmd
                0x00000000       0x18 ..\obj\stm32f10x_adc.o
 .text.ADC_GetSoftwareStartConvStatus
                0x00000000        0x8 ..\obj\stm32f10x_adc.o
 .text.ADC_DiscModeChannelCountConfig
                0x00000000       0x10 ..\obj\stm32f10x_adc.o
 .text.ADC_DiscModeCmd
                0x00000000       0x18 ..\obj\stm32f10x_adc.o
 .text.ADC_RegularChannelConfig
                0x00000000       0x94 ..\obj\stm32f10x_adc.o
 .text.ADC_ExternalTrigConvCmd
                0x00000000       0x18 ..\obj\stm32f10x_adc.o
 .text.ADC_GetConversionValue
                0x00000000        0x8 ..\obj\stm32f10x_adc.o
 .text.ADC_GetDualModeConversionValue
                0x00000000        0xc ..\obj\stm32f10x_adc.o
 .text.ADC_AutoInjectedConvCmd
                0x00000000       0x18 ..\obj\stm32f10x_adc.o
 .text.ADC_InjectedDiscModeCmd
                0x00000000       0x18 ..\obj\stm32f10x_adc.o
 .text.ADC_ExternalTrigInjectedConvConfig
                0x00000000        0xc ..\obj\stm32f10x_adc.o
 .text.ADC_ExternalTrigInjectedConvCmd
                0x00000000       0x18 ..\obj\stm32f10x_adc.o
 .text.ADC_SoftwareStartInjectedConvCmd
                0x00000000       0x18 ..\obj\stm32f10x_adc.o
 .text.ADC_GetSoftwareStartInjectedConvCmdStatus
                0x00000000        0x8 ..\obj\stm32f10x_adc.o
 .text.ADC_InjectedChannelConfig
                0x00000000       0x60 ..\obj\stm32f10x_adc.o
 .text.ADC_InjectedSequencerLengthConfig
                0x00000000       0x10 ..\obj\stm32f10x_adc.o
 .text.ADC_SetInjectedOffset
                0x00000000       0x18 ..\obj\stm32f10x_adc.o
 .text.ADC_GetInjectedConversionValue
                0x00000000       0x1c ..\obj\stm32f10x_adc.o
 .text.ADC_AnalogWatchdogCmd
                0x00000000       0x10 ..\obj\stm32f10x_adc.o
 .text.ADC_AnalogWatchdogThresholdsConfig
                0x00000000        0x8 ..\obj\stm32f10x_adc.o
 .text.ADC_AnalogWatchdogSingleChannelConfig
                0x00000000        0xc ..\obj\stm32f10x_adc.o
 .text.ADC_TempSensorVrefintCmd
                0x00000000       0x20 ..\obj\stm32f10x_adc.o
 .text.ADC_GetFlagStatus
                0x00000000        0xc ..\obj\stm32f10x_adc.o
 .text.ADC_ClearFlag
                0x00000000        0x8 ..\obj\stm32f10x_adc.o
 .text.ADC_GetITStatus
                0x00000000       0x1c ..\obj\stm32f10x_adc.o
 .text.ADC_ClearITPendingBit
                0x00000000        0x8 ..\obj\stm32f10x_adc.o
 .debug_info    0x00000000      0xc26 ..\obj\stm32f10x_adc.o
 .debug_abbrev  0x00000000      0x1d8 ..\obj\stm32f10x_adc.o
 .debug_loc     0x00000000      0xaea ..\obj\stm32f10x_adc.o
 .debug_aranges
                0x00000000      0x138 ..\obj\stm32f10x_adc.o
 .debug_ranges  0x00000000      0x128 ..\obj\stm32f10x_adc.o
 .debug_line    0x00000000      0x4ab ..\obj\stm32f10x_adc.o
 .debug_str     0x00000000      0x716 ..\obj\stm32f10x_adc.o
 .comment       0x00000000       0x71 ..\obj\stm32f10x_adc.o
 .ARM.attributes
                0x00000000       0x33 ..\obj\stm32f10x_adc.o
 .debug_frame   0x00000000      0x280 ..\obj\stm32f10x_adc.o
 .text          0x00000000        0x0 ..\obj\stm32f10x_usart.o
 .data          0x00000000        0x0 ..\obj\stm32f10x_usart.o
 .bss           0x00000000        0x0 ..\obj\stm32f10x_usart.o
 .text.USART_DeInit
                0x00000000       0xa4 ..\obj\stm32f10x_usart.o
 .text.USART_Init
                0x00000000       0xc4 ..\obj\stm32f10x_usart.o
 .text.USART_StructInit
                0x00000000       0x18 ..\obj\stm32f10x_usart.o
 .text.USART_ClockInit
                0x00000000       0x24 ..\obj\stm32f10x_usart.o
 .text.USART_ClockStructInit
                0x00000000        0xc ..\obj\stm32f10x_usart.o
 .text.USART_Cmd
                0x00000000       0x1c ..\obj\stm32f10x_usart.o
 .text.USART_ITConfig
                0x00000000       0x38 ..\obj\stm32f10x_usart.o
 .text.USART_DMACmd
                0x00000000       0x18 ..\obj\stm32f10x_usart.o
 .text.USART_SetAddress
                0x00000000       0x18 ..\obj\stm32f10x_usart.o
 .text.USART_WakeUpConfig
                0x00000000       0x18 ..\obj\stm32f10x_usart.o
 .text.USART_ReceiverWakeUpCmd
                0x00000000       0x1c ..\obj\stm32f10x_usart.o
 .text.USART_LINBreakDetectLengthConfig
                0x00000000       0x18 ..\obj\stm32f10x_usart.o
 .text.USART_LINCmd
                0x00000000       0x1c ..\obj\stm32f10x_usart.o
 .text.USART_SendData
                0x00000000        0x8 ..\obj\stm32f10x_usart.o
 .text.USART_ReceiveData
                0x00000000        0x8 ..\obj\stm32f10x_usart.o
 .text.USART_SendBreak
                0x00000000        0xc ..\obj\stm32f10x_usart.o
 .text.USART_SetGuardTime
                0x00000000       0x14 ..\obj\stm32f10x_usart.o
 .text.USART_SetPrescaler
                0x00000000       0x14 ..\obj\stm32f10x_usart.o
 .text.USART_SmartCardCmd
                0x00000000       0x1c ..\obj\stm32f10x_usart.o
 .text.USART_SmartCardNACKCmd
                0x00000000       0x1c ..\obj\stm32f10x_usart.o
 .text.USART_HalfDuplexCmd
                0x00000000       0x1c ..\obj\stm32f10x_usart.o
 .text.USART_OverSampling8Cmd
                0x00000000       0x1c ..\obj\stm32f10x_usart.o
 .text.USART_OneBitMethodCmd
                0x00000000       0x1c ..\obj\stm32f10x_usart.o
 .text.USART_IrDAConfig
                0x00000000       0x18 ..\obj\stm32f10x_usart.o
 .text.USART_IrDACmd
                0x00000000       0x1c ..\obj\stm32f10x_usart.o
 .text.USART_GetFlagStatus
                0x00000000        0xc ..\obj\stm32f10x_usart.o
 .text.USART_ClearFlag
                0x00000000        0x8 ..\obj\stm32f10x_usart.o
 .text.USART_GetITStatus
                0x00000000       0x48 ..\obj\stm32f10x_usart.o
 .text.USART_ClearITPendingBit
                0x00000000       0x10 ..\obj\stm32f10x_usart.o
 .debug_info    0x00000000      0xb3a ..\obj\stm32f10x_usart.o
 .debug_abbrev  0x00000000      0x1da ..\obj\stm32f10x_usart.o
 .debug_loc     0x00000000      0x7cf ..\obj\stm32f10x_usart.o
 .debug_aranges
                0x00000000      0x100 ..\obj\stm32f10x_usart.o
 .debug_ranges  0x00000000       0xf0 ..\obj\stm32f10x_usart.o
 .debug_line    0x00000000      0x415 ..\obj\stm32f10x_usart.o
 .debug_str     0x00000000      0x6d4 ..\obj\stm32f10x_usart.o
 .comment       0x00000000       0x71 ..\obj\stm32f10x_usart.o
 .ARM.attributes
                0x00000000       0x33 ..\obj\stm32f10x_usart.o
 .debug_frame   0x00000000      0x20c ..\obj\stm32f10x_usart.o
 .text          0x00000000        0x0 ..\obj\usb_sil.o
 .data          0x00000000        0x0 ..\obj\usb_sil.o
 .bss           0x00000000        0x0 ..\obj\usb_sil.o
 .text.USB_SIL_Write
                0x00000000       0x28 ..\obj\usb_sil.o
 .text.USB_SIL_Read
                0x00000000       0x24 ..\obj\usb_sil.o
 .text          0x00000000        0x0 ..\obj\stm32f10x_flash.o
 .data          0x00000000        0x0 ..\obj\stm32f10x_flash.o
 .bss           0x00000000        0x0 ..\obj\stm32f10x_flash.o
 .text.FLASH_SetLatency
                0x00000000       0x14 ..\obj\stm32f10x_flash.o
 .text.FLASH_HalfCycleAccessCmd
                0x00000000       0x18 ..\obj\stm32f10x_flash.o
 .text.FLASH_PrefetchBufferCmd
                0x00000000       0x18 ..\obj\stm32f10x_flash.o
 .text.FLASH_Unlock
                0x00000000       0x18 ..\obj\stm32f10x_flash.o
 .text.FLASH_UnlockBank1
                0x00000000       0x18 ..\obj\stm32f10x_flash.o
 .text.FLASH_Lock
                0x00000000       0x10 ..\obj\stm32f10x_flash.o
 .text.FLASH_LockBank1
                0x00000000       0x10 ..\obj\stm32f10x_flash.o
 .text.FLASH_GetUserOptionByte
                0x00000000        0xc ..\obj\stm32f10x_flash.o
 .text.FLASH_GetWriteProtectionOptionByte
                0x00000000        0xc ..\obj\stm32f10x_flash.o
 .text.FLASH_GetReadOutProtectionStatus
                0x00000000       0x10 ..\obj\stm32f10x_flash.o
 .text.FLASH_GetPrefetchBufferStatus
                0x00000000       0x10 ..\obj\stm32f10x_flash.o
 .text.FLASH_ITConfig
                0x00000000       0x1c ..\obj\stm32f10x_flash.o
 .text.FLASH_GetFlagStatus
                0x00000000       0x20 ..\obj\stm32f10x_flash.o
 .text.FLASH_ClearFlag
                0x00000000        0xc ..\obj\stm32f10x_flash.o
 .text.FLASH_GetStatus
                0x00000000       0x34 ..\obj\stm32f10x_flash.o
 .text.FLASH_GetBank1Status
                0x00000000       0x34 ..\obj\stm32f10x_flash.o
 .text.FLASH_WaitForLastOperation
                0x00000000       0x24 ..\obj\stm32f10x_flash.o
 .text.FLASH_ErasePage
                0x00000000       0x40 ..\obj\stm32f10x_flash.o
 .text.FLASH_EraseAllPages
                0x00000000       0x3c ..\obj\stm32f10x_flash.o
 .text.FLASH_EraseOptionBytes
                0x00000000       0x98 ..\obj\stm32f10x_flash.o
 .text.FLASH_ProgramWord
                0x00000000       0x6c ..\obj\stm32f10x_flash.o
 .text.FLASH_ProgramHalfWord
                0x00000000       0x38 ..\obj\stm32f10x_flash.o
 .text.FLASH_ProgramOptionByteData
                0x00000000       0x4c ..\obj\stm32f10x_flash.o
 .text.FLASH_EnableWriteProtection
                0x00000000       0xb0 ..\obj\stm32f10x_flash.o
 .text.FLASH_ReadOutProtection
                0x00000000       0x9c ..\obj\stm32f10x_flash.o
 .text.FLASH_UserOptionByteConfig
                0x00000000       0x60 ..\obj\stm32f10x_flash.o
 .text.FLASH_WaitForLastBank1Operation
                0x00000000       0x24 ..\obj\stm32f10x_flash.o
 .text.FLASH_EraseAllBank1Pages
                0x00000000       0x3c ..\obj\stm32f10x_flash.o
 .debug_info    0x00000000      0xa00 ..\obj\stm32f10x_flash.o
 .debug_abbrev  0x00000000      0x1ad ..\obj\stm32f10x_flash.o
 .debug_loc     0x00000000      0x97e ..\obj\stm32f10x_flash.o
 .debug_aranges
                0x00000000       0xf8 ..\obj\stm32f10x_flash.o
 .debug_ranges  0x00000000       0xe8 ..\obj\stm32f10x_flash.o
 .debug_line    0x00000000      0x46e ..\obj\stm32f10x_flash.o
 .debug_str     0x00000000      0x5ec ..\obj\stm32f10x_flash.o
 .comment       0x00000000       0x71 ..\obj\stm32f10x_flash.o
 .ARM.attributes
                0x00000000       0x33 ..\obj\stm32f10x_flash.o
 .debug_frame   0x00000000      0x24c ..\obj\stm32f10x_flash.o
 .text          0x00000000        0x0 ..\obj\stm32_it.o
 .data          0x00000000        0x0 ..\obj\stm32_it.o
 .bss           0x00000000        0x0 ..\obj\stm32_it.o
 .text          0x00000000        0x0 ..\obj\usb_endp.o
 .data          0x00000000        0x0 ..\obj\usb_endp.o
 .bss           0x00000000        0x0 ..\obj\usb_endp.o
 .text          0x00000000        0x0 ..\obj\stm32f10x_dma.o
 .data          0x00000000        0x0 ..\obj\stm32f10x_dma.o
 .bss           0x00000000        0x0 ..\obj\stm32f10x_dma.o
 .text.DMA_DeInit
                0x00000000      0x120 ..\obj\stm32f10x_dma.o
 .text.DMA_Init
                0x00000000       0x40 ..\obj\stm32f10x_dma.o
 .text.DMA_StructInit
                0x00000000       0x1c ..\obj\stm32f10x_dma.o
 .text.DMA_Cmd  0x00000000       0x1c ..\obj\stm32f10x_dma.o
 .text.DMA_ITConfig
                0x00000000       0x14 ..\obj\stm32f10x_dma.o
 .text.DMA_SetCurrDataCounter
                0x00000000        0x4 ..\obj\stm32f10x_dma.o
 .text.DMA_GetCurrDataCounter
                0x00000000        0x8 ..\obj\stm32f10x_dma.o
 .text.DMA_GetFlagStatus
                0x00000000       0x20 ..\obj\stm32f10x_dma.o
 .text.DMA_ClearFlag
                0x00000000       0x18 ..\obj\stm32f10x_dma.o
 .text.DMA_GetITStatus
                0x00000000       0x20 ..\obj\stm32f10x_dma.o
 .text.DMA_ClearITPendingBit
                0x00000000       0x18 ..\obj\stm32f10x_dma.o
 .debug_info    0x00000000      0x470 ..\obj\stm32f10x_dma.o
 .debug_abbrev  0x00000000      0x164 ..\obj\stm32f10x_dma.o
 .debug_loc     0x00000000      0x183 ..\obj\stm32f10x_dma.o
 .debug_aranges
                0x00000000       0x70 ..\obj\stm32f10x_dma.o
 .debug_ranges  0x00000000       0x60 ..\obj\stm32f10x_dma.o
 .debug_line    0x00000000      0x28e ..\obj\stm32f10x_dma.o
 .debug_str     0x00000000      0x3bb ..\obj\stm32f10x_dma.o
 .comment       0x00000000       0x71 ..\obj\stm32f10x_dma.o
 .ARM.attributes
                0x00000000       0x33 ..\obj\stm32f10x_dma.o
 .debug_frame   0x00000000       0xc8 ..\obj\stm32f10x_dma.o
 .text          0x00000000        0x0 ..\obj\misc.o
 .data          0x00000000        0x0 ..\obj\misc.o
 .bss           0x00000000        0x0 ..\obj\misc.o
 .text.NVIC_SetVectorTable
                0x00000000       0x14 ..\obj\misc.o
 .text.NVIC_SystemLPConfig
                0x00000000       0x1c ..\obj\misc.o
 .text.SysTick_CLKSourceConfig
                0x00000000       0x18 ..\obj\misc.o
 .text          0x00000000        0x0 ..\obj\stm32f10x_wwdg.o
 .data          0x00000000        0x0 ..\obj\stm32f10x_wwdg.o
 .bss           0x00000000        0x0 ..\obj\stm32f10x_wwdg.o
 .text.WWDG_DeInit
                0x00000000       0x18 ..\obj\stm32f10x_wwdg.o
 .text.WWDG_SetPrescaler
                0x00000000       0x14 ..\obj\stm32f10x_wwdg.o
 .text.WWDG_SetWindowValue
                0x00000000       0x28 ..\obj\stm32f10x_wwdg.o
 .text.WWDG_EnableIT
                0x00000000        0xc ..\obj\stm32f10x_wwdg.o
 .text.WWDG_SetCounter
                0x00000000       0x10 ..\obj\stm32f10x_wwdg.o
 .text.WWDG_Enable
                0x00000000       0x10 ..\obj\stm32f10x_wwdg.o
 .text.WWDG_GetFlagStatus
                0x00000000        0xc ..\obj\stm32f10x_wwdg.o
 .text.WWDG_ClearFlag
                0x00000000        0xc ..\obj\stm32f10x_wwdg.o
 .debug_info    0x00000000      0x287 ..\obj\stm32f10x_wwdg.o
 .debug_abbrev  0x00000000      0x14a ..\obj\stm32f10x_wwdg.o
 .debug_loc     0x00000000       0xae ..\obj\stm32f10x_wwdg.o
 .debug_aranges
                0x00000000       0x58 ..\obj\stm32f10x_wwdg.o
 .debug_ranges  0x00000000       0x48 ..\obj\stm32f10x_wwdg.o
 .debug_line    0x00000000      0x21a ..\obj\stm32f10x_wwdg.o
 .debug_str     0x00000000      0x288 ..\obj\stm32f10x_wwdg.o
 .comment       0x00000000       0x71 ..\obj\stm32f10x_wwdg.o
 .ARM.attributes
                0x00000000       0x33 ..\obj\stm32f10x_wwdg.o
 .debug_frame   0x00000000       0x9c ..\obj\stm32f10x_wwdg.o
 .text          0x00000000        0x0 ..\obj\stm32f10x_spi.o
 .data          0x00000000        0x0 ..\obj\stm32f10x_spi.o
 .bss           0x00000000        0x0 ..\obj\stm32f10x_spi.o
 .text.SPI_I2S_DeInit
                0x00000000       0x64 ..\obj\stm32f10x_spi.o
 .text.SPI_Init
                0x00000000       0x44 ..\obj\stm32f10x_spi.o
 .text.I2S_Init
                0x00000000       0xb8 ..\obj\stm32f10x_spi.o
 .text.SPI_StructInit
                0x00000000       0x18 ..\obj\stm32f10x_spi.o
 .text.I2S_StructInit
                0x00000000       0x14 ..\obj\stm32f10x_spi.o
 .text.SPI_Cmd  0x00000000       0x1c ..\obj\stm32f10x_spi.o
 .text.I2S_Cmd  0x00000000       0x1c ..\obj\stm32f10x_spi.o
 .text.SPI_I2S_ITConfig
                0x00000000       0x20 ..\obj\stm32f10x_spi.o
 .text.SPI_I2S_DMACmd
                0x00000000       0x18 ..\obj\stm32f10x_spi.o
 .text.SPI_I2S_SendData
                0x00000000        0x4 ..\obj\stm32f10x_spi.o
 .text.SPI_I2S_ReceiveData
                0x00000000        0x8 ..\obj\stm32f10x_spi.o
 .text.SPI_NSSInternalSoftwareConfig
                0x00000000       0x24 ..\obj\stm32f10x_spi.o
 .text.SPI_SSOutputCmd
                0x00000000       0x1c ..\obj\stm32f10x_spi.o
 .text.SPI_DataSizeConfig
                0x00000000       0x18 ..\obj\stm32f10x_spi.o
 .text.SPI_TransmitCRC
                0x00000000        0xc ..\obj\stm32f10x_spi.o
 .text.SPI_CalculateCRC
                0x00000000       0x1c ..\obj\stm32f10x_spi.o
 .text.SPI_GetCRC
                0x00000000        0xc ..\obj\stm32f10x_spi.o
 .text.SPI_GetCRCPolynomial
                0x00000000        0x8 ..\obj\stm32f10x_spi.o
 .text.SPI_BiDirectionalLineConfig
                0x00000000       0x20 ..\obj\stm32f10x_spi.o
 .text.SPI_I2S_GetFlagStatus
                0x00000000        0xc ..\obj\stm32f10x_spi.o
 .text.SPI_I2S_ClearFlag
                0x00000000        0x8 ..\obj\stm32f10x_spi.o
 .text.SPI_I2S_GetITStatus
                0x00000000       0x30 ..\obj\stm32f10x_spi.o
 .text.SPI_I2S_ClearITPendingBit
                0x00000000       0x10 ..\obj\stm32f10x_spi.o
 .debug_info    0x00000000      0x9dd ..\obj\stm32f10x_spi.o
 .debug_abbrev  0x00000000      0x1dc ..\obj\stm32f10x_spi.o
 .debug_loc     0x00000000      0x5a0 ..\obj\stm32f10x_spi.o
 .debug_aranges
                0x00000000       0xd0 ..\obj\stm32f10x_spi.o
 .debug_ranges  0x00000000       0xc0 ..\obj\stm32f10x_spi.o
 .debug_line    0x00000000      0x39f ..\obj\stm32f10x_spi.o
 .debug_str     0x00000000      0x641 ..\obj\stm32f10x_spi.o
 .comment       0x00000000       0x71 ..\obj\stm32f10x_spi.o
 .ARM.attributes
                0x00000000       0x33 ..\obj\stm32f10x_spi.o
 .debug_frame   0x00000000      0x1a8 ..\obj\stm32f10x_spi.o
 .text          0x00000000        0x0 ..\obj\stm32f10x_i2c.o
 .data          0x00000000        0x0 ..\obj\stm32f10x_i2c.o
 .bss           0x00000000        0x0 ..\obj\stm32f10x_i2c.o
 .text.I2C_DeInit
                0x00000000       0x38 ..\obj\stm32f10x_i2c.o
 .text.I2C_Init
                0x00000000       0xd8 ..\obj\stm32f10x_i2c.o
 .text.I2C_StructInit
                0x00000000       0x1c ..\obj\stm32f10x_i2c.o
 .text.I2C_Cmd  0x00000000       0x1c ..\obj\stm32f10x_i2c.o
 .text.I2C_DMACmd
                0x00000000       0x1c ..\obj\stm32f10x_i2c.o
 .text.I2C_DMALastTransferCmd
                0x00000000       0x1c ..\obj\stm32f10x_i2c.o
 .text.I2C_GenerateSTART
                0x00000000       0x1c ..\obj\stm32f10x_i2c.o
 .text.I2C_GenerateSTOP
                0x00000000       0x1c ..\obj\stm32f10x_i2c.o
 .text.I2C_AcknowledgeConfig
                0x00000000       0x1c ..\obj\stm32f10x_i2c.o
 .text.I2C_OwnAddress2Config
                0x00000000       0x14 ..\obj\stm32f10x_i2c.o
 .text.I2C_DualAddressCmd
                0x00000000       0x1c ..\obj\stm32f10x_i2c.o
 .text.I2C_GeneralCallCmd
                0x00000000       0x1c ..\obj\stm32f10x_i2c.o
 .text.I2C_ITConfig
                0x00000000       0x18 ..\obj\stm32f10x_i2c.o
 .text.I2C_SendData
                0x00000000        0x4 ..\obj\stm32f10x_i2c.o
 .text.I2C_ReceiveData
                0x00000000        0x8 ..\obj\stm32f10x_i2c.o
 .text.I2C_Send7bitAddress
                0x00000000       0x10 ..\obj\stm32f10x_i2c.o
 .text.I2C_ReadRegister
                0x00000000       0x18 ..\obj\stm32f10x_i2c.o
 .text.I2C_SoftwareResetCmd
                0x00000000       0x1c ..\obj\stm32f10x_i2c.o
 .text.I2C_NACKPositionConfig
                0x00000000       0x20 ..\obj\stm32f10x_i2c.o
 .text.I2C_SMBusAlertConfig
                0x00000000       0x20 ..\obj\stm32f10x_i2c.o
 .text.I2C_TransmitPEC
                0x00000000       0x1c ..\obj\stm32f10x_i2c.o
 .text.I2C_PECPositionConfig
                0x00000000       0x20 ..\obj\stm32f10x_i2c.o
 .text.I2C_CalculatePEC
                0x00000000       0x1c ..\obj\stm32f10x_i2c.o
 .text.I2C_GetPEC
                0x00000000        0x8 ..\obj\stm32f10x_i2c.o
 .text.I2C_ARPCmd
                0x00000000       0x1c ..\obj\stm32f10x_i2c.o
 .text.I2C_StretchClockCmd
                0x00000000       0x1c ..\obj\stm32f10x_i2c.o
 .text.I2C_FastModeDutyCycleConfig
                0x00000000       0x20 ..\obj\stm32f10x_i2c.o
 .text.I2C_CheckEvent
                0x00000000       0x1c ..\obj\stm32f10x_i2c.o
 .text.I2C_GetLastEvent
                0x00000000       0x10 ..\obj\stm32f10x_i2c.o
 .text.I2C_GetFlagStatus
                0x00000000       0x38 ..\obj\stm32f10x_i2c.o
 .text.I2C_ClearFlag
                0x00000000        0x8 ..\obj\stm32f10x_i2c.o
 .text.I2C_GetITStatus
                0x00000000       0x20 ..\obj\stm32f10x_i2c.o
 .text.I2C_ClearITPendingBit
                0x00000000        0x8 ..\obj\stm32f10x_i2c.o
 .debug_info    0x00000000      0xb99 ..\obj\stm32f10x_i2c.o
 .debug_abbrev  0x00000000      0x1cf ..\obj\stm32f10x_i2c.o
 .debug_loc     0x00000000      0x72c ..\obj\stm32f10x_i2c.o
 .debug_aranges
                0x00000000      0x120 ..\obj\stm32f10x_i2c.o
 .debug_ranges  0x00000000      0x110 ..\obj\stm32f10x_i2c.o
 .debug_line    0x00000000      0x453 ..\obj\stm32f10x_i2c.o
 .debug_str     0x00000000      0x693 ..\obj\stm32f10x_i2c.o
 .comment       0x00000000       0x71 ..\obj\stm32f10x_i2c.o
 .ARM.attributes
                0x00000000       0x33 ..\obj\stm32f10x_i2c.o
 .debug_frame   0x00000000      0x240 ..\obj\stm32f10x_i2c.o
 .text          0x00000000        0x0 ..\obj\usb_mem.o
 .data          0x00000000        0x0 ..\obj\usb_mem.o
 .bss           0x00000000        0x0 ..\obj\usb_mem.o
 .text          0x00000000        0x0 ..\obj\usb_istr.o
 .text          0x00000000        0x0 ..\obj\stm32f10x_bkp.o
 .data          0x00000000        0x0 ..\obj\stm32f10x_bkp.o
 .bss           0x00000000        0x0 ..\obj\stm32f10x_bkp.o
 .text.BKP_DeInit
                0x00000000       0x10 ..\obj\stm32f10x_bkp.o
 .text.BKP_TamperPinLevelConfig
                0x00000000        0xc ..\obj\stm32f10x_bkp.o
 .text.BKP_TamperPinCmd
                0x00000000        0xc ..\obj\stm32f10x_bkp.o
 .text.BKP_ITConfig
                0x00000000        0xc ..\obj\stm32f10x_bkp.o
 .text.BKP_RTCOutputConfig
                0x00000000       0x18 ..\obj\stm32f10x_bkp.o
 .text.BKP_SetRTCCalibrationValue
                0x00000000       0x18 ..\obj\stm32f10x_bkp.o
 .text.BKP_WriteBackupRegister
                0x00000000       0x1c ..\obj\stm32f10x_bkp.o
 .text.BKP_ReadBackupRegister
                0x00000000       0x20 ..\obj\stm32f10x_bkp.o
 .text.BKP_GetFlagStatus
                0x00000000        0xc ..\obj\stm32f10x_bkp.o
 .text.BKP_ClearFlag
                0x00000000       0x14 ..\obj\stm32f10x_bkp.o
 .text.BKP_GetITStatus
                0x00000000        0xc ..\obj\stm32f10x_bkp.o
 .text.BKP_ClearITPendingBit
                0x00000000       0x14 ..\obj\stm32f10x_bkp.o
 .debug_info    0x00000000      0x7d4 ..\obj\stm32f10x_bkp.o
 .debug_abbrev  0x00000000      0x196 ..\obj\stm32f10x_bkp.o
 .debug_loc     0x00000000       0xee ..\obj\stm32f10x_bkp.o
 .debug_aranges
                0x00000000       0x78 ..\obj\stm32f10x_bkp.o
 .debug_ranges  0x00000000       0x68 ..\obj\stm32f10x_bkp.o
 .debug_line    0x00000000      0x266 ..\obj\stm32f10x_bkp.o
 .debug_str     0x00000000      0x5cc ..\obj\stm32f10x_bkp.o
 .comment       0x00000000       0x71 ..\obj\stm32f10x_bkp.o
 .ARM.attributes
                0x00000000       0x33 ..\obj\stm32f10x_bkp.o
 .debug_frame   0x00000000       0xe0 ..\obj\stm32f10x_bkp.o
 .text          0x00000000        0x0 ..\obj\stm32f10x_iwdg.o
 .data          0x00000000        0x0 ..\obj\stm32f10x_iwdg.o
 .bss           0x00000000        0x0 ..\obj\stm32f10x_iwdg.o
 .text.IWDG_WriteAccessCmd
                0x00000000        0xc ..\obj\stm32f10x_iwdg.o
 .text.IWDG_SetPrescaler
                0x00000000        0xc ..\obj\stm32f10x_iwdg.o
 .text.IWDG_SetReload
                0x00000000        0xc ..\obj\stm32f10x_iwdg.o
 .text.IWDG_ReloadCounter
                0x00000000       0x10 ..\obj\stm32f10x_iwdg.o
 .text.IWDG_Enable
                0x00000000       0x10 ..\obj\stm32f10x_iwdg.o
 .text.IWDG_GetFlagStatus
                0x00000000       0x14 ..\obj\stm32f10x_iwdg.o
 .debug_info    0x00000000      0x209 ..\obj\stm32f10x_iwdg.o
 .debug_abbrev  0x00000000      0x110 ..\obj\stm32f10x_iwdg.o
 .debug_loc     0x00000000       0x62 ..\obj\stm32f10x_iwdg.o
 .debug_aranges
                0x00000000       0x48 ..\obj\stm32f10x_iwdg.o
 .debug_ranges  0x00000000       0x38 ..\obj\stm32f10x_iwdg.o
 .debug_line    0x00000000      0x1b3 ..\obj\stm32f10x_iwdg.o
 .debug_str     0x00000000      0x260 ..\obj\stm32f10x_iwdg.o
 .comment       0x00000000       0x71 ..\obj\stm32f10x_iwdg.o
 .ARM.attributes
                0x00000000       0x33 ..\obj\stm32f10x_iwdg.o
 .debug_frame   0x00000000       0x70 ..\obj\stm32f10x_iwdg.o

Memory Configuration

Name             Origin             Length             Attributes
rom              0x08000000         0x00020000         xr
ram              0x20000000         0x00005000         xrw
*default*        0x00000000         0xffffffff

Linker script and memory map

                0x20005000                _eram = 0x20005000

.text           0x08000000     0x1b4c
 *(.isr_vector)
 .isr_vector    0x08000000      0x10c ..\obj\startup_stm32f10x_md.o
                0x08000000                g_pfnVectors
 *(.text*)
 .text.Standard_GetConfiguration
                0x0800010c       0x28 ..\obj\usb_core.o
                0x0800010c                Standard_GetConfiguration
 .text.Standard_GetInterface
                0x08000134       0x28 ..\obj\usb_core.o
                0x08000134                Standard_GetInterface
 .text.Standard_GetStatus
                0x0800015c       0xb0 ..\obj\usb_core.o
                0x0800015c                Standard_GetStatus
 .text.DataStageIn
                0x0800020c       0xb0 ..\obj\usb_core.o
 .text.Standard_SetConfiguration
                0x080002bc       0x40 ..\obj\usb_core.o
                0x080002bc                Standard_SetConfiguration
 .text.Standard_SetInterface
                0x080002fc       0x54 ..\obj\usb_core.o
                0x080002fc                Standard_SetInterface
 .text.Standard_ClearFeature
                0x08000350      0x11c ..\obj\usb_core.o
                0x08000350                Standard_ClearFeature
 .text.Standard_SetEndPointFeature
                0x0800046c       0xbc ..\obj\usb_core.o
                0x0800046c                Standard_SetEndPointFeature
 .text.Standard_SetDeviceFeature
                0x08000528       0x24 ..\obj\usb_core.o
                0x08000528                Standard_SetDeviceFeature
 .text.Standard_GetDescriptorData
                0x0800054c       0x1c ..\obj\usb_core.o
                0x0800054c                Standard_GetDescriptorData
 .text.Post0_Process
                0x08000568       0x40 ..\obj\usb_core.o
                0x08000568                Post0_Process
 .text.Setup0_Process
                0x080005a8      0x33c ..\obj\usb_core.o
                0x080005a8                Setup0_Process
 .text.Out0_Process
                0x080008e4       0xf0 ..\obj\usb_core.o
                0x080008e4                Out0_Process
 .text.SetDeviceAddress
                0x080009d4       0x44 ..\obj\usb_core.o
                0x080009d4                SetDeviceAddress
 .text.In0_Process
                0x08000a18       0x64 ..\obj\usb_core.o
                0x08000a18                In0_Process
 .text.NOP_Process
                0x08000a7c        0x4 ..\obj\usb_core.o
                0x08000a7c                NOP_Process
 .text.CTR_LP   0x08000a80      0x278 ..\obj\usb_int.o
                0x08000a80                CTR_LP
 .text.SystemInit
                0x08000cf8      0x100 ..\obj\system_stm32f10x.o
                0x08000cf8                SystemInit
 .text.SetBTABLE
                0x08000df8       0x10 ..\obj\usb_regs.o
                0x08000df8                SetBTABLE
 .text.SetEPType
                0x08000e08       0x1c ..\obj\usb_regs.o
                0x08000e08                SetEPType
 .text.SetEPTxStatus
                0x08000e24       0x3c ..\obj\usb_regs.o
                0x08000e24                SetEPTxStatus
 .text.SetEPRxStatus
                0x08000e60       0x3c ..\obj\usb_regs.o
                0x08000e60                SetEPRxStatus
 .text.SetEPTxValid
                0x08000e9c       0x28 ..\obj\usb_regs.o
                0x08000e9c                SetEPTxValid
 .text.SetEPRxValid
                0x08000ec4       0x28 ..\obj\usb_regs.o
                0x08000ec4                SetEPRxValid
 .text.Clear_Status_Out
                0x08000eec       0x20 ..\obj\usb_regs.o
                0x08000eec                Clear_Status_Out
 .text.ClearDTOG_RX
                0x08000f0c       0x28 ..\obj\usb_regs.o
                0x08000f0c                ClearDTOG_RX
 .text.ClearDTOG_TX
                0x08000f34       0x28 ..\obj\usb_regs.o
                0x08000f34                ClearDTOG_TX
 .text.SetEPTxAddr
                0x08000f5c       0x20 ..\obj\usb_regs.o
                0x08000f5c                SetEPTxAddr
 .text.SetEPRxAddr
                0x08000f7c       0x20 ..\obj\usb_regs.o
                0x08000f7c                SetEPRxAddr
 .text.GetEPTxAddr
                0x08000f9c       0x1c ..\obj\usb_regs.o
                0x08000f9c                GetEPTxAddr
 .text.GetEPRxAddr
                0x08000fb8       0x1c ..\obj\usb_regs.o
                0x08000fb8                GetEPRxAddr
 .text.SetEPTxCount
                0x08000fd4       0x1c ..\obj\usb_regs.o
                0x08000fd4                SetEPTxCount
 .text.SetEPRxCount
                0x08000ff0       0x44 ..\obj\usb_regs.o
                0x08000ff0                SetEPRxCount
 .text.GetEPRxCount
                0x08001034       0x20 ..\obj\usb_regs.o
                0x08001034                GetEPRxCount
 .text.ByteSwap
                0x08001054        0xc ..\obj\usb_regs.o
                0x08001054                ByteSwap
 .text.Default_Handler
                0x08001060        0x4 ..\obj\startup_stm32f10x_md.o
                0x08001060                EXTI2_IRQHandler
                0x08001060                TIM1_CC_IRQHandler
                0x08001060                PVD_IRQHandler
                0x08001060                EXTI3_IRQHandler
                0x08001060                EXTI0_IRQHandler
                0x08001060                I2C2_EV_IRQHandler
                0x08001060                ADC1_2_IRQHandler
                0x08001060                SPI1_IRQHandler
                0x08001060                TAMPER_IRQHandler
                0x08001060                DMA1_Channel4_IRQHandler
                0x08001060                USART3_IRQHandler
                0x08001060                RTC_IRQHandler
                0x08001060                DMA1_Channel7_IRQHandler
                0x08001060                CAN1_RX1_IRQHandler
                0x08001060                TIM4_IRQHandler
                0x08001060                I2C1_EV_IRQHandler
                0x08001060                DMA1_Channel6_IRQHandler
                0x08001060                TIM3_IRQHandler
                0x08001060                RCC_IRQHandler
                0x08001060                TIM1_TRG_COM_IRQHandler
                0x08001060                DMA1_Channel1_IRQHandler
                0x08001060                EXTI15_10_IRQHandler
                0x08001060                EXTI9_5_IRQHandler
                0x08001060                SPI2_IRQHandler
                0x08001060                DMA1_Channel5_IRQHandler
                0x08001060                EXTI4_IRQHandler
                0x08001060                USB_HP_CAN1_TX_IRQHandler
                0x08001060                DMA1_Channel3_IRQHandler
                0x08001060                TIM1_UP_IRQHandler
                0x08001060                WWDG_IRQHandler
                0x08001060                TIM2_IRQHandler
                0x08001060                TIM1_BRK_IRQHandler
                0x08001060                EXTI1_IRQHandler
                0x08001060                RTCAlarm_IRQHandler
                0x08001060                USART2_IRQHandler
                0x08001060                I2C2_ER_IRQHandler
                0x08001060                DMA1_Channel2_IRQHandler
                0x08001060                CAN1_SCE_IRQHandler
                0x08001060                FLASH_IRQHandler
                0x08001060                USART1_IRQHandler
                0x08001060                I2C1_ER_IRQHandler
 .text.Default_Reset_Handler
                0x08001064       0x5c ..\obj\startup_stm32f10x_md.o
                0x08001064                Default_Reset_Handler
                0x08001064                Reset_Handler
 .text.IntToUnicode
                0x080010c0       0x30 ..\obj\hw_config.o
 .text.Set_System
                0x080010f0       0x24 ..\obj\hw_config.o
                0x080010f0                Set_System
 .text.Set_USBClock
                0x08001114       0x14 ..\obj\hw_config.o
                0x08001114                Set_USBClock
 .text.Leave_LowPowerMode
                0x08001128       0x24 ..\obj\hw_config.o
                0x08001128                Leave_LowPowerMode
 .text.USB_Interrupts_Config
                0x0800114c       0x40 ..\obj\hw_config.o
                0x0800114c                USB_Interrupts_Config
 .text.Get_SerialNum
                0x0800118c       0x34 ..\obj\hw_config.o
                0x0800118c                Get_SerialNum
 .text.CDC_Send_DATA
                0x080011c0       0x30 ..\obj\hw_config.o
                0x080011c0                CDC_Send_DATA
 .text.CDC_Receive_DATA
                0x080011f0       0x18 ..\obj\hw_config.o
                0x080011f0                CDC_Receive_DATA
 .text.Virtual_Com_Port_SetConfiguration
                0x08001208       0x18 ..\obj\usb_prop.o
                0x08001208                Virtual_Com_Port_SetConfiguration
 .text.Virtual_Com_Port_SetDeviceAddress
                0x08001220        0xc ..\obj\usb_prop.o
                0x08001220                Virtual_Com_Port_SetDeviceAddress
 .text.Virtual_Com_Port_Status_In
                0x0800122c       0x14 ..\obj\usb_prop.o
                0x0800122c                Virtual_Com_Port_Status_In
 .text.Virtual_Com_Port_Status_Out
                0x08001240        0x4 ..\obj\usb_prop.o
                0x08001240                Virtual_Com_Port_Status_Out
 .text.Virtual_Com_Port_Data_Setup
                0x08001244       0x68 ..\obj\usb_prop.o
                0x08001244                Virtual_Com_Port_Data_Setup
 .text.Virtual_Com_Port_NoData_Setup
                0x080012ac       0x24 ..\obj\usb_prop.o
                0x080012ac                Virtual_Com_Port_NoData_Setup
 .text.Virtual_Com_Port_Get_Interface_Setting
                0x080012d0       0x10 ..\obj\usb_prop.o
                0x080012d0                Virtual_Com_Port_Get_Interface_Setting
 .text.Virtual_Com_Port_GetLineCoding
                0x080012e0       0x18 ..\obj\usb_prop.o
                0x080012e0                Virtual_Com_Port_GetLineCoding
 .text.Virtual_Com_Port_SetLineCoding
                0x080012f8       0x18 ..\obj\usb_prop.o
                0x080012f8                Virtual_Com_Port_SetLineCoding
 .text.Virtual_Com_Port_init
                0x08001310       0x20 ..\obj\usb_prop.o
                0x08001310                Virtual_Com_Port_init
 .text.Virtual_Com_Port_Reset
                0x08001330       0xe0 ..\obj\usb_prop.o
                0x08001330                Virtual_Com_Port_Reset
 .text.Virtual_Com_Port_GetDeviceDescriptor
                0x08001410       0x10 ..\obj\usb_prop.o
                0x08001410                Virtual_Com_Port_GetDeviceDescriptor
 .text.Virtual_Com_Port_GetConfigDescriptor
                0x08001420       0x10 ..\obj\usb_prop.o
                0x08001420                Virtual_Com_Port_GetConfigDescriptor
 .text.Virtual_Com_Port_GetStringDescriptor
                0x08001430       0x24 ..\obj\usb_prop.o
                0x08001430                Virtual_Com_Port_GetStringDescriptor
 .text.Suspend  0x08001454       0xf0 ..\obj\usb_pwr.o
                0x08001454                Suspend
 .text.Resume_Init
                0x08001544       0x20 ..\obj\usb_pwr.o
                0x08001544                Resume_Init
 .text.Resume   0x08001564       0xc8 ..\obj\usb_pwr.o
                0x08001564                Resume
 .text.USB_Init
                0x0800162c       0x38 ..\obj\usb_init.o
                0x0800162c                USB_Init
 .text.main     0x08001664       0x50 ..\obj\main.o
                0x08001664                main
 .text.RCC_USBCLKConfig
                0x080016b4        0xc ..\obj\stm32f10x_rcc.o
                0x080016b4                RCC_USBCLKConfig
 .text.RCC_APB1PeriphClockCmd
                0x080016c0       0x1c ..\obj\stm32f10x_rcc.o
                0x080016c0                RCC_APB1PeriphClockCmd
 .text.EXTI_Init
                0x080016dc       0x90 ..\obj\stm32f10x_exti.o
                0x080016dc                EXTI_Init
 .text.EXTI_ClearITPendingBit
                0x0800176c        0xc ..\obj\stm32f10x_exti.o
                0x0800176c                EXTI_ClearITPendingBit
 .text.USB_SIL_Init
                0x08001778       0x20 ..\obj\usb_sil.o
                0x08001778                USB_SIL_Init
 .text.NMI_Handler
                0x08001798        0x4 ..\obj\stm32_it.o
                0x08001798                NMI_Handler
 .text.HardFault_Handler
                0x0800179c        0x4 ..\obj\stm32_it.o
                0x0800179c                HardFault_Handler
 .text.MemManage_Handler
                0x080017a0        0x4 ..\obj\stm32_it.o
                0x080017a0                MemManage_Handler
 .text.BusFault_Handler
                0x080017a4        0x4 ..\obj\stm32_it.o
                0x080017a4                BusFault_Handler
 .text.UsageFault_Handler
                0x080017a8        0x4 ..\obj\stm32_it.o
                0x080017a8                UsageFault_Handler
 .text.SVC_Handler
                0x080017ac        0x4 ..\obj\stm32_it.o
                0x080017ac                SVC_Handler
 .text.DebugMon_Handler
                0x080017b0        0x4 ..\obj\stm32_it.o
                0x080017b0                DebugMon_Handler
 .text.PendSV_Handler
                0x080017b4        0x4 ..\obj\stm32_it.o
                0x080017b4                PendSV_Handler
 .text.SysTick_Handler
                0x080017b8        0x4 ..\obj\stm32_it.o
                0x080017b8                SysTick_Handler
 .text.USB_LP_CAN1_RX0_IRQHandler
                0x080017bc        0x8 ..\obj\stm32_it.o
                0x080017bc                USB_LP_CAN1_RX0_IRQHandler
 .text.USBWakeUp_IRQHandler
                0x080017c4        0xc ..\obj\stm32_it.o
                0x080017c4                USBWakeUp_IRQHandler
 .text.EP1_IN_Callback
                0x080017d0        0xc ..\obj\usb_endp.o
                0x080017d0                EP1_IN_Callback
 .text.EP3_OUT_Callback
                0x080017dc       0x2c ..\obj\usb_endp.o
                0x080017dc                EP3_OUT_Callback
 .text.NVIC_PriorityGroupConfig
                0x08001808       0x14 ..\obj\misc.o
                0x08001808                NVIC_PriorityGroupConfig
 .text.NVIC_Init
                0x0800181c       0x6c ..\obj\misc.o
                0x0800181c                NVIC_Init
 .text.UserToPMABufferCopy
                0x08001888       0x34 ..\obj\usb_mem.o
                0x08001888                UserToPMABufferCopy
 .text.PMAToUserBufferCopy
                0x080018bc       0x20 ..\obj\usb_mem.o
                0x080018bc                PMAToUserBufferCopy
 .text.USB_Istr
                0x080018dc      0x1b8 ..\obj\usb_istr.o
                0x080018dc                USB_Istr
 *(.init)
 *(.fini)
 *crtbegin.o(.ctors)
 *crtbegin?.o(.ctors)
 *(EXCLUDE_FILE(*crtend.o *crtend?.o) .ctors)
 *(SORT(.ctors.*))
 *(.ctors)
 *crtbegin.o(.dtors)
 *crtbegin?.o(.dtors)
 *(EXCLUDE_FILE(*crtend.o *crtend?.o) .dtors)
 *(SORT(.dtors.*))
 *(.dtors)
 *(.rodata*)
 .rodata        0x08001a94       0xb8 ..\obj\usb_desc.o
                0x08001a94                Virtual_Com_Port_StringProduct
                0x08001ac8                Virtual_Com_Port_StringVendor
                0x08001af0                Virtual_Com_Port_StringLangID
                0x08001af4                Virtual_Com_Port_ConfigDescriptor
                0x08001b38                Virtual_Com_Port_DeviceDescriptor
 *(.eh_fram e*)

.glue_7         0x08001b4c        0x0
 .glue_7        0x00000000        0x0 linker stubs

.glue_7t        0x08001b4c        0x0
 .glue_7t       0x00000000        0x0 linker stubs

.vfp11_veneer   0x08001b4c        0x0
 .vfp11_veneer  0x00000000        0x0 linker stubs

.v4_bx          0x08001b4c        0x0
 .v4_bx         0x00000000        0x0 linker stubs

.iplt           0x08001b4c        0x0
 .iplt          0x00000000        0x0 ..\obj\stm32f10x_rtc.o

.rel.dyn        0x08001b4c        0x0
 .rel.iplt      0x00000000        0x0 ..\obj\stm32f10x_rtc.o

.ARM.extab
 *(.ARM.extab* .gnu.linkonce.armextab.*)
                0x08001b4c                __exidx_start = .

.ARM.exidx
 *(.ARM.exidx* .gnu.linkonce.armexidx.*)
                0x08001b4c                __exidx_end = .
                0x08001b4c                __etext = .
                0x08001b4c                _sidata = __etext

.data           0x20000000       0xf0 load address 0x08001b4c
                0x20000000                __data_start__ = .
                0x20000000                _sdata = __data_start__
 *(vtable)
 *(.data*)
 .data          0x20000000       0x1c ..\obj\usb_desc.o
                0x20000000                Virtual_Com_Port_StringSerial
 .data          0x2000001c       0x90 ..\obj\usb_prop.o
                0x2000001c                linecoding
                0x20000024                Device_Property
                0x20000054                Device_Descriptor
                0x2000005c                Config_Descriptor
                0x20000064                String_Descriptor
                0x20000084                User_Standard_Requests
                0x200000a8                Device_Table
 .data          0x200000ac        0x1 ..\obj\usb_pwr.o
                0x200000ac                fSuspendEnabled
 *fill*         0x200000ad        0x3 
 .data          0x200000b0        0x8 ..\obj\main.o
                0x200000b0                packet_sent
                0x200000b4                packet_receive
 .data          0x200000b8       0x38 ..\obj\usb_istr.o
                0x200000b8                pEpInt_OUT
                0x200000d4                pEpInt_IN
                0x200000f0                . = ALIGN (0x4)
                0x200000f0                PROVIDE (__preinit_array_start, .)
 *(.preinit_array)
                0x200000f0                PROVIDE (__preinit_array_end, .)
                0x200000f0                . = ALIGN (0x4)
                0x200000f0                PROVIDE (__init_array_start, .)
 *(SORT(.init_array.*))
 *(.init_array)
                0x200000f0                PROVIDE (__init_array_end, .)
                0x200000f0                . = ALIGN (0x4)
                0x200000f0                PROVIDE (__fini_array_start, .)
 *(SORT(.fini_array.*))
 *(.fini_array)
                0x200000f0                PROVIDE (__fini_array_end, .)
 *(.jcr*)
                0x200000f0                . = ALIGN (0x4)
                0x200000f0                __data_end__ = .
                0x200000f0                _edata = __data_end__

.igot.plt       0x200000f0        0x0 load address 0x08001c3c
 .igot.plt      0x00000000        0x0 ..\obj\stm32f10x_rtc.o

.bss            0x200000f0       0xd0 load address 0x08001c3c
                0x200000f0                . = ALIGN (0x4)
                0x200000f0                __bss_start__ = .
                0x200000f0                _sbss = __bss_start__
 *(.bss*)
 .bss           0x200000f0        0x1 ..\obj\usb_core.o
                0x200000f0                Data_Mul_MaxPacketSize
 .bss           0x200000f1        0x1 ..\obj\usb_prop.o
                0x200000f1                Request
 *fill*         0x200000f2        0x2 
 .bss           0x200000f4        0x8 ..\obj\usb_pwr.o
                0x200000f4                remotewakeupon
                0x200000f8                bDeviceState
 .bss           0x200000fc        0xc ..\obj\usb_istr.o
                0x200000fc                bIntPackSOF
                0x20000100                esof_counter
                0x20000104                wCNTR
 *(COMMON)
 COMMON         0x20000108        0x2 ..\obj\usb_core.o
                0x20000108                StatusInfo
 COMMON         0x2000010a        0x4 ..\obj\usb_int.o
                0x2000010a                SaveRState
                0x2000010c                SaveTState
 *fill*         0x2000010e        0x2 
 COMMON         0x20000110       0x50 ..\obj\hw_config.o
                0x20000110                HSEStartUpStatus
                0x20000114                Receive_Buffer
                0x20000154                EXTI_InitStructure
                0x2000015c                Send_length
 COMMON         0x20000160       0x24 ..\obj\usb_pwr.o
                0x20000160                ResumeS
                0x20000164                EP
 COMMON         0x20000184       0x32 ..\obj\usb_init.o
                0x20000184                SaveState
                0x20000188                pProperty
                0x2000018c                EPindex
                0x20000190                Device_Info
                0x200001ac                pUser_Standard_Requests
                0x200001b0                pInformation
                0x200001b4                wInterrupt_Mask
 *fill*         0x200001b6        0x2 
 COMMON         0x200001b8        0x4 ..\obj\usb_endp.o
                0x200001b8                Receive_length
 COMMON         0x200001bc        0x2 ..\obj\usb_istr.o
                0x200001bc                wIstr
                0x200001c0                . = ALIGN (0x4)
 *fill*         0x200001be        0x2 
                0x200001c0                __bss_end__ = .
                0x200001c0                _ebss = __bss_end__

.heap           0x200001c0        0x0
                0x200001c0                __end__ = .
                0x200001c0                _end = __end__
                0x200001c0                end = __end__
 *(.heap*)
                0x200001c0                __HeapLimit = .

.co_stack       0x200001c0      0x400 load address 0x08001d0c
                0x200001c0                . = ALIGN (0x8)
 *(.co_stack .co_stack.*)
 .co_stack      0x200001c0      0x400 ..\obj\startup_stm32f10x_md.o
                0x200001c0                pulStack
                0x20005000                __StackTop = (ORIGIN (ram) + 0x5000)
                0x20004c00                __StackLimit = (__StackTop - SIZEOF (.co_stack))
                0x20005000                PROVIDE (__stack, __StackTop)
                0x00000001                ASSERT ((__StackLimit >= __HeapLimit), region ram  overflowed with stack)
LOAD ..\obj\stm32f10x_rtc.o
LOAD ..\obj\usb_core.o
LOAD ..\obj\stm32f10x_tim.o
LOAD ..\obj\usb_int.o
LOAD ..\obj\stm32f10x_dbgmcu.o
LOAD ..\obj\system_stm32f10x.o
LOAD ..\obj\usb_desc.o
LOAD ..\obj\usb_regs.o
LOAD ..\obj\startup_stm32f10x_md.o
LOAD ..\obj\stm32f10x_pwr.o
LOAD ..\obj\hw_config.o
LOAD ..\obj\stm32f10x_gpio.o
LOAD ..\obj\usb_prop.o
LOAD ..\obj\usb_pwr.o
LOAD ..\obj\usb_init.o
LOAD ..\obj\main.o
LOAD ..\obj\stm32f10x_crc.o
LOAD ..\obj\stm32f10x_rcc.o
LOAD ..\obj\stm32f10x_exti.o
LOAD ..\obj\stm32f10x_adc.o
LOAD ..\obj\stm32f10x_usart.o
LOAD ..\obj\usb_sil.o
LOAD ..\obj\stm32f10x_flash.o
LOAD ..\obj\stm32_it.o
LOAD ..\obj\usb_endp.o
LOAD ..\obj\stm32f10x_dma.o
LOAD ..\obj\misc.o
LOAD ..\obj\stm32f10x_wwdg.o
LOAD ..\obj\stm32f10x_spi.o
LOAD ..\obj\stm32f10x_i2c.o
LOAD ..\obj\usb_mem.o
LOAD ..\obj\usb_istr.o
LOAD ..\obj\stm32f10x_bkp.o
LOAD ..\obj\stm32f10x_iwdg.o
START GROUP
LOAD d:/coocox/toolchain/bin/../lib/gcc/arm-none-eabi/4.8.4/armv7-m\libgcc.a
LOAD d:/coocox/toolchain/bin/../lib/gcc/arm-none-eabi/4.8.4/../../../../arm-none-eabi/lib/armv7-m\libg.a
LOAD d:/coocox/toolchain/bin/../lib/gcc/arm-none-eabi/4.8.4/../../../../arm-none-eabi/lib/armv7-m\libc.a
END GROUP
OUTPUT(Reprap_STM32.elf elf32-littlearm)

.debug_info     0x00000000     0x621f
 .debug_info    0x00000000      0xeb2 ..\obj\usb_core.o
 .debug_info    0x00000eb2      0x23c ..\obj\usb_int.o
 .debug_info    0x000010ee      0x4a5 ..\obj\system_stm32f10x.o
 .debug_info    0x00001593      0x183 ..\obj\usb_desc.o
 .debug_info    0x00001716      0xd00 ..\obj\usb_regs.o
 .debug_info    0x00002416      0x116 ..\obj\startup_stm32f10x_md.o
 .debug_info    0x0000252c      0x8d6 ..\obj\hw_config.o
 .debug_info    0x00002e02      0xb97 ..\obj\usb_prop.o
 .debug_info    0x00003999      0x57f ..\obj\usb_pwr.o
 .debug_info    0x00003f18      0x450 ..\obj\usb_init.o
 .debug_info    0x00004368      0x1f4 ..\obj\main.o
 .debug_info    0x0000455c      0x8c1 ..\obj\stm32f10x_rcc.o
 .debug_info    0x00004e1d      0x344 ..\obj\stm32f10x_exti.o
 .debug_info    0x00005161      0x299 ..\obj\usb_sil.o
 .debug_info    0x000053fa      0x19f ..\obj\stm32_it.o
 .debug_info    0x00005599      0x1a2 ..\obj\usb_endp.o
 .debug_info    0x0000573b      0x543 ..\obj\misc.o
 .debug_info    0x00005c7e      0x1e0 ..\obj\usb_mem.o
 .debug_info    0x00005e5e      0x3c1 ..\obj\usb_istr.o

.debug_abbrev   0x00000000     0x1c7f
 .debug_abbrev  0x00000000      0x3b6 ..\obj\usb_core.o
 .debug_abbrev  0x000003b6       0xf2 ..\obj\usb_int.o
 .debug_abbrev  0x000004a8      0x16e ..\obj\system_stm32f10x.o
 .debug_abbrev  0x00000616       0x73 ..\obj\usb_desc.o
 .debug_abbrev  0x00000689      0x1ed ..\obj\usb_regs.o
 .debug_abbrev  0x00000876       0xe1 ..\obj\startup_stm32f10x_md.o
 .debug_abbrev  0x00000957      0x29c ..\obj\hw_config.o
 .debug_abbrev  0x00000bf3      0x281 ..\obj\usb_prop.o
 .debug_abbrev  0x00000e74      0x234 ..\obj\usb_pwr.o
 .debug_abbrev  0x000010a8      0x11e ..\obj\usb_init.o
 .debug_abbrev  0x000011c6      0x107 ..\obj\main.o
 .debug_abbrev  0x000012cd      0x1e0 ..\obj\stm32f10x_rcc.o
 .debug_abbrev  0x000014ad      0x160 ..\obj\stm32f10x_exti.o
 .debug_abbrev  0x0000160d      0x132 ..\obj\usb_sil.o
 .debug_abbrev  0x0000173f       0xca ..\obj\stm32_it.o
 .debug_abbrev  0x00001809      0x10d ..\obj\usb_endp.o
 .debug_abbrev  0x00001916      0x154 ..\obj\misc.o
 .debug_abbrev  0x00001a6a       0x9d ..\obj\usb_mem.o
 .debug_abbrev  0x00001b07      0x178 ..\obj\usb_istr.o

.debug_loc      0x00000000     0x29fc
 .debug_loc     0x00000000      0xa31 ..\obj\usb_core.o
 .debug_loc     0x00000a31       0xa3 ..\obj\usb_int.o
 .debug_loc     0x00000ad4       0xe8 ..\obj\system_stm32f10x.o
 .debug_loc     0x00000bbc      0xb96 ..\obj\usb_regs.o
 .debug_loc     0x00001752       0x22 ..\obj\startup_stm32f10x_md.o
 .debug_loc     0x00001774      0x13f ..\obj\hw_config.o
 .debug_loc     0x000018b3      0x1e5 ..\obj\usb_prop.o
 .debug_loc     0x00001a98      0x15e ..\obj\usb_pwr.o
 .debug_loc     0x00001bf6      0x6d9 ..\obj\stm32f10x_rcc.o
 .debug_loc     0x000022cf      0x1d4 ..\obj\stm32f10x_exti.o
 .debug_loc     0x000024a3       0xe0 ..\obj\usb_sil.o
 .debug_loc     0x00002583      0x1da ..\obj\misc.o
 .debug_loc     0x0000275d      0x25d ..\obj\usb_mem.o
 .debug_loc     0x000029ba       0x42 ..\obj\usb_istr.o

.debug_aranges  0x00000000      0x748
 .debug_aranges
                0x00000000       0x98 ..\obj\usb_core.o
 .debug_aranges
                0x00000098       0x28 ..\obj\usb_int.o
 .debug_aranges
                0x000000c0       0x28 ..\obj\system_stm32f10x.o
 .debug_aranges
                0x000000e8       0x18 ..\obj\usb_desc.o
 .debug_aranges
                0x00000100      0x1f0 ..\obj\usb_regs.o
 .debug_aranges
                0x000002f0       0x28 ..\obj\startup_stm32f10x_md.o
 .debug_aranges
                0x00000318       0x68 ..\obj\hw_config.o
 .debug_aranges
                0x00000380       0x88 ..\obj\usb_prop.o
 .debug_aranges
                0x00000408       0x40 ..\obj\usb_pwr.o
 .debug_aranges
                0x00000448       0x20 ..\obj\usb_init.o
 .debug_aranges
                0x00000468       0x20 ..\obj\main.o
 .debug_aranges
                0x00000488      0x118 ..\obj\stm32f10x_rcc.o
 .debug_aranges
                0x000005a0       0x58 ..\obj\stm32f10x_exti.o
 .debug_aranges
                0x000005f8       0x30 ..\obj\usb_sil.o
 .debug_aranges
                0x00000628       0x70 ..\obj\stm32_it.o
 .debug_aranges
                0x00000698       0x28 ..\obj\usb_endp.o
 .debug_aranges
                0x000006c0       0x40 ..\obj\misc.o
 .debug_aranges
                0x00000700       0x28 ..\obj\usb_mem.o
 .debug_aranges
                0x00000728       0x20 ..\obj\usb_istr.o

.debug_ranges   0x00000000      0x6c8
 .debug_ranges  0x00000000       0xd0 ..\obj\usb_core.o
 .debug_ranges  0x000000d0       0x18 ..\obj\usb_int.o
 .debug_ranges  0x000000e8       0x18 ..\obj\system_stm32f10x.o
 .debug_ranges  0x00000100      0x250 ..\obj\usb_regs.o
 .debug_ranges  0x00000350       0x18 ..\obj\startup_stm32f10x_md.o
 .debug_ranges  0x00000368       0x58 ..\obj\hw_config.o
 .debug_ranges  0x000003c0       0x78 ..\obj\usb_prop.o
 .debug_ranges  0x00000438       0x30 ..\obj\usb_pwr.o
 .debug_ranges  0x00000468       0x10 ..\obj\usb_init.o
 .debug_ranges  0x00000478       0x10 ..\obj\main.o
 .debug_ranges  0x00000488      0x108 ..\obj\stm32f10x_rcc.o
 .debug_ranges  0x00000590       0x48 ..\obj\stm32f10x_exti.o
 .debug_ranges  0x000005d8       0x20 ..\obj\usb_sil.o
 .debug_ranges  0x000005f8       0x60 ..\obj\stm32_it.o
 .debug_ranges  0x00000658       0x18 ..\obj\usb_endp.o
 .debug_ranges  0x00000670       0x30 ..\obj\misc.o
 .debug_ranges  0x000006a0       0x18 ..\obj\usb_mem.o
 .debug_ranges  0x000006b8       0x10 ..\obj\usb_istr.o

.debug_line     0x00000000     0x2b36
 .debug_line    0x00000000      0x45c ..\obj\usb_core.o
 .debug_line    0x0000045c      0x249 ..\obj\usb_int.o
 .debug_line    0x000006a5      0x17e ..\obj\system_stm32f10x.o
 .debug_line    0x00000823      0x105 ..\obj\usb_desc.o
 .debug_line    0x00000928      0x5dd ..\obj\usb_regs.o
 .debug_line    0x00000f05       0x94 ..\obj\startup_stm32f10x_md.o
 .debug_line    0x00000f99      0x300 ..\obj\hw_config.o
 .debug_line    0x00001299      0x2e3 ..\obj\usb_prop.o
 .debug_line    0x0000157c      0x27f ..\obj\usb_pwr.o
 .debug_line    0x000017fb      0x151 ..\obj\usb_init.o
 .debug_line    0x0000194c      0x167 ..\obj\main.o
 .debug_line    0x00001ab3      0x423 ..\obj\stm32f10x_rcc.o
 .debug_line    0x00001ed6      0x23c ..\obj\stm32f10x_exti.o
 .debug_line    0x00002112      0x18f ..\obj\usb_sil.o
 .debug_line    0x000022a1      0x22f ..\obj\stm32_it.o
 .debug_line    0x000024d0      0x16c ..\obj\usb_endp.o
 .debug_line    0x0000263c      0x1df ..\obj\misc.o
 .debug_line    0x0000281b      0x14f ..\obj\usb_mem.o
 .debug_line    0x0000296a      0x1cc ..\obj\usb_istr.o

.debug_str      0x00000000     0x2396
 .debug_str     0x00000000      0x94d ..\obj\usb_core.o
                                0xae4 (size before relaxing)
 .debug_str     0x0000094d       0x6b ..\obj\usb_int.o
                                0x214 (size before relaxing)
 .debug_str     0x000009b8      0x17e ..\obj\system_stm32f10x.o
                                0x2f3 (size before relaxing)
 .debug_str     0x00000b36       0xf1 ..\obj\usb_desc.o
                                0x22b (size before relaxing)
 .debug_str     0x00000c27      0x394 ..\obj\usb_regs.o
                                0x575 (size before relaxing)
 .debug_str     0x00000fbb       0xb1 ..\obj\startup_stm32f10x_md.o
                                0x153 (size before relaxing)
 .debug_str     0x0000106c      0x68f ..\obj\hw_config.o
                                0x982 (size before relaxing)
 .debug_str     0x000016fb      0x27f ..\obj\usb_prop.o
                                0xa15 (size before relaxing)
 .debug_str     0x0000197a      0x14c ..\obj\usb_pwr.o
                                0x413 (size before relaxing)
 .debug_str     0x00001ac6       0x47 ..\obj\usb_init.o
                                0x52d (size before relaxing)
 .debug_str     0x00001b0d       0x43 ..\obj\main.o
                                0x26d (size before relaxing)
 .debug_str     0x00001b50      0x3ac ..\obj\stm32f10x_rcc.o
                                0x61e (size before relaxing)
 .debug_str     0x00001efc       0xe0 ..\obj\stm32f10x_exti.o
                                0x34d (size before relaxing)
 .debug_str     0x00001fdc       0x7c ..\obj\usb_sil.o
                                0x255 (size before relaxing)
 .debug_str     0x00002058       0xfd ..\obj\stm32_it.o
                                0x250 (size before relaxing)
 .debug_str     0x00002155       0x55 ..\obj\usb_endp.o
                                0x211 (size before relaxing)
 .debug_str     0x000021aa      0x13c ..\obj\misc.o
                                0x3c2 (size before relaxing)
 .debug_str     0x000022e6       0x63 ..\obj\usb_mem.o
                                0x1ed (size before relaxing)
 .debug_str     0x00002349       0x4d ..\obj\usb_istr.o
                                0x3d1 (size before relaxing)

.comment        0x00000000       0x70
 .comment       0x00000000       0x70 ..\obj\usb_core.o
                                 0x71 (size before relaxing)
 .comment       0x00000000       0x71 ..\obj\usb_int.o
 .comment       0x00000000       0x71 ..\obj\system_stm32f10x.o
 .comment       0x00000000       0x71 ..\obj\usb_desc.o
 .comment       0x00000000       0x71 ..\obj\usb_regs.o
 .comment       0x00000000       0x71 ..\obj\startup_stm32f10x_md.o
 .comment       0x00000000       0x71 ..\obj\hw_config.o
 .comment       0x00000000       0x71 ..\obj\usb_prop.o
 .comment       0x00000000       0x71 ..\obj\usb_pwr.o
 .comment       0x00000000       0x71 ..\obj\usb_init.o
 .comment       0x00000000       0x71 ..\obj\main.o
 .comment       0x00000000       0x71 ..\obj\stm32f10x_rcc.o
 .comment       0x00000000       0x71 ..\obj\stm32f10x_exti.o
 .comment       0x00000000       0x71 ..\obj\usb_sil.o
 .comment       0x00000000       0x71 ..\obj\stm32_it.o
 .comment       0x00000000       0x71 ..\obj\usb_endp.o
 .comment       0x00000000       0x71 ..\obj\misc.o
 .comment       0x00000000       0x71 ..\obj\usb_mem.o
 .comment       0x00000000       0x71 ..\obj\usb_istr.o

.ARM.attributes
                0x00000000       0x33
 .ARM.attributes
                0x00000000       0x33 ..\obj\usb_core.o
 .ARM.attributes
                0x00000033       0x33 ..\obj\usb_int.o
 .ARM.attributes
                0x00000066       0x33 ..\obj\system_stm32f10x.o
 .ARM.attributes
                0x00000099       0x33 ..\obj\usb_desc.o
 .ARM.attributes
                0x000000cc       0x33 ..\obj\usb_regs.o
 .ARM.attributes
                0x000000ff       0x33 ..\obj\startup_stm32f10x_md.o
 .ARM.attributes
                0x00000132       0x33 ..\obj\hw_config.o
 .ARM.attributes
                0x00000165       0x33 ..\obj\usb_prop.o
 .ARM.attributes
                0x00000198       0x33 ..\obj\usb_pwr.o
 .ARM.attributes
                0x000001cb       0x33 ..\obj\usb_init.o
 .ARM.attributes
                0x000001fe       0x33 ..\obj\main.o
 .ARM.attributes
                0x00000231       0x33 ..\obj\stm32f10x_rcc.o
 .ARM.attributes
                0x00000264       0x33 ..\obj\stm32f10x_exti.o
 .ARM.attributes
                0x00000297       0x33 ..\obj\usb_sil.o
 .ARM.attributes
                0x000002ca       0x33 ..\obj\stm32_it.o
 .ARM.attributes
                0x000002fd       0x33 ..\obj\usb_endp.o
 .ARM.attributes
                0x00000330       0x33 ..\obj\misc.o
 .ARM.attributes
                0x00000363       0x33 ..\obj\usb_mem.o
 .ARM.attributes
                0x00000396       0x33 ..\obj\usb_istr.o

.debug_frame    0x00000000      0xe00
 .debug_frame   0x00000000      0x198 ..\obj\usb_core.o
 .debug_frame   0x00000198       0x4c ..\obj\usb_int.o
 .debug_frame   0x000001e4       0x34 ..\obj\system_stm32f10x.o
 .debug_frame   0x00000218      0x3d0 ..\obj\usb_regs.o
 .debug_frame   0x000005e8       0x38 ..\obj\startup_stm32f10x_md.o
 .debug_frame   0x00000620       0xf8 ..\obj\hw_config.o
 .debug_frame   0x00000718      0x120 ..\obj\usb_prop.o
 .debug_frame   0x00000838       0x8c ..\obj\usb_pwr.o
 .debug_frame   0x000008c4       0x28 ..\obj\usb_init.o
 .debug_frame   0x000008ec       0x2c ..\obj\main.o
 .debug_frame   0x00000918      0x224 ..\obj\stm32f10x_rcc.o
 .debug_frame   0x00000b3c       0x98 ..\obj\stm32f10x_exti.o
 .debug_frame   0x00000bd4       0x58 ..\obj\usb_sil.o
 .debug_frame   0x00000c2c       0xd0 ..\obj\stm32_it.o
 .debug_frame   0x00000cfc       0x38 ..\obj\usb_endp.o
 .debug_frame   0x00000d34       0x68 ..\obj\misc.o
 .debug_frame   0x00000d9c       0x38 ..\obj\usb_mem.o
 .debug_frame   0x00000dd4       0x2c ..\obj\usb_istr.o
